10.0.2.2 - - [08/Oct/2014:10:36:52 +0000] "GET /pdv/ext-users/ HTTP/1.1" 200 2783 "-" "Mozilla/5.0 (Macintosh; Intel Mac OS X 10_10_0) AppleWebKit/537.36 (KHTML, like Gecko) Chrome/37.0.2062.124 Safari/537.36"
10.0.2.2 - - [08/Oct/2014:10:36:52 +0000] "GET /pdv/ext-users/libs/angular.min.js HTTP/1.1" 200 107098 "http://localhost:7000/pdv/ext-users/" "Mozilla/5.0 (Macintosh; Intel Mac OS X 10_10_0) AppleWebKit/537.36 (KHTML, like Gecko) Chrome/37.0.2062.124 Safari/537.36"
10.0.2.2 - - [08/Oct/2014:10:36:52 +0000] "GET /pdv/ext-users/libs/angular-route.min.js HTTP/1.1" 200 3886 "http://localhost:7000/pdv/ext-users/" "Mozilla/5.0 (Macintosh; Intel Mac OS X 10_10_0) AppleWebKit/537.36 (KHTML, like Gecko) Chrome/37.0.2062.124 Safari/537.36"
10.0.2.2 - - [08/Oct/2014:10:36:52 +0000] "GET /pdv/ext-users/libs/lodash.min.js HTTP/1.1" 200 28151 "http://localhost:7000/pdv/ext-users/" "Mozilla/5.0 (Macintosh; Intel Mac OS X 10_10_0) AppleWebKit/537.36 (KHTML, like Gecko) Chrome/37.0.2062.124 Safari/537.36"
10.0.2.2 - - [08/Oct/2014:10:36:52 +0000] "GET /pdv/ext-users/js/app.js HTTP/1.1" 200 36 "http://localhost:7000/pdv/ext-users/" "Mozilla/5.0 (Macintosh; Intel Mac OS X 10_10_0) AppleWebKit/537.36 (KHTML, like Gecko) Chrome/37.0.2062.124 Safari/537.36"
10.0.2.2 - - [08/Oct/2014:10:36:52 +0000] "GET /pdv/ext-users/js/controllers/users.js HTTP/1.1" 200 1754 "http://localhost:7000/pdv/ext-users/" "Mozilla/5.0 (Macintosh; Intel Mac OS X 10_10_0) AppleWebKit/537.36 (KHTML, like Gecko) Chrome/37.0.2062.124 Safari/537.36"
10.0.2.2 - - [08/Oct/2014:10:36:52 +0000] "GET /pdv/ext-users/api/roles HTTP/1.1" 200 338 "http://localhost:7000/pdv/ext-users/" "Mozilla/5.0 (Macintosh; Intel Mac OS X 10_10_0) AppleWebKit/537.36 (KHTML, like Gecko) Chrome/37.0.2062.124 Safari/537.36"
10.0.2.2 - - [08/Oct/2014:10:36:52 +0000] "GET /pdv/ext-users/libs/angular.min.js.map HTTP/1.1" 304 0 "http://localhost:7000/pdv/ext-users/" "Mozilla/5.0 (Macintosh; Intel Mac OS X 10_10_0) AppleWebKit/537.36 (KHTML, like Gecko) Chrome/37.0.2062.124 Safari/537.36"
10.0.2.2 - - [08/Oct/2014:10:36:52 +0000] "GET /pdv/ext-users/libs/angular-route.min.js.map HTTP/1.1" 304 0 "http://localhost:7000/pdv/ext-users/" "Mozilla/5.0 (Macintosh; Intel Mac OS X 10_10_0) AppleWebKit/537.36 (KHTML, like Gecko) Chrome/37.0.2062.124 Safari/537.36"
172.17.42.1 - - [08/Oct/2014:10:36:53 +0000] "GET /pdv/remote/ws.rsp HTTP/1.1" 200 61 "-" "Go 1.1 package http"
10.0.2.2 - - [08/Oct/2014:10:36:53 +0000] "GET /pdv/ext-users/api/users HTTP/1.1" 200 515 "http://localhost:7000/pdv/ext-users/" "Mozilla/5.0 (Macintosh; Intel Mac OS X 10_10_0) AppleWebKit/537.36 (KHTML, like Gecko) Chrome/37.0.2062.124 Safari/537.36"
172.17.42.1 - - [08/Oct/2014:10:37:19 +0000] "GET /pdv/remote/ws.rsp HTTP/1.1" 200 61 "-" "Go 1.1 package http"
10.0.2.2 - - [08/Oct/2014:10:37:19 +0000] "DELETE /pdv/ext-users/api/users/11 HTTP/1.1" 200 7 "http://localhost:7000/pdv/ext-users/" "Mozilla/5.0 (Macintosh; Intel Mac OS X 10_10_0) AppleWebKit/537.36 (KHTML, like Gecko) Chrome/37.0.2062.124 Safari/537.36"
172.17.42.1 - - [08/Oct/2014:10:37:22 +0000] "GET /pdv/remote/ws.rsp HTTP/1.1" 200 61 "-" "Go 1.1 package http"
10.0.2.2 - - [08/Oct/2014:10:37:22 +0000] "DELETE /pdv/ext-users/api/users/415 HTTP/1.1" 200 7 "http://localhost:7000/pdv/ext-users/" "Mozilla/5.0 (Macintosh; Intel Mac OS X 10_10_0) AppleWebKit/537.36 (KHTML, like Gecko) Chrome/37.0.2062.124 Safari/537.36"
172.17.42.1 - - [08/Oct/2014:10:37:23 +0000] "GET /pdv/remote/ws.rsp HTTP/1.1" 200 61 "-" "Go 1.1 package http"
10.0.2.2 - - [08/Oct/2014:10:37:23 +0000] "DELETE /pdv/ext-users/api/users/428 HTTP/1.1" 200 7 "http://localhost:7000/pdv/ext-users/" "Mozilla/5.0 (Macintosh; Intel Mac OS X 10_10_0) AppleWebKit/537.36 (KHTML, like Gecko) Chrome/37.0.2062.124 Safari/537.36"
172.17.42.1 - - [08/Oct/2014:10:37:25 +0000] "GET /pdv/remote/ws.rsp HTTP/1.1" 200 61 "-" "Go 1.1 package http"
10.0.2.2 - - [08/Oct/2014:10:37:25 +0000] "DELETE /pdv/ext-users/api/users/2192 HTTP/1.1" 200 7 "http://localhost:7000/pdv/ext-users/" "Mozilla/5.0 (Macintosh; Intel Mac OS X 10_10_0) AppleWebKit/537.36 (KHTML, like Gecko) Chrome/37.0.2062.124 Safari/537.36"
172.17.42.1 - - [08/Oct/2014:10:37:27 +0000] "GET /pdv/remote/ws.rsp HTTP/1.1" 200 61 "-" "Go 1.1 package http"
10.0.2.2 - - [08/Oct/2014:10:37:27 +0000] "DELETE /pdv/ext-users/api/users/2241 HTTP/1.1" 200 7 "http://localhost:7000/pdv/ext-users/" "Mozilla/5.0 (Macintosh; Intel Mac OS X 10_10_0) AppleWebKit/537.36 (KHTML, like Gecko) Chrome/37.0.2062.124 Safari/537.36"
172.17.42.1 - - [08/Oct/2014:10:37:35 +0000] "GET /pdv/remote/ws.rsp HTTP/1.1" 200 61 "-" "Go 1.1 package http"
10.0.2.2 - - [08/Oct/2014:10:37:35 +0000] "DELETE /pdv/ext-users/api/users/61 HTTP/1.1" 200 7 "http://localhost:7000/pdv/ext-users/" "Mozilla/5.0 (Macintosh; Intel Mac OS X 10_10_0) AppleWebKit/537.36 (KHTML, like Gecko) Chrome/37.0.2062.124 Safari/537.36"
172.17.42.1 - - [08/Oct/2014:10:37:37 +0000] "GET /pdv/remote/ws.rsp HTTP/1.1" 200 61 "-" "Go 1.1 package http"
10.0.2.2 - - [08/Oct/2014:10:37:37 +0000] "DELETE /pdv/ext-users/api/users/1038 HTTP/1.1" 200 7 "http://localhost:7000/pdv/ext-users/" "Mozilla/5.0 (Macintosh; Intel Mac OS X 10_10_0) AppleWebKit/537.36 (KHTML, like Gecko) Chrome/37.0.2062.124 Safari/537.36"
10.0.2.2 - - [08/Oct/2014:10:37:40 +0000] "GET /pdv/ext-users/ HTTP/1.1" 200 2783 "-" "Mozilla/5.0 (Macintosh; Intel Mac OS X 10_10_0) AppleWebKit/537.36 (KHTML, like Gecko) Chrome/37.0.2062.124 Safari/537.36"
10.0.2.2 - - [08/Oct/2014:10:37:40 +0000] "GET /pdv/ext-users/libs/angular.min.js HTTP/1.1" 200 107098 "http://localhost:7000/pdv/ext-users/" "Mozilla/5.0 (Macintosh; Intel Mac OS X 10_10_0) AppleWebKit/537.36 (KHTML, like Gecko) Chrome/37.0.2062.124 Safari/537.36"
10.0.2.2 - - [08/Oct/2014:10:37:40 +0000] "GET /pdv/ext-users/libs/angular-route.min.js HTTP/1.1" 200 3886 "http://localhost:7000/pdv/ext-users/" "Mozilla/5.0 (Macintosh; Intel Mac OS X 10_10_0) AppleWebKit/537.36 (KHTML, like Gecko) Chrome/37.0.2062.124 Safari/537.36"
10.0.2.2 - - [08/Oct/2014:10:37:40 +0000] "GET /pdv/ext-users/libs/lodash.min.js HTTP/1.1" 200 28151 "http://localhost:7000/pdv/ext-users/" "Mozilla/5.0 (Macintosh; Intel Mac OS X 10_10_0) AppleWebKit/537.36 (KHTML, like Gecko) Chrome/37.0.2062.124 Safari/537.36"
10.0.2.2 - - [08/Oct/2014:10:37:40 +0000] "GET /pdv/ext-users/js/app.js HTTP/1.1" 200 36 "http://localhost:7000/pdv/ext-users/" "Mozilla/5.0 (Macintosh; Intel Mac OS X 10_10_0) AppleWebKit/537.36 (KHTML, like Gecko) Chrome/37.0.2062.124 Safari/537.36"
10.0.2.2 - - [08/Oct/2014:10:37:40 +0000] "GET /pdv/ext-users/js/controllers/users.js HTTP/1.1" 200 1754 "http://localhost:7000/pdv/ext-users/" "Mozilla/5.0 (Macintosh; Intel Mac OS X 10_10_0) AppleWebKit/537.36 (KHTML, like Gecko) Chrome/37.0.2062.124 Safari/537.36"
10.0.2.2 - - [08/Oct/2014:10:37:40 +0000] "GET /pdv/ext-users/api/roles HTTP/1.1" 200 338 "http://localhost:7000/pdv/ext-users/" "Mozilla/5.0 (Macintosh; Intel Mac OS X 10_10_0) AppleWebKit/537.36 (KHTML, like Gecko) Chrome/37.0.2062.124 Safari/537.36"
10.0.2.2 - - [08/Oct/2014:10:37:40 +0000] "GET /pdv/ext-users/libs/angular.min.js.map HTTP/1.1" 304 0 "http://localhost:7000/pdv/ext-users/" "Mozilla/5.0 (Macintosh; Intel Mac OS X 10_10_0) AppleWebKit/537.36 (KHTML, like Gecko) Chrome/37.0.2062.124 Safari/537.36"
10.0.2.2 - - [08/Oct/2014:10:37:40 +0000] "GET /pdv/ext-users/libs/angular-route.min.js.map HTTP/1.1" 304 0 "http://localhost:7000/pdv/ext-users/" "Mozilla/5.0 (Macintosh; Intel Mac OS X 10_10_0) AppleWebKit/537.36 (KHTML, like Gecko) Chrome/37.0.2062.124 Safari/537.36"
172.17.42.1 - - [08/Oct/2014:10:37:40 +0000] "GET /pdv/remote/ws.rsp HTTP/1.1" 200 61 "-" "Go 1.1 package http"
10.0.2.2 - - [08/Oct/2014:10:37:40 +0000] "GET /pdv/ext-users/api/users HTTP/1.1" 200 4 "http://localhost:7000/pdv/ext-users/" "Mozilla/5.0 (Macintosh; Intel Mac OS X 10_10_0) AppleWebKit/537.36 (KHTML, like Gecko) Chrome/37.0.2062.124 Safari/537.36"
10.0.2.2 - - [08/Oct/2014:10:41:24 +0000] "GET /pdv/ext-users/ HTTP/1.1" 200 2783 "-" "Mozilla/5.0 (Macintosh; Intel Mac OS X 10_10_0) AppleWebKit/537.36 (KHTML, like Gecko) Chrome/37.0.2062.124 Safari/537.36"
10.0.2.2 - - [08/Oct/2014:10:41:24 +0000] "GET /pdv/ext-users/libs/angular.min.js HTTP/1.1" 200 107098 "http://localhost:7000/pdv/ext-users/" "Mozilla/5.0 (Macintosh; Intel Mac OS X 10_10_0) AppleWebKit/537.36 (KHTML, like Gecko) Chrome/37.0.2062.124 Safari/537.36"
10.0.2.2 - - [08/Oct/2014:10:41:24 +0000] "GET /pdv/ext-users/libs/angular-route.min.js HTTP/1.1" 200 3886 "http://localhost:7000/pdv/ext-users/" "Mozilla/5.0 (Macintosh; Intel Mac OS X 10_10_0) AppleWebKit/537.36 (KHTML, like Gecko) Chrome/37.0.2062.124 Safari/537.36"
10.0.2.2 - - [08/Oct/2014:10:41:24 +0000] "GET /pdv/ext-users/libs/lodash.min.js HTTP/1.1" 200 28151 "http://localhost:7000/pdv/ext-users/" "Mozilla/5.0 (Macintosh; Intel Mac OS X 10_10_0) AppleWebKit/537.36 (KHTML, like Gecko) Chrome/37.0.2062.124 Safari/537.36"
10.0.2.2 - - [08/Oct/2014:10:41:24 +0000] "GET /pdv/ext-users/js/app.js HTTP/1.1" 200 36 "http://localhost:7000/pdv/ext-users/" "Mozilla/5.0 (Macintosh; Intel Mac OS X 10_10_0) AppleWebKit/537.36 (KHTML, like Gecko) Chrome/37.0.2062.124 Safari/537.36"
10.0.2.2 - - [08/Oct/2014:10:41:24 +0000] "GET /pdv/ext-users/js/controllers/users.js HTTP/1.1" 200 1761 "http://localhost:7000/pdv/ext-users/" "Mozilla/5.0 (Macintosh; Intel Mac OS X 10_10_0) AppleWebKit/537.36 (KHTML, like Gecko) Chrome/37.0.2062.124 Safari/537.36"
10.0.2.2 - - [08/Oct/2014:10:41:24 +0000] "GET /pdv/ext-users/libs/angular.min.js.map HTTP/1.1" 304 0 "http://localhost:7000/pdv/ext-users/" "Mozilla/5.0 (Macintosh; Intel Mac OS X 10_10_0) AppleWebKit/537.36 (KHTML, like Gecko) Chrome/37.0.2062.124 Safari/537.36"
10.0.2.2 - - [08/Oct/2014:10:41:24 +0000] "GET /pdv/ext-users/libs/angular-route.min.js.map HTTP/1.1" 304 0 "http://localhost:7000/pdv/ext-users/" "Mozilla/5.0 (Macintosh; Intel Mac OS X 10_10_0) AppleWebKit/537.36 (KHTML, like Gecko) Chrome/37.0.2062.124 Safari/537.36"
10.0.2.2 - - [08/Oct/2014:10:41:24 +0000] "GET /pdv/ext-users/api/roles HTTP/1.1" 200 338 "http://localhost:7000/pdv/ext-users/" "Mozilla/5.0 (Macintosh; Intel Mac OS X 10_10_0) AppleWebKit/537.36 (KHTML, like Gecko) Chrome/37.0.2062.124 Safari/537.36"
172.17.42.1 - - [08/Oct/2014:10:41:24 +0000] "GET /pdv/remote/ws.rsp HTTP/1.1" 200 61 "-" "Go 1.1 package http"
10.0.2.2 - - [08/Oct/2014:10:41:24 +0000] "GET /pdv/ext-users/api/users HTTP/1.1" 200 4 "http://localhost:7000/pdv/ext-users/" "Mozilla/5.0 (Macintosh; Intel Mac OS X 10_10_0) AppleWebKit/537.36 (KHTML, like Gecko) Chrome/37.0.2062.124 Safari/537.36"
10.0.2.2 - - [08/Oct/2014:10:41:40 +0000] "GET /pdv/ext-users/ HTTP/1.1" 200 2783 "-" "Mozilla/5.0 (Macintosh; Intel Mac OS X 10_10_0) AppleWebKit/537.36 (KHTML, like Gecko) Chrome/37.0.2062.124 Safari/537.36"
10.0.2.2 - - [08/Oct/2014:10:41:40 +0000] "GET /pdv/ext-users/libs/angular.min.js HTTP/1.1" 200 107098 "http://localhost:7000/pdv/ext-users/" "Mozilla/5.0 (Macintosh; Intel Mac OS X 10_10_0) AppleWebKit/537.36 (KHTML, like Gecko) Chrome/37.0.2062.124 Safari/537.36"
10.0.2.2 - - [08/Oct/2014:10:41:40 +0000] "GET /pdv/ext-users/libs/angular-route.min.js HTTP/1.1" 200 3886 "http://localhost:7000/pdv/ext-users/" "Mozilla/5.0 (Macintosh; Intel Mac OS X 10_10_0) AppleWebKit/537.36 (KHTML, like Gecko) Chrome/37.0.2062.124 Safari/537.36"
10.0.2.2 - - [08/Oct/2014:10:41:40 +0000] "GET /pdv/ext-users/libs/lodash.min.js HTTP/1.1" 200 28151 "http://localhost:7000/pdv/ext-users/" "Mozilla/5.0 (Macintosh; Intel Mac OS X 10_10_0) AppleWebKit/537.36 (KHTML, like Gecko) Chrome/37.0.2062.124 Safari/537.36"
10.0.2.2 - - [08/Oct/2014:10:41:40 +0000] "GET /pdv/ext-users/js/app.js HTTP/1.1" 200 36 "http://localhost:7000/pdv/ext-users/" "Mozilla/5.0 (Macintosh; Intel Mac OS X 10_10_0) AppleWebKit/537.36 (KHTML, like Gecko) Chrome/37.0.2062.124 Safari/537.36"
10.0.2.2 - - [08/Oct/2014:10:41:40 +0000] "GET /pdv/ext-users/js/controllers/users.js HTTP/1.1" 200 1759 "http://localhost:7000/pdv/ext-users/" "Mozilla/5.0 (Macintosh; Intel Mac OS X 10_10_0) AppleWebKit/537.36 (KHTML, like Gecko) Chrome/37.0.2062.124 Safari/537.36"
10.0.2.2 - - [08/Oct/2014:10:41:40 +0000] "GET /pdv/ext-users/api/roles HTTP/1.1" 200 338 "http://localhost:7000/pdv/ext-users/" "Mozilla/5.0 (Macintosh; Intel Mac OS X 10_10_0) AppleWebKit/537.36 (KHTML, like Gecko) Chrome/37.0.2062.124 Safari/537.36"
10.0.2.2 - - [08/Oct/2014:10:41:40 +0000] "GET /pdv/ext-users/libs/angular.min.js.map HTTP/1.1" 304 0 "http://localhost:7000/pdv/ext-users/" "Mozilla/5.0 (Macintosh; Intel Mac OS X 10_10_0) AppleWebKit/537.36 (KHTML, like Gecko) Chrome/37.0.2062.124 Safari/537.36"
10.0.2.2 - - [08/Oct/2014:10:41:40 +0000] "GET /pdv/ext-users/libs/angular-route.min.js.map HTTP/1.1" 304 0 "http://localhost:7000/pdv/ext-users/" "Mozilla/5.0 (Macintosh; Intel Mac OS X 10_10_0) AppleWebKit/537.36 (KHTML, like Gecko) Chrome/37.0.2062.124 Safari/537.36"
172.17.42.1 - - [08/Oct/2014:10:41:40 +0000] "GET /pdv/remote/ws.rsp HTTP/1.1" 200 61 "-" "Go 1.1 package http"
10.0.2.2 - - [08/Oct/2014:10:41:40 +0000] "GET /pdv/ext-users/api/users HTTP/1.1" 200 4 "http://localhost:7000/pdv/ext-users/" "Mozilla/5.0 (Macintosh; Intel Mac OS X 10_10_0) AppleWebKit/537.36 (KHTML, like Gecko) Chrome/37.0.2062.124 Safari/537.36"
10.0.2.2 - - [08/Oct/2014:10:42:26 +0000] "GET /pdv/ext-users/ HTTP/1.1" 200 2783 "-" "Mozilla/5.0 (Macintosh; Intel Mac OS X 10_10_0) AppleWebKit/537.36 (KHTML, like Gecko) Chrome/37.0.2062.124 Safari/537.36"
10.0.2.2 - - [08/Oct/2014:10:42:26 +0000] "GET /pdv/ext-users/libs/angular.min.js HTTP/1.1" 200 107098 "http://localhost:7000/pdv/ext-users/" "Mozilla/5.0 (Macintosh; Intel Mac OS X 10_10_0) AppleWebKit/537.36 (KHTML, like Gecko) Chrome/37.0.2062.124 Safari/537.36"
10.0.2.2 - - [08/Oct/2014:10:42:26 +0000] "GET /pdv/ext-users/libs/angular-route.min.js HTTP/1.1" 200 3886 "http://localhost:7000/pdv/ext-users/" "Mozilla/5.0 (Macintosh; Intel Mac OS X 10_10_0) AppleWebKit/537.36 (KHTML, like Gecko) Chrome/37.0.2062.124 Safari/537.36"
10.0.2.2 - - [08/Oct/2014:10:42:26 +0000] "GET /pdv/ext-users/libs/lodash.min.js HTTP/1.1" 200 28151 "http://localhost:7000/pdv/ext-users/" "Mozilla/5.0 (Macintosh; Intel Mac OS X 10_10_0) AppleWebKit/537.36 (KHTML, like Gecko) Chrome/37.0.2062.124 Safari/537.36"
10.0.2.2 - - [08/Oct/2014:10:42:26 +0000] "GET /pdv/ext-users/js/app.js HTTP/1.1" 200 36 "http://localhost:7000/pdv/ext-users/" "Mozilla/5.0 (Macintosh; Intel Mac OS X 10_10_0) AppleWebKit/537.36 (KHTML, like Gecko) Chrome/37.0.2062.124 Safari/537.36"
10.0.2.2 - - [08/Oct/2014:10:42:26 +0000] "GET /pdv/ext-users/js/controllers/users.js HTTP/1.1" 200 1763 "http://localhost:7000/pdv/ext-users/" "Mozilla/5.0 (Macintosh; Intel Mac OS X 10_10_0) AppleWebKit/537.36 (KHTML, like Gecko) Chrome/37.0.2062.124 Safari/537.36"
10.0.2.2 - - [08/Oct/2014:10:42:26 +0000] "GET /pdv/ext-users/api/roles HTTP/1.1" 200 338 "http://localhost:7000/pdv/ext-users/" "Mozilla/5.0 (Macintosh; Intel Mac OS X 10_10_0) AppleWebKit/537.36 (KHTML, like Gecko) Chrome/37.0.2062.124 Safari/537.36"
10.0.2.2 - - [08/Oct/2014:10:42:26 +0000] "GET /pdv/ext-users/libs/angular.min.js.map HTTP/1.1" 304 0 "http://localhost:7000/pdv/ext-users/" "Mozilla/5.0 (Macintosh; Intel Mac OS X 10_10_0) AppleWebKit/537.36 (KHTML, like Gecko) Chrome/37.0.2062.124 Safari/537.36"
10.0.2.2 - - [08/Oct/2014:10:42:26 +0000] "GET /pdv/ext-users/libs/angular-route.min.js.map HTTP/1.1" 304 0 "http://localhost:7000/pdv/ext-users/" "Mozilla/5.0 (Macintosh; Intel Mac OS X 10_10_0) AppleWebKit/537.36 (KHTML, like Gecko) Chrome/37.0.2062.124 Safari/537.36"
172.17.42.1 - - [08/Oct/2014:10:42:27 +0000] "GET /pdv/remote/ws.rsp HTTP/1.1" 200 61 "-" "Go 1.1 package http"
10.0.2.2 - - [08/Oct/2014:10:42:27 +0000] "GET /pdv/ext-users/api/users HTTP/1.1" 200 4 "http://localhost:7000/pdv/ext-users/" "Mozilla/5.0 (Macintosh; Intel Mac OS X 10_10_0) AppleWebKit/537.36 (KHTML, like Gecko) Chrome/37.0.2062.124 Safari/537.36"
172.17.42.1 - - [08/Oct/2014:10:49:01 +0000] "GET /pdv/remote/ws.rsp HTTP/1.1" 200 61 "-" "Go 1.1 package http"
172.17.42.1 - - [08/Oct/2014:10:50:18 +0000] "GET /pdv/remote/ws.rsp HTTP/1.1" 200 61 "-" "Go 1.1 package http"
172.17.42.1 - - [08/Oct/2014:10:50:35 +0000] "GET /pdv/remote/ws.rsp HTTP/1.1" 200 61 "-" "Go 1.1 package http"
172.17.42.1 - - [08/Oct/2014:10:51:52 +0000] "GET /pdv/remote/ws.rsp HTTP/1.1" 200 61 "-" "Go 1.1 package http"
172.17.42.1 - - [08/Oct/2014:10:52:22 +0000] "GET /pdv/remote/ws.rsp HTTP/1.1" 200 61 "-" "Go 1.1 package http"
172.17.42.1 - - [08/Oct/2014:10:53:20 +0000] "GET /pdv/remote/ws.rsp HTTP/1.1" 200 61 "-" "Go 1.1 package http"
172.17.42.1 - - [08/Oct/2014:10:55:00 +0000] "GET /pdv/remote/ws.rsp HTTP/1.1" 200 61 "-" "Go 1.1 package http"
10.0.2.2 - - [08/Oct/2014:10:57:27 +0000] "GET /pdv HTTP/1.1" 301 5 "-" "Mozilla/5.0 (Macintosh; Intel Mac OS X 10_10_0) AppleWebKit/537.36 (KHTML, like Gecko) Chrome/37.0.2062.124 Safari/537.36"
10.0.2.2 - - [08/Oct/2014:10:57:27 +0000] "GET /pdv/ HTTP/1.1" 200 3939 "-" "Mozilla/5.0 (Macintosh; Intel Mac OS X 10_10_0) AppleWebKit/537.36 (KHTML, like Gecko) Chrome/37.0.2062.124 Safari/537.36"
10.0.2.2 - - [08/Oct/2014:10:57:32 +0000] "POST /pdv/ HTTP/1.1" 200 14710 "http://localhost:7000/pdv/" "Mozilla/5.0 (Macintosh; Intel Mac OS X 10_10_0) AppleWebKit/537.36 (KHTML, like Gecko) Chrome/37.0.2062.124 Safari/537.36"
10.0.2.2 - - [08/Oct/2014:10:57:34 +0000] "GET /pdv/ext-users/ HTTP/1.1" 304 0 "-" "Mozilla/5.0 (Macintosh; Intel Mac OS X 10_10_0) AppleWebKit/537.36 (KHTML, like Gecko) Chrome/37.0.2062.124 Safari/537.36"
10.0.2.2 - - [08/Oct/2014:10:57:34 +0000] "GET /pdv/ext-users/libs/lodash.min.js HTTP/1.1" 304 0 "http://localhost:7000/pdv/ext-users/" "Mozilla/5.0 (Macintosh; Intel Mac OS X 10_10_0) AppleWebKit/537.36 (KHTML, like Gecko) Chrome/37.0.2062.124 Safari/537.36"
10.0.2.2 - - [08/Oct/2014:10:57:34 +0000] "GET /pdv/ext-users/js/controllers/users.js HTTP/1.1" 200 1688 "http://localhost:7000/pdv/ext-users/" "Mozilla/5.0 (Macintosh; Intel Mac OS X 10_10_0) AppleWebKit/537.36 (KHTML, like Gecko) Chrome/37.0.2062.124 Safari/537.36"
10.0.2.2 - - [08/Oct/2014:10:57:35 +0000] "GET /pdv/ext-users/api/roles HTTP/1.1" 200 338 "http://localhost:7000/pdv/ext-users/" "Mozilla/5.0 (Macintosh; Intel Mac OS X 10_10_0) AppleWebKit/537.36 (KHTML, like Gecko) Chrome/37.0.2062.124 Safari/537.36"
172.17.42.1 - - [08/Oct/2014:10:57:35 +0000] "GET /pdv/remote/ws.rsp HTTP/1.1" 200 61 "-" "Go 1.1 package http"
10.0.2.2 - - [08/Oct/2014:10:57:35 +0000] "GET /pdv/ext-users/api/users HTTP/1.1" 200 515 "http://localhost:7000/pdv/ext-users/" "Mozilla/5.0 (Macintosh; Intel Mac OS X 10_10_0) AppleWebKit/537.36 (KHTML, like Gecko) Chrome/37.0.2062.124 Safari/537.36"
10.0.2.2 - - [08/Oct/2014:10:57:35 +0000] "GET /pdv/ext-users/libs/lodash.min.js HTTP/1.1" 304 0 "http://localhost:7000/pdv/ext-users/" "Mozilla/5.0 (Macintosh; Intel Mac OS X 10_10_0) AppleWebKit/537.36 (KHTML, like Gecko) Chrome/37.0.2062.124 Safari/537.36"
10.0.2.2 - - [08/Oct/2014:10:57:35 +0000] "GET /pdv/ext-users/js/controllers/users.js HTTP/1.1" 200 1688 "http://localhost:7000/pdv/ext-users/" "Mozilla/5.0 (Macintosh; Intel Mac OS X 10_10_0) AppleWebKit/537.36 (KHTML, like Gecko) Chrome/37.0.2062.124 Safari/537.36"
10.0.2.2 - - [08/Oct/2014:10:57:35 +0000] "GET /pdv/ext-users/api/roles HTTP/1.1" 200 338 "http://localhost:7000/pdv/ext-users/" "Mozilla/5.0 (Macintosh; Intel Mac OS X 10_10_0) AppleWebKit/537.36 (KHTML, like Gecko) Chrome/37.0.2062.124 Safari/537.36"
10.0.2.2 - - [08/Oct/2014:10:57:35 +0000] "GET /pdv/ext-users/libs/angular.min.js.map HTTP/1.1" 304 0 "http://localhost:7000/pdv/ext-users/" "Mozilla/5.0 (Macintosh; Intel Mac OS X 10_10_0) AppleWebKit/537.36 (KHTML, like Gecko) Chrome/37.0.2062.124 Safari/537.36"
10.0.2.2 - - [08/Oct/2014:10:57:35 +0000] "GET /pdv/ext-users/libs/angular-route.min.js.map HTTP/1.1" 304 0 "http://localhost:7000/pdv/ext-users/" "Mozilla/5.0 (Macintosh; Intel Mac OS X 10_10_0) AppleWebKit/537.36 (KHTML, like Gecko) Chrome/37.0.2062.124 Safari/537.36"
172.17.42.1 - - [08/Oct/2014:10:57:35 +0000] "GET /pdv/remote/ws.rsp HTTP/1.1" 200 61 "-" "Go 1.1 package http"
10.0.2.2 - - [08/Oct/2014:10:57:35 +0000] "GET /pdv/ext-users/api/users HTTP/1.1" 200 515 "http://localhost:7000/pdv/ext-users/" "Mozilla/5.0 (Macintosh; Intel Mac OS X 10_10_0) AppleWebKit/537.36 (KHTML, like Gecko) Chrome/37.0.2062.124 Safari/537.36"
172.17.42.1 - - [08/Oct/2014:10:57:48 +0000] "GET /pdv/remote/ws.rsp HTTP/1.1" 200 61 "-" "Go 1.1 package http"
10.0.2.2 - - [08/Oct/2014:10:57:48 +0000] "DELETE /pdv/ext-users/api/users/2241 HTTP/1.1" 200 7 "http://localhost:7000/pdv/ext-users/" "Mozilla/5.0 (Macintosh; Intel Mac OS X 10_10_0) AppleWebKit/537.36 (KHTML, like Gecko) Chrome/37.0.2062.124 Safari/537.36"
172.17.42.1 - - [08/Oct/2014:10:57:51 +0000] "GET /pdv/remote/ws.rsp HTTP/1.1" 200 61 "-" "Go 1.1 package http"
10.0.2.2 - - [08/Oct/2014:10:57:51 +0000] "DELETE /pdv/ext-users/api/users/2192 HTTP/1.1" 200 7 "http://localhost:7000/pdv/ext-users/" "Mozilla/5.0 (Macintosh; Intel Mac OS X 10_10_0) AppleWebKit/537.36 (KHTML, like Gecko) Chrome/37.0.2062.124 Safari/537.36"
172.17.42.1 - - [08/Oct/2014:10:57:53 +0000] "GET /pdv/remote/ws.rsp HTTP/1.1" 200 61 "-" "Go 1.1 package http"
10.0.2.2 - - [08/Oct/2014:10:57:53 +0000] "DELETE /pdv/ext-users/api/users/1038 HTTP/1.1" 200 7 "http://localhost:7000/pdv/ext-users/" "Mozilla/5.0 (Macintosh; Intel Mac OS X 10_10_0) AppleWebKit/537.36 (KHTML, like Gecko) Chrome/37.0.2062.124 Safari/537.36"
172.17.42.1 - - [08/Oct/2014:10:57:55 +0000] "GET /pdv/remote/ws.rsp HTTP/1.1" 200 61 "-" "Go 1.1 package http"
10.0.2.2 - - [08/Oct/2014:10:57:55 +0000] "DELETE /pdv/ext-users/api/users/428 HTTP/1.1" 200 7 "http://localhost:7000/pdv/ext-users/" "Mozilla/5.0 (Macintosh; Intel Mac OS X 10_10_0) AppleWebKit/537.36 (KHTML, like Gecko) Chrome/37.0.2062.124 Safari/537.36"
172.17.42.1 - - [08/Oct/2014:10:57:57 +0000] "GET /pdv/remote/ws.rsp HTTP/1.1" 200 61 "-" "Go 1.1 package http"
10.0.2.2 - - [08/Oct/2014:10:57:57 +0000] "DELETE /pdv/ext-users/api/users/415 HTTP/1.1" 200 7 "http://localhost:7000/pdv/ext-users/" "Mozilla/5.0 (Macintosh; Intel Mac OS X 10_10_0) AppleWebKit/537.36 (KHTML, like Gecko) Chrome/37.0.2062.124 Safari/537.36"
172.17.42.1 - - [08/Oct/2014:10:57:59 +0000] "GET /pdv/remote/ws.rsp HTTP/1.1" 200 61 "-" "Go 1.1 package http"
10.0.2.2 - - [08/Oct/2014:10:57:59 +0000] "DELETE /pdv/ext-users/api/users/61 HTTP/1.1" 200 7 "http://localhost:7000/pdv/ext-users/" "Mozilla/5.0 (Macintosh; Intel Mac OS X 10_10_0) AppleWebKit/537.36 (KHTML, like Gecko) Chrome/37.0.2062.124 Safari/537.36"
172.17.42.1 - - [08/Oct/2014:10:58:02 +0000] "GET /pdv/remote/ws.rsp HTTP/1.1" 200 61 "-" "Go 1.1 package http"
10.0.2.2 - - [08/Oct/2014:10:58:02 +0000] "DELETE /pdv/ext-users/api/users/11 HTTP/1.1" 200 7 "http://localhost:7000/pdv/ext-users/" "Mozilla/5.0 (Macintosh; Intel Mac OS X 10_10_0) AppleWebKit/537.36 (KHTML, like Gecko) Chrome/37.0.2062.124 Safari/537.36"
10.0.2.2 - - [08/Oct/2014:11:27:28 +0000] "GET /admin/utilisateurs.rsp HTTP/1.1" 302 5 "http://localhost:7000/admin/index.rsp" "Mozilla/5.0 (Macintosh; Intel Mac OS X 10_10_0) AppleWebKit/537.36 (KHTML, like Gecko) Chrome/37.0.2062.124 Safari/537.36"
10.0.2.2 - - [08/Oct/2014:11:27:28 +0000] "GET /pdv/ext-users/ HTTP/1.1" 200 2783 "-" "Mozilla/5.0 (Macintosh; Intel Mac OS X 10_10_0) AppleWebKit/537.36 (KHTML, like Gecko) Chrome/37.0.2062.124 Safari/537.36"
10.0.2.2 - - [08/Oct/2014:11:27:28 +0000] "GET /pdv/ext-users/libs/lodash.min.js HTTP/1.1" 304 0 "http://localhost:7000/pdv/ext-users/" "Mozilla/5.0 (Macintosh; Intel Mac OS X 10_10_0) AppleWebKit/537.36 (KHTML, like Gecko) Chrome/37.0.2062.124 Safari/537.36"
10.0.2.2 - - [08/Oct/2014:11:27:28 +0000] "GET /pdv/ext-users/js/controllers/users.js HTTP/1.1" 200 1688 "http://localhost:7000/pdv/ext-users/" "Mozilla/5.0 (Macintosh; Intel Mac OS X 10_10_0) AppleWebKit/537.36 (KHTML, like Gecko) Chrome/37.0.2062.124 Safari/537.36"
10.0.2.2 - - [08/Oct/2014:11:27:28 +0000] "GET /pdv/ext-users/api/roles HTTP/1.1" 200 338 "http://localhost:7000/pdv/ext-users/" "Mozilla/5.0 (Macintosh; Intel Mac OS X 10_10_0) AppleWebKit/537.36 (KHTML, like Gecko) Chrome/37.0.2062.124 Safari/537.36"
172.17.42.1 - - [08/Oct/2014:11:27:28 +0000] "GET /pdv/remote/ws.rsp HTTP/1.1" 200 61 "-" "Go 1.1 package http"
10.0.2.2 - - [08/Oct/2014:11:27:28 +0000] "GET /pdv/ext-users/api/users HTTP/1.1" 200 2 "http://localhost:7000/pdv/ext-users/" "Mozilla/5.0 (Macintosh; Intel Mac OS X 10_10_0) AppleWebKit/537.36 (KHTML, like Gecko) Chrome/37.0.2062.124 Safari/537.36"
10.0.2.2 - - [08/Oct/2014:11:27:29 +0000] "GET /admin/index.rsp HTTP/1.1" 200 4635 "http://localhost:7000/admin/index.rsp" "Mozilla/5.0 (Macintosh; Intel Mac OS X 10_10_0) AppleWebKit/537.36 (KHTML, like Gecko) Chrome/37.0.2062.124 Safari/537.36"
10.0.2.2 - - [08/Oct/2014:12:51:18 +0000] "GET /pdv/ext-users/ HTTP/1.1" 304 0 "-" "Mozilla/5.0 (Macintosh; Intel Mac OS X 10_10_0) AppleWebKit/537.36 (KHTML, like Gecko) Chrome/37.0.2062.124 Safari/537.36"
10.0.2.2 - - [08/Oct/2014:12:51:18 +0000] "GET /pdv/ext-users/libs/angular-route.min.js HTTP/1.1" 304 0 "http://localhost:7000/pdv/ext-users/" "Mozilla/5.0 (Macintosh; Intel Mac OS X 10_10_0) AppleWebKit/537.36 (KHTML, like Gecko) Chrome/37.0.2062.124 Safari/537.36"
10.0.2.2 - - [08/Oct/2014:12:51:18 +0000] "GET /pdv/ext-users/libs/lodash.min.js HTTP/1.1" 304 0 "http://localhost:7000/pdv/ext-users/" "Mozilla/5.0 (Macintosh; Intel Mac OS X 10_10_0) AppleWebKit/537.36 (KHTML, like Gecko) Chrome/37.0.2062.124 Safari/537.36"
10.0.2.2 - - [08/Oct/2014:12:51:18 +0000] "GET /pdv/ext-users/js/app.js HTTP/1.1" 304 0 "http://localhost:7000/pdv/ext-users/" "Mozilla/5.0 (Macintosh; Intel Mac OS X 10_10_0) AppleWebKit/537.36 (KHTML, like Gecko) Chrome/37.0.2062.124 Safari/537.36"
10.0.2.2 - - [08/Oct/2014:12:51:18 +0000] "GET /pdv/ext-users/libs/angular.min.js HTTP/1.1" 304 0 "http://localhost:7000/pdv/ext-users/" "Mozilla/5.0 (Macintosh; Intel Mac OS X 10_10_0) AppleWebKit/537.36 (KHTML, like Gecko) Chrome/37.0.2062.124 Safari/537.36"
10.0.2.2 - - [08/Oct/2014:12:51:18 +0000] "GET /pdv/ext-users/js/controllers/users.js HTTP/1.1" 304 0 "http://localhost:7000/pdv/ext-users/" "Mozilla/5.0 (Macintosh; Intel Mac OS X 10_10_0) AppleWebKit/537.36 (KHTML, like Gecko) Chrome/37.0.2062.124 Safari/537.36"
10.0.2.2 - - [08/Oct/2014:12:51:18 +0000] "GET /pdv/ext-users/api/roles HTTP/1.1" 200 338 "http://localhost:7000/pdv/ext-users/" "Mozilla/5.0 (Macintosh; Intel Mac OS X 10_10_0) AppleWebKit/537.36 (KHTML, like Gecko) Chrome/37.0.2062.124 Safari/537.36"
172.17.42.1 - - [08/Oct/2014:12:51:18 +0000] "GET /pdv/remote/ws.rsp HTTP/1.1" 302 5 "-" "Go 1.1 package http"
10.0.2.2 - - [08/Oct/2014:12:51:18 +0000] "GET /pdv/ext-users/api/users HTTP/1.1" 401 6 "http://localhost:7000/pdv/ext-users/" "Mozilla/5.0 (Macintosh; Intel Mac OS X 10_10_0) AppleWebKit/537.36 (KHTML, like Gecko) Chrome/37.0.2062.124 Safari/537.36"
10.0.2.2 - - [08/Oct/2014:12:51:23 +0000] "GET /pdv HTTP/1.1" 301 5 "-" "Mozilla/5.0 (Macintosh; Intel Mac OS X 10_10_0) AppleWebKit/537.36 (KHTML, like Gecko) Chrome/37.0.2062.124 Safari/537.36"
10.0.2.2 - - [08/Oct/2014:12:51:23 +0000] "GET /pdv/ HTTP/1.1" 499 0 "-" "Mozilla/5.0 (Macintosh; Intel Mac OS X 10_10_0) AppleWebKit/537.36 (KHTML, like Gecko) Chrome/37.0.2062.124 Safari/537.36"
10.0.2.2 - - [08/Oct/2014:12:51:23 +0000] "GET /pdv/ HTTP/1.1" 200 3954 "-" "Mozilla/5.0 (Macintosh; Intel Mac OS X 10_10_0) AppleWebKit/537.36 (KHTML, like Gecko) Chrome/37.0.2062.124 Safari/537.36"
10.0.2.2 - - [08/Oct/2014:12:51:28 +0000] "POST /pdv/ HTTP/1.1" 200 14709 "http://localhost:7000/pdv/" "Mozilla/5.0 (Macintosh; Intel Mac OS X 10_10_0) AppleWebKit/537.36 (KHTML, like Gecko) Chrome/37.0.2062.124 Safari/537.36"
10.0.2.2 - - [08/Oct/2014:12:51:32 +0000] "GET /pdv/ext-users/api/roles HTTP/1.1" 200 338 "http://localhost:7000/pdv/ext-users/" "Mozilla/5.0 (Macintosh; Intel Mac OS X 10_10_0) AppleWebKit/537.36 (KHTML, like Gecko) Chrome/37.0.2062.124 Safari/537.36"
172.17.42.1 - - [08/Oct/2014:12:51:32 +0000] "GET /pdv/remote/ws.rsp HTTP/1.1" 200 61 "-" "Go 1.1 package http"
10.0.2.2 - - [08/Oct/2014:12:51:32 +0000] "GET /pdv/ext-users/api/users HTTP/1.1" 200 515 "http://localhost:7000/pdv/ext-users/" "Mozilla/5.0 (Macintosh; Intel Mac OS X 10_10_0) AppleWebKit/537.36 (KHTML, like Gecko) Chrome/37.0.2062.124 Safari/537.36"
10.0.2.2 - - [08/Oct/2014:12:54:17 +0000] "GET /pdv/ext-users/ HTTP/1.1" 200 2854 "-" "Mozilla/5.0 (Macintosh; Intel Mac OS X 10_10_0) AppleWebKit/537.36 (KHTML, like Gecko) Chrome/37.0.2062.124 Safari/537.36"
10.0.2.2 - - [08/Oct/2014:12:54:17 +0000] "GET /pdv/ext-users/libs/angular.min.js HTTP/1.1" 200 107098 "http://localhost:7000/pdv/ext-users/" "Mozilla/5.0 (Macintosh; Intel Mac OS X 10_10_0) AppleWebKit/537.36 (KHTML, like Gecko) Chrome/37.0.2062.124 Safari/537.36"
10.0.2.2 - - [08/Oct/2014:12:54:17 +0000] "GET /pdv/ext-users/libs/angular-route.min.js HTTP/1.1" 200 3886 "http://localhost:7000/pdv/ext-users/" "Mozilla/5.0 (Macintosh; Intel Mac OS X 10_10_0) AppleWebKit/537.36 (KHTML, like Gecko) Chrome/37.0.2062.124 Safari/537.36"
10.0.2.2 - - [08/Oct/2014:12:54:17 +0000] "GET /pdv/ext-users/libs/lodash.min.js HTTP/1.1" 200 28151 "http://localhost:7000/pdv/ext-users/" "Mozilla/5.0 (Macintosh; Intel Mac OS X 10_10_0) AppleWebKit/537.36 (KHTML, like Gecko) Chrome/37.0.2062.124 Safari/537.36"
10.0.2.2 - - [08/Oct/2014:12:54:17 +0000] "GET /pdv/ext-users/js/app.js HTTP/1.1" 200 36 "http://localhost:7000/pdv/ext-users/" "Mozilla/5.0 (Macintosh; Intel Mac OS X 10_10_0) AppleWebKit/537.36 (KHTML, like Gecko) Chrome/37.0.2062.124 Safari/537.36"
10.0.2.2 - - [08/Oct/2014:12:54:17 +0000] "GET /pdv/ext-users/js/controllers/users.js HTTP/1.1" 200 1688 "http://localhost:7000/pdv/ext-users/" "Mozilla/5.0 (Macintosh; Intel Mac OS X 10_10_0) AppleWebKit/537.36 (KHTML, like Gecko) Chrome/37.0.2062.124 Safari/537.36"
10.0.2.2 - - [08/Oct/2014:12:54:17 +0000] "GET /pdv/ext-users/api/roles HTTP/1.1" 200 338 "http://localhost:7000/pdv/ext-users/" "Mozilla/5.0 (Macintosh; Intel Mac OS X 10_10_0) AppleWebKit/537.36 (KHTML, like Gecko) Chrome/37.0.2062.124 Safari/537.36"
172.17.42.1 - - [08/Oct/2014:12:54:18 +0000] "GET /pdv/remote/ws.rsp HTTP/1.1" 200 61 "-" "Go 1.1 package http"
10.0.2.2 - - [08/Oct/2014:12:54:18 +0000] "GET /pdv/ext-users/api/users HTTP/1.1" 200 515 "http://localhost:7000/pdv/ext-users/" "Mozilla/5.0 (Macintosh; Intel Mac OS X 10_10_0) AppleWebKit/537.36 (KHTML, like Gecko) Chrome/37.0.2062.124 Safari/537.36"
10.0.2.2 - - [08/Oct/2014:12:54:54 +0000] "GET /pdv/ext-users/ HTTP/1.1" 200 2858 "-" "Mozilla/5.0 (Macintosh; Intel Mac OS X 10_10_0) AppleWebKit/537.36 (KHTML, like Gecko) Chrome/37.0.2062.124 Safari/537.36"
10.0.2.2 - - [08/Oct/2014:12:54:54 +0000] "GET /pdv/ext-users/libs/angular.min.js HTTP/1.1" 200 107098 "http://localhost:7000/pdv/ext-users/" "Mozilla/5.0 (Macintosh; Intel Mac OS X 10_10_0) AppleWebKit/537.36 (KHTML, like Gecko) Chrome/37.0.2062.124 Safari/537.36"
10.0.2.2 - - [08/Oct/2014:12:54:54 +0000] "GET /pdv/ext-users/libs/angular-route.min.js HTTP/1.1" 200 3886 "http://localhost:7000/pdv/ext-users/" "Mozilla/5.0 (Macintosh; Intel Mac OS X 10_10_0) AppleWebKit/537.36 (KHTML, like Gecko) Chrome/37.0.2062.124 Safari/537.36"
10.0.2.2 - - [08/Oct/2014:12:54:54 +0000] "GET /pdv/ext-users/libs/lodash.min.js HTTP/1.1" 200 28151 "http://localhost:7000/pdv/ext-users/" "Mozilla/5.0 (Macintosh; Intel Mac OS X 10_10_0) AppleWebKit/537.36 (KHTML, like Gecko) Chrome/37.0.2062.124 Safari/537.36"
10.0.2.2 - - [08/Oct/2014:12:54:54 +0000] "GET /pdv/ext-users/js/app.js HTTP/1.1" 200 36 "http://localhost:7000/pdv/ext-users/" "Mozilla/5.0 (Macintosh; Intel Mac OS X 10_10_0) AppleWebKit/537.36 (KHTML, like Gecko) Chrome/37.0.2062.124 Safari/537.36"
10.0.2.2 - - [08/Oct/2014:12:54:54 +0000] "GET /pdv/ext-users/js/controllers/users.js HTTP/1.1" 200 1688 "http://localhost:7000/pdv/ext-users/" "Mozilla/5.0 (Macintosh; Intel Mac OS X 10_10_0) AppleWebKit/537.36 (KHTML, like Gecko) Chrome/37.0.2062.124 Safari/537.36"
10.0.2.2 - - [08/Oct/2014:12:54:54 +0000] "GET /pdv/ext-users/api/roles HTTP/1.1" 200 338 "http://localhost:7000/pdv/ext-users/" "Mozilla/5.0 (Macintosh; Intel Mac OS X 10_10_0) AppleWebKit/537.36 (KHTML, like Gecko) Chrome/37.0.2062.124 Safari/537.36"
172.17.42.1 - - [08/Oct/2014:12:54:54 +0000] "GET /pdv/remote/ws.rsp HTTP/1.1" 200 61 "-" "Go 1.1 package http"
10.0.2.2 - - [08/Oct/2014:12:54:54 +0000] "GET /pdv/ext-users/api/users HTTP/1.1" 200 515 "http://localhost:7000/pdv/ext-users/" "Mozilla/5.0 (Macintosh; Intel Mac OS X 10_10_0) AppleWebKit/537.36 (KHTML, like Gecko) Chrome/37.0.2062.124 Safari/537.36"
10.0.2.2 - - [08/Oct/2014:12:56:10 +0000] "GET /pdv/ext-users/ HTTP/1.1" 200 2852 "-" "Mozilla/5.0 (Macintosh; Intel Mac OS X 10_10_0) AppleWebKit/537.36 (KHTML, like Gecko) Chrome/37.0.2062.124 Safari/537.36"
10.0.2.2 - - [08/Oct/2014:12:56:10 +0000] "GET /pdv/ext-users/libs/angular.min.js HTTP/1.1" 200 107098 "http://localhost:7000/pdv/ext-users/" "Mozilla/5.0 (Macintosh; Intel Mac OS X 10_10_0) AppleWebKit/537.36 (KHTML, like Gecko) Chrome/37.0.2062.124 Safari/537.36"
10.0.2.2 - - [08/Oct/2014:12:56:10 +0000] "GET /pdv/ext-users/libs/angular-route.min.js HTTP/1.1" 200 3886 "http://localhost:7000/pdv/ext-users/" "Mozilla/5.0 (Macintosh; Intel Mac OS X 10_10_0) AppleWebKit/537.36 (KHTML, like Gecko) Chrome/37.0.2062.124 Safari/537.36"
10.0.2.2 - - [08/Oct/2014:12:56:10 +0000] "GET /pdv/ext-users/libs/lodash.min.js HTTP/1.1" 200 28151 "http://localhost:7000/pdv/ext-users/" "Mozilla/5.0 (Macintosh; Intel Mac OS X 10_10_0) AppleWebKit/537.36 (KHTML, like Gecko) Chrome/37.0.2062.124 Safari/537.36"
10.0.2.2 - - [08/Oct/2014:12:56:10 +0000] "GET /pdv/ext-users/js/app.js HTTP/1.1" 200 36 "http://localhost:7000/pdv/ext-users/" "Mozilla/5.0 (Macintosh; Intel Mac OS X 10_10_0) AppleWebKit/537.36 (KHTML, like Gecko) Chrome/37.0.2062.124 Safari/537.36"
10.0.2.2 - - [08/Oct/2014:12:56:10 +0000] "GET /pdv/ext-users/js/controllers/users.js HTTP/1.1" 200 1688 "http://localhost:7000/pdv/ext-users/" "Mozilla/5.0 (Macintosh; Intel Mac OS X 10_10_0) AppleWebKit/537.36 (KHTML, like Gecko) Chrome/37.0.2062.124 Safari/537.36"
10.0.2.2 - - [08/Oct/2014:12:56:10 +0000] "GET /pdv/ext-users/api/roles HTTP/1.1" 200 338 "http://localhost:7000/pdv/ext-users/" "Mozilla/5.0 (Macintosh; Intel Mac OS X 10_10_0) AppleWebKit/537.36 (KHTML, like Gecko) Chrome/37.0.2062.124 Safari/537.36"
172.17.42.1 - - [08/Oct/2014:12:56:10 +0000] "GET /pdv/remote/ws.rsp HTTP/1.1" 200 61 "-" "Go 1.1 package http"
10.0.2.2 - - [08/Oct/2014:12:56:10 +0000] "GET /pdv/ext-users/api/users HTTP/1.1" 200 515 "http://localhost:7000/pdv/ext-users/" "Mozilla/5.0 (Macintosh; Intel Mac OS X 10_10_0) AppleWebKit/537.36 (KHTML, like Gecko) Chrome/37.0.2062.124 Safari/537.36"
10.0.2.2 - - [08/Oct/2014:12:57:27 +0000] "GET /pdv/ext-users/ HTTP/1.1" 200 2849 "-" "Mozilla/5.0 (Macintosh; Intel Mac OS X 10_10_0) AppleWebKit/537.36 (KHTML, like Gecko) Chrome/37.0.2062.124 Safari/537.36"
10.0.2.2 - - [08/Oct/2014:12:57:28 +0000] "GET /pdv/ext-users/libs/angular.min.js HTTP/1.1" 200 107098 "http://localhost:7000/pdv/ext-users/" "Mozilla/5.0 (Macintosh; Intel Mac OS X 10_10_0) AppleWebKit/537.36 (KHTML, like Gecko) Chrome/37.0.2062.124 Safari/537.36"
10.0.2.2 - - [08/Oct/2014:12:57:28 +0000] "GET /pdv/ext-users/libs/angular-route.min.js HTTP/1.1" 200 3886 "http://localhost:7000/pdv/ext-users/" "Mozilla/5.0 (Macintosh; Intel Mac OS X 10_10_0) AppleWebKit/537.36 (KHTML, like Gecko) Chrome/37.0.2062.124 Safari/537.36"
10.0.2.2 - - [08/Oct/2014:12:57:28 +0000] "GET /pdv/ext-users/libs/lodash.min.js HTTP/1.1" 200 28151 "http://localhost:7000/pdv/ext-users/" "Mozilla/5.0 (Macintosh; Intel Mac OS X 10_10_0) AppleWebKit/537.36 (KHTML, like Gecko) Chrome/37.0.2062.124 Safari/537.36"
10.0.2.2 - - [08/Oct/2014:12:57:28 +0000] "GET /pdv/ext-users/js/app.js HTTP/1.1" 200 36 "http://localhost:7000/pdv/ext-users/" "Mozilla/5.0 (Macintosh; Intel Mac OS X 10_10_0) AppleWebKit/537.36 (KHTML, like Gecko) Chrome/37.0.2062.124 Safari/537.36"
10.0.2.2 - - [08/Oct/2014:12:57:28 +0000] "GET /pdv/ext-users/js/controllers/users.js HTTP/1.1" 200 1747 "http://localhost:7000/pdv/ext-users/" "Mozilla/5.0 (Macintosh; Intel Mac OS X 10_10_0) AppleWebKit/537.36 (KHTML, like Gecko) Chrome/37.0.2062.124 Safari/537.36"
10.0.2.2 - - [08/Oct/2014:12:57:28 +0000] "GET /pdv/ext-users/api/roles HTTP/1.1" 200 338 "http://localhost:7000/pdv/ext-users/" "Mozilla/5.0 (Macintosh; Intel Mac OS X 10_10_0) AppleWebKit/537.36 (KHTML, like Gecko) Chrome/37.0.2062.124 Safari/537.36"
172.17.42.1 - - [08/Oct/2014:12:57:28 +0000] "GET /pdv/remote/ws.rsp HTTP/1.1" 200 61 "-" "Go 1.1 package http"
10.0.2.2 - - [08/Oct/2014:12:57:28 +0000] "GET /pdv/ext-users/api/users HTTP/1.1" 200 515 "http://localhost:7000/pdv/ext-users/" "Mozilla/5.0 (Macintosh; Intel Mac OS X 10_10_0) AppleWebKit/537.36 (KHTML, like Gecko) Chrome/37.0.2062.124 Safari/537.36"
172.17.42.1 - - [08/Oct/2014:12:57:29 +0000] "GET /pdv/remote/ws.rsp HTTP/1.1" 200 61 "-" "Go 1.1 package http"
10.0.2.2 - - [08/Oct/2014:12:57:29 +0000] "POST /pdv/ext-users/api/users HTTP/1.1" 200 0 "http://localhost:7000/pdv/ext-users/" "Mozilla/5.0 (Macintosh; Intel Mac OS X 10_10_0) AppleWebKit/537.36 (KHTML, like Gecko) Chrome/37.0.2062.124 Safari/537.36"
172.17.42.1 - - [08/Oct/2014:12:57:30 +0000] "GET /pdv/remote/ws.rsp HTTP/1.1" 200 61 "-" "Go 1.1 package http"
10.0.2.2 - - [08/Oct/2014:12:57:30 +0000] "POST /pdv/ext-users/api/users HTTP/1.1" 200 0 "http://localhost:7000/pdv/ext-users/" "Mozilla/5.0 (Macintosh; Intel Mac OS X 10_10_0) AppleWebKit/537.36 (KHTML, like Gecko) Chrome/37.0.2062.124 Safari/537.36"
10.0.2.2 - - [08/Oct/2014:12:58:11 +0000] "GET /pdv/ext-users/ HTTP/1.1" 200 2849 "-" "Mozilla/5.0 (Macintosh; Intel Mac OS X 10_10_0) AppleWebKit/537.36 (KHTML, like Gecko) Chrome/37.0.2062.124 Safari/537.36"
10.0.2.2 - - [08/Oct/2014:12:58:11 +0000] "GET /pdv/ext-users/libs/angular.min.js HTTP/1.1" 200 107098 "http://localhost:7000/pdv/ext-users/" "Mozilla/5.0 (Macintosh; Intel Mac OS X 10_10_0) AppleWebKit/537.36 (KHTML, like Gecko) Chrome/37.0.2062.124 Safari/537.36"
10.0.2.2 - - [08/Oct/2014:12:58:11 +0000] "GET /pdv/ext-users/libs/angular-route.min.js HTTP/1.1" 200 3886 "http://localhost:7000/pdv/ext-users/" "Mozilla/5.0 (Macintosh; Intel Mac OS X 10_10_0) AppleWebKit/537.36 (KHTML, like Gecko) Chrome/37.0.2062.124 Safari/537.36"
10.0.2.2 - - [08/Oct/2014:12:58:11 +0000] "GET /pdv/ext-users/libs/lodash.min.js HTTP/1.1" 200 28151 "http://localhost:7000/pdv/ext-users/" "Mozilla/5.0 (Macintosh; Intel Mac OS X 10_10_0) AppleWebKit/537.36 (KHTML, like Gecko) Chrome/37.0.2062.124 Safari/537.36"
10.0.2.2 - - [08/Oct/2014:12:58:11 +0000] "GET /pdv/ext-users/js/app.js HTTP/1.1" 200 36 "http://localhost:7000/pdv/ext-users/" "Mozilla/5.0 (Macintosh; Intel Mac OS X 10_10_0) AppleWebKit/537.36 (KHTML, like Gecko) Chrome/37.0.2062.124 Safari/537.36"
10.0.2.2 - - [08/Oct/2014:12:58:11 +0000] "GET /pdv/ext-users/js/controllers/users.js HTTP/1.1" 200 1757 "http://localhost:7000/pdv/ext-users/" "Mozilla/5.0 (Macintosh; Intel Mac OS X 10_10_0) AppleWebKit/537.36 (KHTML, like Gecko) Chrome/37.0.2062.124 Safari/537.36"
10.0.2.2 - - [08/Oct/2014:12:58:11 +0000] "GET /pdv/ext-users/api/roles HTTP/1.1" 200 338 "http://localhost:7000/pdv/ext-users/" "Mozilla/5.0 (Macintosh; Intel Mac OS X 10_10_0) AppleWebKit/537.36 (KHTML, like Gecko) Chrome/37.0.2062.124 Safari/537.36"
172.17.42.1 - - [08/Oct/2014:12:58:11 +0000] "GET /pdv/remote/ws.rsp HTTP/1.1" 200 61 "-" "Go 1.1 package http"
10.0.2.2 - - [08/Oct/2014:12:58:11 +0000] "GET /pdv/ext-users/api/users HTTP/1.1" 200 515 "http://localhost:7000/pdv/ext-users/" "Mozilla/5.0 (Macintosh; Intel Mac OS X 10_10_0) AppleWebKit/537.36 (KHTML, like Gecko) Chrome/37.0.2062.124 Safari/537.36"
172.17.42.1 - - [08/Oct/2014:12:58:13 +0000] "GET /pdv/remote/ws.rsp HTTP/1.1" 200 61 "-" "Go 1.1 package http"
10.0.2.2 - - [08/Oct/2014:12:58:13 +0000] "POST /pdv/ext-users/api/users HTTP/1.1" 200 0 "http://localhost:7000/pdv/ext-users/" "Mozilla/5.0 (Macintosh; Intel Mac OS X 10_10_0) AppleWebKit/537.36 (KHTML, like Gecko) Chrome/37.0.2062.124 Safari/537.36"
172.17.42.1 - - [08/Oct/2014:12:58:13 +0000] "GET /pdv/remote/ws.rsp HTTP/1.1" 200 61 "-" "Go 1.1 package http"
10.0.2.2 - - [08/Oct/2014:12:58:13 +0000] "POST /pdv/ext-users/api/users HTTP/1.1" 200 0 "http://localhost:7000/pdv/ext-users/" "Mozilla/5.0 (Macintosh; Intel Mac OS X 10_10_0) AppleWebKit/537.36 (KHTML, like Gecko) Chrome/37.0.2062.124 Safari/537.36"
10.0.2.2 - - [08/Oct/2014:12:58:17 +0000] "GET /pdv/ext-users/libs/angular-route.min.js.map HTTP/1.1" 304 0 "http://localhost:7000/pdv/ext-users/" "Mozilla/5.0 (Macintosh; Intel Mac OS X 10_10_0) AppleWebKit/537.36 (KHTML, like Gecko) Chrome/37.0.2062.124 Safari/537.36"
10.0.2.2 - - [08/Oct/2014:12:58:17 +0000] "GET /pdv/ext-users/libs/angular.min.js.map HTTP/1.1" 304 0 "http://localhost:7000/pdv/ext-users/" "Mozilla/5.0 (Macintosh; Intel Mac OS X 10_10_0) AppleWebKit/537.36 (KHTML, like Gecko) Chrome/37.0.2062.124 Safari/537.36"
10.0.2.2 - - [08/Oct/2014:12:59:17 +0000] "GET /pdv/ext-users/ HTTP/1.1" 200 2852 "-" "Mozilla/5.0 (Macintosh; Intel Mac OS X 10_10_0) AppleWebKit/537.36 (KHTML, like Gecko) Chrome/37.0.2062.124 Safari/537.36"
10.0.2.2 - - [08/Oct/2014:12:59:17 +0000] "GET /pdv/ext-users/libs/angular.min.js HTTP/1.1" 304 0 "http://localhost:7000/pdv/ext-users/" "Mozilla/5.0 (Macintosh; Intel Mac OS X 10_10_0) AppleWebKit/537.36 (KHTML, like Gecko) Chrome/37.0.2062.124 Safari/537.36"
10.0.2.2 - - [08/Oct/2014:12:59:17 +0000] "GET /pdv/ext-users/libs/angular-route.min.js HTTP/1.1" 304 0 "http://localhost:7000/pdv/ext-users/" "Mozilla/5.0 (Macintosh; Intel Mac OS X 10_10_0) AppleWebKit/537.36 (KHTML, like Gecko) Chrome/37.0.2062.124 Safari/537.36"
10.0.2.2 - - [08/Oct/2014:12:59:17 +0000] "GET /pdv/ext-users/libs/lodash.min.js HTTP/1.1" 304 0 "http://localhost:7000/pdv/ext-users/" "Mozilla/5.0 (Macintosh; Intel Mac OS X 10_10_0) AppleWebKit/537.36 (KHTML, like Gecko) Chrome/37.0.2062.124 Safari/537.36"
10.0.2.2 - - [08/Oct/2014:12:59:17 +0000] "GET /pdv/ext-users/js/app.js HTTP/1.1" 304 0 "http://localhost:7000/pdv/ext-users/" "Mozilla/5.0 (Macintosh; Intel Mac OS X 10_10_0) AppleWebKit/537.36 (KHTML, like Gecko) Chrome/37.0.2062.124 Safari/537.36"
10.0.2.2 - - [08/Oct/2014:12:59:17 +0000] "GET /pdv/ext-users/js/controllers/users.js HTTP/1.1" 200 1747 "http://localhost:7000/pdv/ext-users/" "Mozilla/5.0 (Macintosh; Intel Mac OS X 10_10_0) AppleWebKit/537.36 (KHTML, like Gecko) Chrome/37.0.2062.124 Safari/537.36"
10.0.2.2 - - [08/Oct/2014:12:59:17 +0000] "GET /pdv/ext-users/api/roles HTTP/1.1" 200 338 "http://localhost:7000/pdv/ext-users/" "Mozilla/5.0 (Macintosh; Intel Mac OS X 10_10_0) AppleWebKit/537.36 (KHTML, like Gecko) Chrome/37.0.2062.124 Safari/537.36"
10.0.2.2 - - [08/Oct/2014:12:59:17 +0000] "GET /pdv/ext-users/libs/angular.min.js.map HTTP/1.1" 304 0 "http://localhost:7000/pdv/ext-users/" "Mozilla/5.0 (Macintosh; Intel Mac OS X 10_10_0) AppleWebKit/537.36 (KHTML, like Gecko) Chrome/37.0.2062.124 Safari/537.36"
10.0.2.2 - - [08/Oct/2014:12:59:17 +0000] "GET /pdv/ext-users/libs/angular-route.min.js.map HTTP/1.1" 304 0 "http://localhost:7000/pdv/ext-users/" "Mozilla/5.0 (Macintosh; Intel Mac OS X 10_10_0) AppleWebKit/537.36 (KHTML, like Gecko) Chrome/37.0.2062.124 Safari/537.36"
172.17.42.1 - - [08/Oct/2014:12:59:17 +0000] "GET /pdv/remote/ws.rsp HTTP/1.1" 200 61 "-" "Go 1.1 package http"
10.0.2.2 - - [08/Oct/2014:12:59:17 +0000] "GET /pdv/ext-users/api/users HTTP/1.1" 200 515 "http://localhost:7000/pdv/ext-users/" "Mozilla/5.0 (Macintosh; Intel Mac OS X 10_10_0) AppleWebKit/537.36 (KHTML, like Gecko) Chrome/37.0.2062.124 Safari/537.36"
172.17.42.1 - - [08/Oct/2014:12:59:18 +0000] "GET /pdv/remote/ws.rsp HTTP/1.1" 200 61 "-" "Go 1.1 package http"
10.0.2.2 - - [08/Oct/2014:12:59:18 +0000] "POST /pdv/ext-users/api/users HTTP/1.1" 200 0 "http://localhost:7000/pdv/ext-users/" "Mozilla/5.0 (Macintosh; Intel Mac OS X 10_10_0) AppleWebKit/537.36 (KHTML, like Gecko) Chrome/37.0.2062.124 Safari/537.36"
172.17.42.1 - - [08/Oct/2014:12:59:19 +0000] "GET /pdv/remote/ws.rsp HTTP/1.1" 200 61 "-" "Go 1.1 package http"
10.0.2.2 - - [08/Oct/2014:12:59:19 +0000] "POST /pdv/ext-users/api/users HTTP/1.1" 200 0 "http://localhost:7000/pdv/ext-users/" "Mozilla/5.0 (Macintosh; Intel Mac OS X 10_10_0) AppleWebKit/537.36 (KHTML, like Gecko) Chrome/37.0.2062.124 Safari/537.36"
172.17.42.1 - - [08/Oct/2014:12:59:20 +0000] "GET /pdv/remote/ws.rsp HTTP/1.1" 200 61 "-" "Go 1.1 package http"
10.0.2.2 - - [08/Oct/2014:12:59:20 +0000] "POST /pdv/ext-users/api/users HTTP/1.1" 200 0 "http://localhost:7000/pdv/ext-users/" "Mozilla/5.0 (Macintosh; Intel Mac OS X 10_10_0) AppleWebKit/537.36 (KHTML, like Gecko) Chrome/37.0.2062.124 Safari/537.36"
10.0.2.2 - - [08/Oct/2014:12:59:31 +0000] "GET /pdv/ext-users/ HTTP/1.1" 200 2852 "-" "Mozilla/5.0 (Macintosh; Intel Mac OS X 10_10_0) AppleWebKit/537.36 (KHTML, like Gecko) Chrome/37.0.2062.124 Safari/537.36"
10.0.2.2 - - [08/Oct/2014:12:59:31 +0000] "GET /pdv/ext-users/libs/angular.min.js HTTP/1.1" 200 107098 "http://localhost:7000/pdv/ext-users/" "Mozilla/5.0 (Macintosh; Intel Mac OS X 10_10_0) AppleWebKit/537.36 (KHTML, like Gecko) Chrome/37.0.2062.124 Safari/537.36"
10.0.2.2 - - [08/Oct/2014:12:59:31 +0000] "GET /pdv/ext-users/libs/angular-route.min.js HTTP/1.1" 200 3886 "http://localhost:7000/pdv/ext-users/" "Mozilla/5.0 (Macintosh; Intel Mac OS X 10_10_0) AppleWebKit/537.36 (KHTML, like Gecko) Chrome/37.0.2062.124 Safari/537.36"
10.0.2.2 - - [08/Oct/2014:12:59:31 +0000] "GET /pdv/ext-users/libs/lodash.min.js HTTP/1.1" 200 28151 "http://localhost:7000/pdv/ext-users/" "Mozilla/5.0 (Macintosh; Intel Mac OS X 10_10_0) AppleWebKit/537.36 (KHTML, like Gecko) Chrome/37.0.2062.124 Safari/537.36"
10.0.2.2 - - [08/Oct/2014:12:59:31 +0000] "GET /pdv/ext-users/js/app.js HTTP/1.1" 200 36 "http://localhost:7000/pdv/ext-users/" "Mozilla/5.0 (Macintosh; Intel Mac OS X 10_10_0) AppleWebKit/537.36 (KHTML, like Gecko) Chrome/37.0.2062.124 Safari/537.36"
10.0.2.2 - - [08/Oct/2014:12:59:31 +0000] "GET /pdv/ext-users/js/controllers/users.js HTTP/1.1" 200 1750 "http://localhost:7000/pdv/ext-users/" "Mozilla/5.0 (Macintosh; Intel Mac OS X 10_10_0) AppleWebKit/537.36 (KHTML, like Gecko) Chrome/37.0.2062.124 Safari/537.36"
10.0.2.2 - - [08/Oct/2014:12:59:31 +0000] "GET /pdv/ext-users/api/roles HTTP/1.1" 200 338 "http://localhost:7000/pdv/ext-users/" "Mozilla/5.0 (Macintosh; Intel Mac OS X 10_10_0) AppleWebKit/537.36 (KHTML, like Gecko) Chrome/37.0.2062.124 Safari/537.36"
10.0.2.2 - - [08/Oct/2014:12:59:31 +0000] "GET /pdv/ext-users/libs/angular.min.js.map HTTP/1.1" 304 0 "http://localhost:7000/pdv/ext-users/" "Mozilla/5.0 (Macintosh; Intel Mac OS X 10_10_0) AppleWebKit/537.36 (KHTML, like Gecko) Chrome/37.0.2062.124 Safari/537.36"
10.0.2.2 - - [08/Oct/2014:12:59:31 +0000] "GET /pdv/ext-users/libs/angular-route.min.js.map HTTP/1.1" 304 0 "http://localhost:7000/pdv/ext-users/" "Mozilla/5.0 (Macintosh; Intel Mac OS X 10_10_0) AppleWebKit/537.36 (KHTML, like Gecko) Chrome/37.0.2062.124 Safari/537.36"
172.17.42.1 - - [08/Oct/2014:12:59:31 +0000] "GET /pdv/remote/ws.rsp HTTP/1.1" 200 61 "-" "Go 1.1 package http"
10.0.2.2 - - [08/Oct/2014:12:59:31 +0000] "GET /pdv/ext-users/api/users HTTP/1.1" 200 515 "http://localhost:7000/pdv/ext-users/" "Mozilla/5.0 (Macintosh; Intel Mac OS X 10_10_0) AppleWebKit/537.36 (KHTML, like Gecko) Chrome/37.0.2062.124 Safari/537.36"
10.0.2.2 - - [08/Oct/2014:13:00:48 +0000] "GET /pdv/ext-users/ HTTP/1.1" 200 2877 "-" "Mozilla/5.0 (Macintosh; Intel Mac OS X 10_10_0) AppleWebKit/537.36 (KHTML, like Gecko) Chrome/37.0.2062.124 Safari/537.36"
10.0.2.2 - - [08/Oct/2014:13:00:48 +0000] "GET /pdv/ext-users/libs/angular.min.js HTTP/1.1" 200 107098 "http://localhost:7000/pdv/ext-users/" "Mozilla/5.0 (Macintosh; Intel Mac OS X 10_10_0) AppleWebKit/537.36 (KHTML, like Gecko) Chrome/37.0.2062.124 Safari/537.36"
10.0.2.2 - - [08/Oct/2014:13:00:48 +0000] "GET /pdv/ext-users/libs/angular-route.min.js HTTP/1.1" 200 3886 "http://localhost:7000/pdv/ext-users/" "Mozilla/5.0 (Macintosh; Intel Mac OS X 10_10_0) AppleWebKit/537.36 (KHTML, like Gecko) Chrome/37.0.2062.124 Safari/537.36"
10.0.2.2 - - [08/Oct/2014:13:00:48 +0000] "GET /pdv/ext-users/libs/lodash.min.js HTTP/1.1" 200 28151 "http://localhost:7000/pdv/ext-users/" "Mozilla/5.0 (Macintosh; Intel Mac OS X 10_10_0) AppleWebKit/537.36 (KHTML, like Gecko) Chrome/37.0.2062.124 Safari/537.36"
10.0.2.2 - - [08/Oct/2014:13:00:48 +0000] "GET /pdv/ext-users/js/app.js HTTP/1.1" 200 36 "http://localhost:7000/pdv/ext-users/" "Mozilla/5.0 (Macintosh; Intel Mac OS X 10_10_0) AppleWebKit/537.36 (KHTML, like Gecko) Chrome/37.0.2062.124 Safari/537.36"
10.0.2.2 - - [08/Oct/2014:13:00:48 +0000] "GET /pdv/ext-users/js/controllers/users.js HTTP/1.1" 200 1750 "http://localhost:7000/pdv/ext-users/" "Mozilla/5.0 (Macintosh; Intel Mac OS X 10_10_0) AppleWebKit/537.36 (KHTML, like Gecko) Chrome/37.0.2062.124 Safari/537.36"
10.0.2.2 - - [08/Oct/2014:13:00:48 +0000] "GET /pdv/ext-users/libs/angular.min.js.map HTTP/1.1" 304 0 "http://localhost:7000/pdv/ext-users/" "Mozilla/5.0 (Macintosh; Intel Mac OS X 10_10_0) AppleWebKit/537.36 (KHTML, like Gecko) Chrome/37.0.2062.124 Safari/537.36"
10.0.2.2 - - [08/Oct/2014:13:00:48 +0000] "GET /pdv/ext-users/libs/angular-route.min.js.map HTTP/1.1" 304 0 "http://localhost:7000/pdv/ext-users/" "Mozilla/5.0 (Macintosh; Intel Mac OS X 10_10_0) AppleWebKit/537.36 (KHTML, like Gecko) Chrome/37.0.2062.124 Safari/537.36"
10.0.2.2 - - [08/Oct/2014:13:00:48 +0000] "GET /pdv/ext-users/api/roles HTTP/1.1" 200 338 "http://localhost:7000/pdv/ext-users/" "Mozilla/5.0 (Macintosh; Intel Mac OS X 10_10_0) AppleWebKit/537.36 (KHTML, like Gecko) Chrome/37.0.2062.124 Safari/537.36"
