10.0.2.2 - - [08/Oct/2014:15:18:47 +0000] "GET /pdv/ext-users/api/user HTTP/1.1" 200 88 "http://localhost:7000/pdv/ext-users/" "Mozilla/5.0 (Macintosh; Intel Mac OS X 10_10_0) AppleWebKit/537.36 (KHTML, like Gecko) Chrome/37.0.2062.124 Safari/537.36"
172.17.42.1 - - [08/Oct/2014:15:18:47 +0000] "GET /pdv/remote/ws.rsp HTTP/1.1" 200 61 "-" "Go 1.1 package http"
10.0.2.2 - - [08/Oct/2014:15:18:47 +0000] "GET /pdv/ext-users/api/users HTTP/1.1" 200 644 "http://localhost:7000/pdv/ext-users/" "Mozilla/5.0 (Macintosh; Intel Mac OS X 10_10_0) AppleWebKit/537.36 (KHTML, like Gecko) Chrome/37.0.2062.124 Safari/537.36"
172.17.42.1 - - [08/Oct/2014:15:19:30 +0000] "GET /pdv/remote/ws.rsp HTTP/1.1" 200 61 "-" "Go 1.1 package http"
10.0.2.2 - - [08/Oct/2014:15:19:30 +0000] "POST /pdv/ext-users/api/users HTTP/1.1" 200 7 "http://localhost:7000/pdv/ext-users/" "Mozilla/5.0 (Macintosh; Intel Mac OS X 10_10_0) AppleWebKit/537.36 (KHTML, like Gecko) Chrome/37.0.2062.124 Safari/537.36"
10.0.2.2 - - [08/Oct/2014:15:19:38 +0000] "GET /pdv/ext-users/ HTTP/1.1" 200 3262 "-" "Mozilla/5.0 (Macintosh; Intel Mac OS X 10_10_0) AppleWebKit/537.36 (KHTML, like Gecko) Chrome/37.0.2062.124 Safari/537.36"
10.0.2.2 - - [08/Oct/2014:15:19:38 +0000] "GET /pdv/ext-users/libs/angular.min.js HTTP/1.1" 200 107098 "http://localhost:7000/pdv/ext-users/" "Mozilla/5.0 (Macintosh; Intel Mac OS X 10_10_0) AppleWebKit/537.36 (KHTML, like Gecko) Chrome/37.0.2062.124 Safari/537.36"
10.0.2.2 - - [08/Oct/2014:15:19:38 +0000] "GET /pdv/ext-users/libs/angular-route.min.js HTTP/1.1" 200 3886 "http://localhost:7000/pdv/ext-users/" "Mozilla/5.0 (Macintosh; Intel Mac OS X 10_10_0) AppleWebKit/537.36 (KHTML, like Gecko) Chrome/37.0.2062.124 Safari/537.36"
10.0.2.2 - - [08/Oct/2014:15:19:38 +0000] "GET /pdv/ext-users/libs/lodash.min.js HTTP/1.1" 200 28151 "http://localhost:7000/pdv/ext-users/" "Mozilla/5.0 (Macintosh; Intel Mac OS X 10_10_0) AppleWebKit/537.36 (KHTML, like Gecko) Chrome/37.0.2062.124 Safari/537.36"
10.0.2.2 - - [08/Oct/2014:15:19:38 +0000] "GET /pdv/ext-users/js/app.js HTTP/1.1" 200 36 "http://localhost:7000/pdv/ext-users/" "Mozilla/5.0 (Macintosh; Intel Mac OS X 10_10_0) AppleWebKit/537.36 (KHTML, like Gecko) Chrome/37.0.2062.124 Safari/537.36"
10.0.2.2 - - [08/Oct/2014:15:19:38 +0000] "GET /pdv/ext-users/js/controllers/users.js HTTP/1.1" 200 1860 "http://localhost:7000/pdv/ext-users/" "Mozilla/5.0 (Macintosh; Intel Mac OS X 10_10_0) AppleWebKit/537.36 (KHTML, like Gecko) Chrome/37.0.2062.124 Safari/537.36"
10.0.2.2 - - [08/Oct/2014:15:19:38 +0000] "GET /pdv/ext-users/api/roles HTTP/1.1" 200 338 "http://localhost:7000/pdv/ext-users/" "Mozilla/5.0 (Macintosh; Intel Mac OS X 10_10_0) AppleWebKit/537.36 (KHTML, like Gecko) Chrome/37.0.2062.124 Safari/537.36"
10.0.2.2 - - [08/Oct/2014:15:19:38 +0000] "GET /pdv/ext-users/libs/angular.min.js.map HTTP/1.1" 304 0 "http://localhost:7000/pdv/ext-users/" "Mozilla/5.0 (Macintosh; Intel Mac OS X 10_10_0) AppleWebKit/537.36 (KHTML, like Gecko) Chrome/37.0.2062.124 Safari/537.36"
10.0.2.2 - - [08/Oct/2014:15:19:38 +0000] "GET /pdv/ext-users/libs/angular-route.min.js.map HTTP/1.1" 304 0 "http://localhost:7000/pdv/ext-users/" "Mozilla/5.0 (Macintosh; Intel Mac OS X 10_10_0) AppleWebKit/537.36 (KHTML, like Gecko) Chrome/37.0.2062.124 Safari/537.36"
172.17.42.1 - - [08/Oct/2014:15:19:38 +0000] "GET /pdv/remote/ws.rsp HTTP/1.1" 200 61 "-" "Go 1.1 package http"
10.0.2.2 - - [08/Oct/2014:15:19:38 +0000] "GET /pdv/ext-users/api/users HTTP/1.1" 200 644 "http://localhost:7000/pdv/ext-users/" "Mozilla/5.0 (Macintosh; Intel Mac OS X 10_10_0) AppleWebKit/537.36 (KHTML, like Gecko) Chrome/37.0.2062.124 Safari/537.36"
172.17.42.1 - - [08/Oct/2014:15:19:38 +0000] "GET /pdv/remote/ws.rsp HTTP/1.1" 200 61 "-" "Go 1.1 package http"
10.0.2.2 - - [08/Oct/2014:15:19:38 +0000] "GET /pdv/ext-users/api/user HTTP/1.1" 200 88 "http://localhost:7000/pdv/ext-users/" "Mozilla/5.0 (Macintosh; Intel Mac OS X 10_10_0) AppleWebKit/537.36 (KHTML, like Gecko) Chrome/37.0.2062.124 Safari/537.36"
10.0.2.2 - - [08/Oct/2014:15:29:51 +0000] "GET /pdv/ext-users/ HTTP/1.1" 200 3262 "-" "Mozilla/5.0 (Macintosh; Intel Mac OS X 10_10_0) AppleWebKit/537.36 (KHTML, like Gecko) Chrome/37.0.2062.124 Safari/537.36"
10.0.2.2 - - [08/Oct/2014:15:29:51 +0000] "GET /pdv/ext-users/libs/angular.min.js HTTP/1.1" 200 107098 "http://localhost:7000/pdv/ext-users/" "Mozilla/5.0 (Macintosh; Intel Mac OS X 10_10_0) AppleWebKit/537.36 (KHTML, like Gecko) Chrome/37.0.2062.124 Safari/537.36"
10.0.2.2 - - [08/Oct/2014:15:29:51 +0000] "GET /pdv/ext-users/libs/angular-route.min.js HTTP/1.1" 200 3886 "http://localhost:7000/pdv/ext-users/" "Mozilla/5.0 (Macintosh; Intel Mac OS X 10_10_0) AppleWebKit/537.36 (KHTML, like Gecko) Chrome/37.0.2062.124 Safari/537.36"
10.0.2.2 - - [08/Oct/2014:15:29:51 +0000] "GET /pdv/ext-users/libs/lodash.min.js HTTP/1.1" 200 28151 "http://localhost:7000/pdv/ext-users/" "Mozilla/5.0 (Macintosh; Intel Mac OS X 10_10_0) AppleWebKit/537.36 (KHTML, like Gecko) Chrome/37.0.2062.124 Safari/537.36"
10.0.2.2 - - [08/Oct/2014:15:29:51 +0000] "GET /pdv/ext-users/js/app.js HTTP/1.1" 200 36 "http://localhost:7000/pdv/ext-users/" "Mozilla/5.0 (Macintosh; Intel Mac OS X 10_10_0) AppleWebKit/537.36 (KHTML, like Gecko) Chrome/37.0.2062.124 Safari/537.36"
10.0.2.2 - - [08/Oct/2014:15:29:51 +0000] "GET /pdv/ext-users/js/controllers/users.js HTTP/1.1" 200 1860 "http://localhost:7000/pdv/ext-users/" "Mozilla/5.0 (Macintosh; Intel Mac OS X 10_10_0) AppleWebKit/537.36 (KHTML, like Gecko) Chrome/37.0.2062.124 Safari/537.36"
10.0.2.2 - - [08/Oct/2014:15:29:51 +0000] "GET /pdv/ext-users/libs/angular.min.js.map HTTP/1.1" 304 0 "http://localhost:7000/pdv/ext-users/" "Mozilla/5.0 (Macintosh; Intel Mac OS X 10_10_0) AppleWebKit/537.36 (KHTML, like Gecko) Chrome/37.0.2062.124 Safari/537.36"
10.0.2.2 - - [08/Oct/2014:15:29:51 +0000] "GET /pdv/ext-users/libs/angular-route.min.js.map HTTP/1.1" 304 0 "http://localhost:7000/pdv/ext-users/" "Mozilla/5.0 (Macintosh; Intel Mac OS X 10_10_0) AppleWebKit/537.36 (KHTML, like Gecko) Chrome/37.0.2062.124 Safari/537.36"
10.0.2.2 - - [08/Oct/2014:15:29:51 +0000] "GET /pdv/ext-users/api/roles HTTP/1.1" 200 338 "http://localhost:7000/pdv/ext-users/" "Mozilla/5.0 (Macintosh; Intel Mac OS X 10_10_0) AppleWebKit/537.36 (KHTML, like Gecko) Chrome/37.0.2062.124 Safari/537.36"
172.17.42.1 - - [08/Oct/2014:15:29:51 +0000] "GET /pdv/remote/ws.rsp HTTP/1.1" 200 61 "-" "Go 1.1 package http"
10.0.2.2 - - [08/Oct/2014:15:29:51 +0000] "GET /pdv/ext-users/api/user HTTP/1.1" 200 88 "http://localhost:7000/pdv/ext-users/" "Mozilla/5.0 (Macintosh; Intel Mac OS X 10_10_0) AppleWebKit/537.36 (KHTML, like Gecko) Chrome/37.0.2062.124 Safari/537.36"
172.17.42.1 - - [08/Oct/2014:15:29:51 +0000] "GET /pdv/remote/ws.rsp HTTP/1.1" 200 61 "-" "Go 1.1 package http"
10.0.2.2 - - [08/Oct/2014:15:29:51 +0000] "GET /pdv/ext-users/api/users HTTP/1.1" 200 644 "http://localhost:7000/pdv/ext-users/" "Mozilla/5.0 (Macintosh; Intel Mac OS X 10_10_0) AppleWebKit/537.36 (KHTML, like Gecko) Chrome/37.0.2062.124 Safari/537.36"
172.17.42.1 - - [08/Oct/2014:15:30:13 +0000] "GET /pdv/remote/ws.rsp HTTP/1.1" 200 61 "-" "Go 1.1 package http"
10.0.2.2 - - [08/Oct/2014:15:30:13 +0000] "POST /pdv/ext-users/api/users HTTP/1.1" 200 7 "http://localhost:7000/pdv/ext-users/" "Mozilla/5.0 (Macintosh; Intel Mac OS X 10_10_0) AppleWebKit/537.36 (KHTML, like Gecko) Chrome/37.0.2062.124 Safari/537.36"
10.0.2.2 - - [08/Oct/2014:15:30:20 +0000] "GET /pdv/ext-users/ HTTP/1.1" 200 3262 "-" "Mozilla/5.0 (Macintosh; Intel Mac OS X 10_10_0) AppleWebKit/537.36 (KHTML, like Gecko) Chrome/37.0.2062.124 Safari/537.36"
10.0.2.2 - - [08/Oct/2014:15:30:20 +0000] "GET /pdv/ext-users/libs/angular.min.js HTTP/1.1" 200 107098 "http://localhost:7000/pdv/ext-users/" "Mozilla/5.0 (Macintosh; Intel Mac OS X 10_10_0) AppleWebKit/537.36 (KHTML, like Gecko) Chrome/37.0.2062.124 Safari/537.36"
10.0.2.2 - - [08/Oct/2014:15:30:20 +0000] "GET /pdv/ext-users/libs/angular-route.min.js HTTP/1.1" 200 3886 "http://localhost:7000/pdv/ext-users/" "Mozilla/5.0 (Macintosh; Intel Mac OS X 10_10_0) AppleWebKit/537.36 (KHTML, like Gecko) Chrome/37.0.2062.124 Safari/537.36"
10.0.2.2 - - [08/Oct/2014:15:30:20 +0000] "GET /pdv/ext-users/libs/lodash.min.js HTTP/1.1" 200 28151 "http://localhost:7000/pdv/ext-users/" "Mozilla/5.0 (Macintosh; Intel Mac OS X 10_10_0) AppleWebKit/537.36 (KHTML, like Gecko) Chrome/37.0.2062.124 Safari/537.36"
10.0.2.2 - - [08/Oct/2014:15:30:20 +0000] "GET /pdv/ext-users/js/app.js HTTP/1.1" 200 36 "http://localhost:7000/pdv/ext-users/" "Mozilla/5.0 (Macintosh; Intel Mac OS X 10_10_0) AppleWebKit/537.36 (KHTML, like Gecko) Chrome/37.0.2062.124 Safari/537.36"
10.0.2.2 - - [08/Oct/2014:15:30:20 +0000] "GET /pdv/ext-users/js/controllers/users.js HTTP/1.1" 200 1860 "http://localhost:7000/pdv/ext-users/" "Mozilla/5.0 (Macintosh; Intel Mac OS X 10_10_0) AppleWebKit/537.36 (KHTML, like Gecko) Chrome/37.0.2062.124 Safari/537.36"
10.0.2.2 - - [08/Oct/2014:15:30:20 +0000] "GET /pdv/ext-users/api/roles HTTP/1.1" 200 338 "http://localhost:7000/pdv/ext-users/" "Mozilla/5.0 (Macintosh; Intel Mac OS X 10_10_0) AppleWebKit/537.36 (KHTML, like Gecko) Chrome/37.0.2062.124 Safari/537.36"
10.0.2.2 - - [08/Oct/2014:15:30:20 +0000] "GET /pdv/ext-users/libs/angular.min.js.map HTTP/1.1" 304 0 "http://localhost:7000/pdv/ext-users/" "Mozilla/5.0 (Macintosh; Intel Mac OS X 10_10_0) AppleWebKit/537.36 (KHTML, like Gecko) Chrome/37.0.2062.124 Safari/537.36"
10.0.2.2 - - [08/Oct/2014:15:30:20 +0000] "GET /pdv/ext-users/libs/angular-route.min.js.map HTTP/1.1" 304 0 "http://localhost:7000/pdv/ext-users/" "Mozilla/5.0 (Macintosh; Intel Mac OS X 10_10_0) AppleWebKit/537.36 (KHTML, like Gecko) Chrome/37.0.2062.124 Safari/537.36"
172.17.42.1 - - [08/Oct/2014:15:30:20 +0000] "GET /pdv/remote/ws.rsp HTTP/1.1" 200 61 "-" "Go 1.1 package http"
10.0.2.2 - - [08/Oct/2014:15:30:20 +0000] "GET /pdv/ext-users/api/users HTTP/1.1" 200 644 "http://localhost:7000/pdv/ext-users/" "Mozilla/5.0 (Macintosh; Intel Mac OS X 10_10_0) AppleWebKit/537.36 (KHTML, like Gecko) Chrome/37.0.2062.124 Safari/537.36"
172.17.42.1 - - [08/Oct/2014:15:30:20 +0000] "GET /pdv/remote/ws.rsp HTTP/1.1" 200 61 "-" "Go 1.1 package http"
10.0.2.2 - - [08/Oct/2014:15:30:20 +0000] "GET /pdv/ext-users/api/user HTTP/1.1" 200 88 "http://localhost:7000/pdv/ext-users/" "Mozilla/5.0 (Macintosh; Intel Mac OS X 10_10_0) AppleWebKit/537.36 (KHTML, like Gecko) Chrome/37.0.2062.124 Safari/537.36"
10.0.2.2 - - [08/Oct/2014:16:13:12 +0000] "GET /pdv HTTP/1.1" 301 5 "-" "Mozilla/5.0 (Macintosh; Intel Mac OS X 10_10_0) AppleWebKit/537.36 (KHTML, like Gecko) Chrome/37.0.2062.124 Safari/537.36"
10.0.2.2 - - [08/Oct/2014:16:13:12 +0000] "GET /pdv/ HTTP/1.1" 200 3933 "-" "Mozilla/5.0 (Macintosh; Intel Mac OS X 10_10_0) AppleWebKit/537.36 (KHTML, like Gecko) Chrome/37.0.2062.124 Safari/537.36"
10.0.2.2 - - [08/Oct/2014:16:13:16 +0000] "POST /pdv/ HTTP/1.1" 200 14710 "http://localhost:7000/pdv/" "Mozilla/5.0 (Macintosh; Intel Mac OS X 10_10_0) AppleWebKit/537.36 (KHTML, like Gecko) Chrome/37.0.2062.124 Safari/537.36"
10.0.2.2 - - [08/Oct/2014:16:13:19 +0000] "GET /pdv/ext-users/ HTTP/1.1" 200 3278 "-" "Mozilla/5.0 (Macintosh; Intel Mac OS X 10_10_0) AppleWebKit/537.36 (KHTML, like Gecko) Chrome/37.0.2062.124 Safari/537.36"
10.0.2.2 - - [08/Oct/2014:16:13:19 +0000] "GET /pdv/ext-users/js/controllers/users.js HTTP/1.1" 304 0 "http://localhost:7000/pdv/ext-users/" "Mozilla/5.0 (Macintosh; Intel Mac OS X 10_10_0) AppleWebKit/537.36 (KHTML, like Gecko) Chrome/37.0.2062.124 Safari/537.36"
10.0.2.2 - - [08/Oct/2014:16:13:19 +0000] "GET /pdv/ext-users/api/roles HTTP/1.1" 200 338 "http://localhost:7000/pdv/ext-users/" "Mozilla/5.0 (Macintosh; Intel Mac OS X 10_10_0) AppleWebKit/537.36 (KHTML, like Gecko) Chrome/37.0.2062.124 Safari/537.36"
10.0.2.2 - - [08/Oct/2014:16:13:19 +0000] "GET /pdv/ext-users/api/users HTTP/1.1" 499 0 "http://localhost:7000/pdv/ext-users/" "Mozilla/5.0 (Macintosh; Intel Mac OS X 10_10_0) AppleWebKit/537.36 (KHTML, like Gecko) Chrome/37.0.2062.124 Safari/537.36"
10.0.2.2 - - [08/Oct/2014:16:13:19 +0000] "GET /pdv/ext-users/api/user HTTP/1.1" 499 0 "http://localhost:7000/pdv/ext-users/" "Mozilla/5.0 (Macintosh; Intel Mac OS X 10_10_0) AppleWebKit/537.36 (KHTML, like Gecko) Chrome/37.0.2062.124 Safari/537.36"
10.0.2.2 - - [08/Oct/2014:16:13:19 +0000] "GET /pdv/ext-users/js/controllers/users.js HTTP/1.1" 304 0 "http://localhost:7000/pdv/ext-users/" "Mozilla/5.0 (Macintosh; Intel Mac OS X 10_10_0) AppleWebKit/537.36 (KHTML, like Gecko) Chrome/37.0.2062.124 Safari/537.36"
172.17.42.1 - - [08/Oct/2014:16:13:19 +0000] "GET /pdv/remote/ws.rsp HTTP/1.1" 200 61 "-" "Go 1.1 package http"
10.0.2.2 - - [08/Oct/2014:16:13:19 +0000] "GET /pdv/ext-users/libs/angular.min.js.map HTTP/1.1" 304 0 "http://localhost:7000/pdv/ext-users/" "Mozilla/5.0 (Macintosh; Intel Mac OS X 10_10_0) AppleWebKit/537.36 (KHTML, like Gecko) Chrome/37.0.2062.124 Safari/537.36"
10.0.2.2 - - [08/Oct/2014:16:13:20 +0000] "GET /pdv/ext-users/api/roles HTTP/1.1" 200 338 "http://localhost:7000/pdv/ext-users/" "Mozilla/5.0 (Macintosh; Intel Mac OS X 10_10_0) AppleWebKit/537.36 (KHTML, like Gecko) Chrome/37.0.2062.124 Safari/537.36"
10.0.2.2 - - [08/Oct/2014:16:13:20 +0000] "GET /pdv/ext-users/libs/angular-route.min.js.map HTTP/1.1" 304 0 "http://localhost:7000/pdv/ext-users/" "Mozilla/5.0 (Macintosh; Intel Mac OS X 10_10_0) AppleWebKit/537.36 (KHTML, like Gecko) Chrome/37.0.2062.124 Safari/537.36"
172.17.42.1 - - [08/Oct/2014:16:13:20 +0000] "GET /pdv/remote/ws.rsp HTTP/1.1" 200 61 "-" "Go 1.1 package http"
172.17.42.1 - - [08/Oct/2014:16:13:20 +0000] "GET /pdv/remote/ws.rsp HTTP/1.1" 200 61 "-" "Go 1.1 package http"
10.0.2.2 - - [08/Oct/2014:16:13:20 +0000] "GET /pdv/ext-users/api/users HTTP/1.1" 200 644 "http://localhost:7000/pdv/ext-users/" "Mozilla/5.0 (Macintosh; Intel Mac OS X 10_10_0) AppleWebKit/537.36 (KHTML, like Gecko) Chrome/37.0.2062.124 Safari/537.36"
172.17.42.1 - - [08/Oct/2014:16:13:20 +0000] "GET /pdv/remote/ws.rsp HTTP/1.1" 200 61 "-" "Go 1.1 package http"
10.0.2.2 - - [08/Oct/2014:16:13:20 +0000] "GET /pdv/ext-users/api/user HTTP/1.1" 200 88 "http://localhost:7000/pdv/ext-users/" "Mozilla/5.0 (Macintosh; Intel Mac OS X 10_10_0) AppleWebKit/537.36 (KHTML, like Gecko) Chrome/37.0.2062.124 Safari/537.36"
10.0.2.2 - - [08/Oct/2014:16:16:59 +0000] "GET /pdv/ext-users/ HTTP/1.1" 200 3453 "-" "Mozilla/5.0 (Macintosh; Intel Mac OS X 10_10_0) AppleWebKit/537.36 (KHTML, like Gecko) Chrome/37.0.2062.124 Safari/537.36"
10.0.2.2 - - [08/Oct/2014:16:16:59 +0000] "GET /pdv/ext-users/libs/angular.min.js HTTP/1.1" 200 107098 "http://localhost:7000/pdv/ext-users/" "Mozilla/5.0 (Macintosh; Intel Mac OS X 10_10_0) AppleWebKit/537.36 (KHTML, like Gecko) Chrome/37.0.2062.124 Safari/537.36"
10.0.2.2 - - [08/Oct/2014:16:16:59 +0000] "GET /pdv/ext-users/libs/angular-route.min.js HTTP/1.1" 200 3886 "http://localhost:7000/pdv/ext-users/" "Mozilla/5.0 (Macintosh; Intel Mac OS X 10_10_0) AppleWebKit/537.36 (KHTML, like Gecko) Chrome/37.0.2062.124 Safari/537.36"
10.0.2.2 - - [08/Oct/2014:16:16:59 +0000] "GET /pdv/ext-users/libs/lodash.min.js HTTP/1.1" 200 28151 "http://localhost:7000/pdv/ext-users/" "Mozilla/5.0 (Macintosh; Intel Mac OS X 10_10_0) AppleWebKit/537.36 (KHTML, like Gecko) Chrome/37.0.2062.124 Safari/537.36"
10.0.2.2 - - [08/Oct/2014:16:16:59 +0000] "GET /pdv/ext-users/js/app.js HTTP/1.1" 200 36 "http://localhost:7000/pdv/ext-users/" "Mozilla/5.0 (Macintosh; Intel Mac OS X 10_10_0) AppleWebKit/537.36 (KHTML, like Gecko) Chrome/37.0.2062.124 Safari/537.36"
10.0.2.2 - - [08/Oct/2014:16:16:59 +0000] "GET /pdv/ext-users/js/controllers/users.js HTTP/1.1" 200 1860 "http://localhost:7000/pdv/ext-users/" "Mozilla/5.0 (Macintosh; Intel Mac OS X 10_10_0) AppleWebKit/537.36 (KHTML, like Gecko) Chrome/37.0.2062.124 Safari/537.36"
10.0.2.2 - - [08/Oct/2014:16:16:59 +0000] "GET /pdv/ext-users/api/roles HTTP/1.1" 200 338 "http://localhost:7000/pdv/ext-users/" "Mozilla/5.0 (Macintosh; Intel Mac OS X 10_10_0) AppleWebKit/537.36 (KHTML, like Gecko) Chrome/37.0.2062.124 Safari/537.36"
10.0.2.2 - - [08/Oct/2014:16:16:59 +0000] "GET /pdv/ext-users/libs/angular.min.js.map HTTP/1.1" 304 0 "http://localhost:7000/pdv/ext-users/" "Mozilla/5.0 (Macintosh; Intel Mac OS X 10_10_0) AppleWebKit/537.36 (KHTML, like Gecko) Chrome/37.0.2062.124 Safari/537.36"
10.0.2.2 - - [08/Oct/2014:16:16:59 +0000] "GET /pdv/ext-users/libs/angular-route.min.js.map HTTP/1.1" 304 0 "http://localhost:7000/pdv/ext-users/" "Mozilla/5.0 (Macintosh; Intel Mac OS X 10_10_0) AppleWebKit/537.36 (KHTML, like Gecko) Chrome/37.0.2062.124 Safari/537.36"
172.17.42.1 - - [08/Oct/2014:16:16:59 +0000] "GET /pdv/remote/ws.rsp HTTP/1.1" 200 61 "-" "Go 1.1 package http"
10.0.2.2 - - [08/Oct/2014:16:16:59 +0000] "GET /pdv/ext-users/api/users HTTP/1.1" 200 644 "http://localhost:7000/pdv/ext-users/" "Mozilla/5.0 (Macintosh; Intel Mac OS X 10_10_0) AppleWebKit/537.36 (KHTML, like Gecko) Chrome/37.0.2062.124 Safari/537.36"
172.17.42.1 - - [08/Oct/2014:16:16:59 +0000] "GET /pdv/remote/ws.rsp HTTP/1.1" 200 61 "-" "Go 1.1 package http"
10.0.2.2 - - [08/Oct/2014:16:16:59 +0000] "GET /pdv/ext-users/api/user HTTP/1.1" 200 88 "http://localhost:7000/pdv/ext-users/" "Mozilla/5.0 (Macintosh; Intel Mac OS X 10_10_0) AppleWebKit/537.36 (KHTML, like Gecko) Chrome/37.0.2062.124 Safari/537.36"
10.0.2.2 - - [08/Oct/2014:16:19:08 +0000] "GET /pdv/ext-users/ HTTP/1.1" 200 3498 "-" "Mozilla/5.0 (Macintosh; Intel Mac OS X 10_10_0) AppleWebKit/537.36 (KHTML, like Gecko) Chrome/37.0.2062.124 Safari/537.36"
10.0.2.2 - - [08/Oct/2014:16:19:08 +0000] "GET /pdv/ext-users/libs/angular.min.js HTTP/1.1" 200 107098 "http://localhost:7000/pdv/ext-users/" "Mozilla/5.0 (Macintosh; Intel Mac OS X 10_10_0) AppleWebKit/537.36 (KHTML, like Gecko) Chrome/37.0.2062.124 Safari/537.36"
10.0.2.2 - - [08/Oct/2014:16:19:08 +0000] "GET /pdv/ext-users/libs/angular-route.min.js HTTP/1.1" 200 3886 "http://localhost:7000/pdv/ext-users/" "Mozilla/5.0 (Macintosh; Intel Mac OS X 10_10_0) AppleWebKit/537.36 (KHTML, like Gecko) Chrome/37.0.2062.124 Safari/537.36"
10.0.2.2 - - [08/Oct/2014:16:19:08 +0000] "GET /pdv/ext-users/libs/lodash.min.js HTTP/1.1" 200 28151 "http://localhost:7000/pdv/ext-users/" "Mozilla/5.0 (Macintosh; Intel Mac OS X 10_10_0) AppleWebKit/537.36 (KHTML, like Gecko) Chrome/37.0.2062.124 Safari/537.36"
10.0.2.2 - - [08/Oct/2014:16:19:08 +0000] "GET /pdv/ext-users/js/app.js HTTP/1.1" 200 36 "http://localhost:7000/pdv/ext-users/" "Mozilla/5.0 (Macintosh; Intel Mac OS X 10_10_0) AppleWebKit/537.36 (KHTML, like Gecko) Chrome/37.0.2062.124 Safari/537.36"
10.0.2.2 - - [08/Oct/2014:16:19:08 +0000] "GET /pdv/ext-users/js/controllers/users.js HTTP/1.1" 200 1860 "http://localhost:7000/pdv/ext-users/" "Mozilla/5.0 (Macintosh; Intel Mac OS X 10_10_0) AppleWebKit/537.36 (KHTML, like Gecko) Chrome/37.0.2062.124 Safari/537.36"
10.0.2.2 - - [08/Oct/2014:16:19:08 +0000] "GET /pdv/ext-users/api/roles HTTP/1.1" 200 338 "http://localhost:7000/pdv/ext-users/" "Mozilla/5.0 (Macintosh; Intel Mac OS X 10_10_0) AppleWebKit/537.36 (KHTML, like Gecko) Chrome/37.0.2062.124 Safari/537.36"
10.0.2.2 - - [08/Oct/2014:16:19:08 +0000] "GET /pdv/ext-users/libs/angular.min.js.map HTTP/1.1" 304 0 "http://localhost:7000/pdv/ext-users/" "Mozilla/5.0 (Macintosh; Intel Mac OS X 10_10_0) AppleWebKit/537.36 (KHTML, like Gecko) Chrome/37.0.2062.124 Safari/537.36"
10.0.2.2 - - [08/Oct/2014:16:19:08 +0000] "GET /pdv/ext-users/libs/angular-route.min.js.map HTTP/1.1" 304 0 "http://localhost:7000/pdv/ext-users/" "Mozilla/5.0 (Macintosh; Intel Mac OS X 10_10_0) AppleWebKit/537.36 (KHTML, like Gecko) Chrome/37.0.2062.124 Safari/537.36"
172.17.42.1 - - [08/Oct/2014:16:19:08 +0000] "GET /pdv/remote/ws.rsp HTTP/1.1" 200 61 "-" "Go 1.1 package http"
10.0.2.2 - - [08/Oct/2014:16:19:08 +0000] "GET /pdv/ext-users/api/users HTTP/1.1" 200 644 "http://localhost:7000/pdv/ext-users/" "Mozilla/5.0 (Macintosh; Intel Mac OS X 10_10_0) AppleWebKit/537.36 (KHTML, like Gecko) Chrome/37.0.2062.124 Safari/537.36"
172.17.42.1 - - [08/Oct/2014:16:19:08 +0000] "GET /pdv/remote/ws.rsp HTTP/1.1" 200 61 "-" "Go 1.1 package http"
10.0.2.2 - - [08/Oct/2014:16:19:08 +0000] "GET /pdv/ext-users/api/user HTTP/1.1" 200 88 "http://localhost:7000/pdv/ext-users/" "Mozilla/5.0 (Macintosh; Intel Mac OS X 10_10_0) AppleWebKit/537.36 (KHTML, like Gecko) Chrome/37.0.2062.124 Safari/537.36"
10.0.2.2 - - [08/Oct/2014:16:19:33 +0000] "GET /pdv/ext-users/ HTTP/1.1" 200 3506 "-" "Mozilla/5.0 (Macintosh; Intel Mac OS X 10_10_0) AppleWebKit/537.36 (KHTML, like Gecko) Chrome/37.0.2062.124 Safari/537.36"
10.0.2.2 - - [08/Oct/2014:16:19:33 +0000] "GET /pdv/ext-users/libs/angular.min.js HTTP/1.1" 200 107098 "http://localhost:7000/pdv/ext-users/" "Mozilla/5.0 (Macintosh; Intel Mac OS X 10_10_0) AppleWebKit/537.36 (KHTML, like Gecko) Chrome/37.0.2062.124 Safari/537.36"
10.0.2.2 - - [08/Oct/2014:16:19:33 +0000] "GET /pdv/ext-users/libs/angular-route.min.js HTTP/1.1" 200 3886 "http://localhost:7000/pdv/ext-users/" "Mozilla/5.0 (Macintosh; Intel Mac OS X 10_10_0) AppleWebKit/537.36 (KHTML, like Gecko) Chrome/37.0.2062.124 Safari/537.36"
10.0.2.2 - - [08/Oct/2014:16:19:33 +0000] "GET /pdv/ext-users/libs/lodash.min.js HTTP/1.1" 200 28151 "http://localhost:7000/pdv/ext-users/" "Mozilla/5.0 (Macintosh; Intel Mac OS X 10_10_0) AppleWebKit/537.36 (KHTML, like Gecko) Chrome/37.0.2062.124 Safari/537.36"
10.0.2.2 - - [08/Oct/2014:16:19:33 +0000] "GET /pdv/ext-users/js/app.js HTTP/1.1" 200 36 "http://localhost:7000/pdv/ext-users/" "Mozilla/5.0 (Macintosh; Intel Mac OS X 10_10_0) AppleWebKit/537.36 (KHTML, like Gecko) Chrome/37.0.2062.124 Safari/537.36"
10.0.2.2 - - [08/Oct/2014:16:19:33 +0000] "GET /pdv/ext-users/js/controllers/users.js HTTP/1.1" 200 1860 "http://localhost:7000/pdv/ext-users/" "Mozilla/5.0 (Macintosh; Intel Mac OS X 10_10_0) AppleWebKit/537.36 (KHTML, like Gecko) Chrome/37.0.2062.124 Safari/537.36"
10.0.2.2 - - [08/Oct/2014:16:19:33 +0000] "GET /pdv/ext-users/api/roles HTTP/1.1" 200 338 "http://localhost:7000/pdv/ext-users/" "Mozilla/5.0 (Macintosh; Intel Mac OS X 10_10_0) AppleWebKit/537.36 (KHTML, like Gecko) Chrome/37.0.2062.124 Safari/537.36"
10.0.2.2 - - [08/Oct/2014:16:19:33 +0000] "GET /pdv/ext-users/libs/angular.min.js.map HTTP/1.1" 304 0 "http://localhost:7000/pdv/ext-users/" "Mozilla/5.0 (Macintosh; Intel Mac OS X 10_10_0) AppleWebKit/537.36 (KHTML, like Gecko) Chrome/37.0.2062.124 Safari/537.36"
10.0.2.2 - - [08/Oct/2014:16:19:33 +0000] "GET /pdv/ext-users/libs/angular-route.min.js.map HTTP/1.1" 304 0 "http://localhost:7000/pdv/ext-users/" "Mozilla/5.0 (Macintosh; Intel Mac OS X 10_10_0) AppleWebKit/537.36 (KHTML, like Gecko) Chrome/37.0.2062.124 Safari/537.36"
172.17.42.1 - - [08/Oct/2014:16:19:33 +0000] "GET /pdv/remote/ws.rsp HTTP/1.1" 200 61 "-" "Go 1.1 package http"
10.0.2.2 - - [08/Oct/2014:16:19:33 +0000] "GET /pdv/ext-users/api/users HTTP/1.1" 200 644 "http://localhost:7000/pdv/ext-users/" "Mozilla/5.0 (Macintosh; Intel Mac OS X 10_10_0) AppleWebKit/537.36 (KHTML, like Gecko) Chrome/37.0.2062.124 Safari/537.36"
172.17.42.1 - - [08/Oct/2014:16:19:33 +0000] "GET /pdv/remote/ws.rsp HTTP/1.1" 200 61 "-" "Go 1.1 package http"
10.0.2.2 - - [08/Oct/2014:16:19:33 +0000] "GET /pdv/ext-users/api/user HTTP/1.1" 200 88 "http://localhost:7000/pdv/ext-users/" "Mozilla/5.0 (Macintosh; Intel Mac OS X 10_10_0) AppleWebKit/537.36 (KHTML, like Gecko) Chrome/37.0.2062.124 Safari/537.36"
10.0.2.2 - - [08/Oct/2014:16:20:17 +0000] "GET /pdv/ext-users/ HTTP/1.1" 200 3498 "-" "Mozilla/5.0 (Macintosh; Intel Mac OS X 10_10_0) AppleWebKit/537.36 (KHTML, like Gecko) Chrome/37.0.2062.124 Safari/537.36"
10.0.2.2 - - [08/Oct/2014:16:20:17 +0000] "GET /pdv/ext-users/libs/angular.min.js HTTP/1.1" 200 107098 "http://localhost:7000/pdv/ext-users/" "Mozilla/5.0 (Macintosh; Intel Mac OS X 10_10_0) AppleWebKit/537.36 (KHTML, like Gecko) Chrome/37.0.2062.124 Safari/537.36"
10.0.2.2 - - [08/Oct/2014:16:20:17 +0000] "GET /pdv/ext-users/libs/angular-route.min.js HTTP/1.1" 200 3886 "http://localhost:7000/pdv/ext-users/" "Mozilla/5.0 (Macintosh; Intel Mac OS X 10_10_0) AppleWebKit/537.36 (KHTML, like Gecko) Chrome/37.0.2062.124 Safari/537.36"
10.0.2.2 - - [08/Oct/2014:16:20:17 +0000] "GET /pdv/ext-users/libs/lodash.min.js HTTP/1.1" 200 28151 "http://localhost:7000/pdv/ext-users/" "Mozilla/5.0 (Macintosh; Intel Mac OS X 10_10_0) AppleWebKit/537.36 (KHTML, like Gecko) Chrome/37.0.2062.124 Safari/537.36"
10.0.2.2 - - [08/Oct/2014:16:20:17 +0000] "GET /pdv/ext-users/js/app.js HTTP/1.1" 200 36 "http://localhost:7000/pdv/ext-users/" "Mozilla/5.0 (Macintosh; Intel Mac OS X 10_10_0) AppleWebKit/537.36 (KHTML, like Gecko) Chrome/37.0.2062.124 Safari/537.36"
10.0.2.2 - - [08/Oct/2014:16:20:17 +0000] "GET /pdv/ext-users/js/controllers/users.js HTTP/1.1" 200 1860 "http://localhost:7000/pdv/ext-users/" "Mozilla/5.0 (Macintosh; Intel Mac OS X 10_10_0) AppleWebKit/537.36 (KHTML, like Gecko) Chrome/37.0.2062.124 Safari/537.36"
10.0.2.2 - - [08/Oct/2014:16:20:18 +0000] "GET /pdv/ext-users/api/roles HTTP/1.1" 200 338 "http://localhost:7000/pdv/ext-users/" "Mozilla/5.0 (Macintosh; Intel Mac OS X 10_10_0) AppleWebKit/537.36 (KHTML, like Gecko) Chrome/37.0.2062.124 Safari/537.36"
10.0.2.2 - - [08/Oct/2014:16:20:18 +0000] "GET /pdv/ext-users/libs/angular.min.js.map HTTP/1.1" 304 0 "http://localhost:7000/pdv/ext-users/" "Mozilla/5.0 (Macintosh; Intel Mac OS X 10_10_0) AppleWebKit/537.36 (KHTML, like Gecko) Chrome/37.0.2062.124 Safari/537.36"
10.0.2.2 - - [08/Oct/2014:16:20:18 +0000] "GET /pdv/ext-users/libs/angular-route.min.js.map HTTP/1.1" 304 0 "http://localhost:7000/pdv/ext-users/" "Mozilla/5.0 (Macintosh; Intel Mac OS X 10_10_0) AppleWebKit/537.36 (KHTML, like Gecko) Chrome/37.0.2062.124 Safari/537.36"
172.17.42.1 - - [08/Oct/2014:16:20:18 +0000] "GET /pdv/remote/ws.rsp HTTP/1.1" 200 61 "-" "Go 1.1 package http"
10.0.2.2 - - [08/Oct/2014:16:20:18 +0000] "GET /pdv/ext-users/api/users HTTP/1.1" 200 644 "http://localhost:7000/pdv/ext-users/" "Mozilla/5.0 (Macintosh; Intel Mac OS X 10_10_0) AppleWebKit/537.36 (KHTML, like Gecko) Chrome/37.0.2062.124 Safari/537.36"
172.17.42.1 - - [08/Oct/2014:16:20:18 +0000] "GET /pdv/remote/ws.rsp HTTP/1.1" 200 61 "-" "Go 1.1 package http"
10.0.2.2 - - [08/Oct/2014:16:20:18 +0000] "GET /pdv/ext-users/api/user HTTP/1.1" 200 88 "http://localhost:7000/pdv/ext-users/" "Mozilla/5.0 (Macintosh; Intel Mac OS X 10_10_0) AppleWebKit/537.36 (KHTML, like Gecko) Chrome/37.0.2062.124 Safari/537.36"
10.0.2.2 - - [08/Oct/2014:16:21:33 +0000] "GET /pdv/ext-users/ HTTP/1.1" 200 3497 "-" "Mozilla/5.0 (Macintosh; Intel Mac OS X 10_10_0) AppleWebKit/537.36 (KHTML, like Gecko) Chrome/37.0.2062.124 Safari/537.36"
10.0.2.2 - - [08/Oct/2014:16:21:33 +0000] "GET /pdv/ext-users/libs/angular.min.js HTTP/1.1" 200 107098 "http://localhost:7000/pdv/ext-users/" "Mozilla/5.0 (Macintosh; Intel Mac OS X 10_10_0) AppleWebKit/537.36 (KHTML, like Gecko) Chrome/37.0.2062.124 Safari/537.36"
10.0.2.2 - - [08/Oct/2014:16:21:33 +0000] "GET /pdv/ext-users/libs/angular-route.min.js HTTP/1.1" 200 3886 "http://localhost:7000/pdv/ext-users/" "Mozilla/5.0 (Macintosh; Intel Mac OS X 10_10_0) AppleWebKit/537.36 (KHTML, like Gecko) Chrome/37.0.2062.124 Safari/537.36"
10.0.2.2 - - [08/Oct/2014:16:21:33 +0000] "GET /pdv/ext-users/libs/lodash.min.js HTTP/1.1" 200 28151 "http://localhost:7000/pdv/ext-users/" "Mozilla/5.0 (Macintosh; Intel Mac OS X 10_10_0) AppleWebKit/537.36 (KHTML, like Gecko) Chrome/37.0.2062.124 Safari/537.36"
10.0.2.2 - - [08/Oct/2014:16:21:33 +0000] "GET /pdv/ext-users/js/app.js HTTP/1.1" 200 36 "http://localhost:7000/pdv/ext-users/" "Mozilla/5.0 (Macintosh; Intel Mac OS X 10_10_0) AppleWebKit/537.36 (KHTML, like Gecko) Chrome/37.0.2062.124 Safari/537.36"
10.0.2.2 - - [08/Oct/2014:16:21:33 +0000] "GET /pdv/ext-users/js/controllers/users.js HTTP/1.1" 200 1860 "http://localhost:7000/pdv/ext-users/" "Mozilla/5.0 (Macintosh; Intel Mac OS X 10_10_0) AppleWebKit/537.36 (KHTML, like Gecko) Chrome/37.0.2062.124 Safari/537.36"
10.0.2.2 - - [08/Oct/2014:16:21:33 +0000] "GET /pdv/ext-users/api/roles HTTP/1.1" 200 338 "http://localhost:7000/pdv/ext-users/" "Mozilla/5.0 (Macintosh; Intel Mac OS X 10_10_0) AppleWebKit/537.36 (KHTML, like Gecko) Chrome/37.0.2062.124 Safari/537.36"
10.0.2.2 - - [08/Oct/2014:16:21:33 +0000] "GET /pdv/ext-users/libs/angular.min.js.map HTTP/1.1" 304 0 "http://localhost:7000/pdv/ext-users/" "Mozilla/5.0 (Macintosh; Intel Mac OS X 10_10_0) AppleWebKit/537.36 (KHTML, like Gecko) Chrome/37.0.2062.124 Safari/537.36"
10.0.2.2 - - [08/Oct/2014:16:21:33 +0000] "GET /pdv/ext-users/libs/angular-route.min.js.map HTTP/1.1" 304 0 "http://localhost:7000/pdv/ext-users/" "Mozilla/5.0 (Macintosh; Intel Mac OS X 10_10_0) AppleWebKit/537.36 (KHTML, like Gecko) Chrome/37.0.2062.124 Safari/537.36"
172.17.42.1 - - [08/Oct/2014:16:21:33 +0000] "GET /pdv/remote/ws.rsp HTTP/1.1" 200 61 "-" "Go 1.1 package http"
10.0.2.2 - - [08/Oct/2014:16:21:33 +0000] "GET /pdv/ext-users/api/users HTTP/1.1" 200 644 "http://localhost:7000/pdv/ext-users/" "Mozilla/5.0 (Macintosh; Intel Mac OS X 10_10_0) AppleWebKit/537.36 (KHTML, like Gecko) Chrome/37.0.2062.124 Safari/537.36"
172.17.42.1 - - [08/Oct/2014:16:21:33 +0000] "GET /pdv/remote/ws.rsp HTTP/1.1" 200 61 "-" "Go 1.1 package http"
10.0.2.2 - - [08/Oct/2014:16:21:33 +0000] "GET /pdv/ext-users/api/user HTTP/1.1" 200 88 "http://localhost:7000/pdv/ext-users/" "Mozilla/5.0 (Macintosh; Intel Mac OS X 10_10_0) AppleWebKit/537.36 (KHTML, like Gecko) Chrome/37.0.2062.124 Safari/537.36"
10.0.2.2 - - [08/Oct/2014:16:25:44 +0000] "GET /pdv/ext-users/ HTTP/1.1" 200 3497 "-" "Mozilla/5.0 (Macintosh; Intel Mac OS X 10_10_0) AppleWebKit/537.36 (KHTML, like Gecko) Chrome/37.0.2062.124 Safari/537.36"
10.0.2.2 - - [08/Oct/2014:16:25:44 +0000] "GET /pdv/ext-users/libs/angular.min.js HTTP/1.1" 200 107098 "http://localhost:7000/pdv/ext-users/" "Mozilla/5.0 (Macintosh; Intel Mac OS X 10_10_0) AppleWebKit/537.36 (KHTML, like Gecko) Chrome/37.0.2062.124 Safari/537.36"
10.0.2.2 - - [08/Oct/2014:16:25:44 +0000] "GET /pdv/ext-users/libs/angular-route.min.js HTTP/1.1" 200 3886 "http://localhost:7000/pdv/ext-users/" "Mozilla/5.0 (Macintosh; Intel Mac OS X 10_10_0) AppleWebKit/537.36 (KHTML, like Gecko) Chrome/37.0.2062.124 Safari/537.36"
10.0.2.2 - - [08/Oct/2014:16:25:44 +0000] "GET /pdv/ext-users/libs/lodash.min.js HTTP/1.1" 200 28151 "http://localhost:7000/pdv/ext-users/" "Mozilla/5.0 (Macintosh; Intel Mac OS X 10_10_0) AppleWebKit/537.36 (KHTML, like Gecko) Chrome/37.0.2062.124 Safari/537.36"
10.0.2.2 - - [08/Oct/2014:16:25:44 +0000] "GET /pdv/ext-users/js/app.js HTTP/1.1" 200 36 "http://localhost:7000/pdv/ext-users/" "Mozilla/5.0 (Macintosh; Intel Mac OS X 10_10_0) AppleWebKit/537.36 (KHTML, like Gecko) Chrome/37.0.2062.124 Safari/537.36"
10.0.2.2 - - [08/Oct/2014:16:25:44 +0000] "GET /pdv/ext-users/js/controllers/users.js HTTP/1.1" 200 1860 "http://localhost:7000/pdv/ext-users/" "Mozilla/5.0 (Macintosh; Intel Mac OS X 10_10_0) AppleWebKit/537.36 (KHTML, like Gecko) Chrome/37.0.2062.124 Safari/537.36"
10.0.2.2 - - [08/Oct/2014:16:25:44 +0000] "GET /pdv/ext-users/libs/angular.min.js.map HTTP/1.1" 304 0 "http://localhost:7000/pdv/ext-users/" "Mozilla/5.0 (Macintosh; Intel Mac OS X 10_10_0) AppleWebKit/537.36 (KHTML, like Gecko) Chrome/37.0.2062.124 Safari/537.36"
10.0.2.2 - - [08/Oct/2014:16:25:44 +0000] "GET /pdv/ext-users/libs/angular-route.min.js.map HTTP/1.1" 304 0 "http://localhost:7000/pdv/ext-users/" "Mozilla/5.0 (Macintosh; Intel Mac OS X 10_10_0) AppleWebKit/537.36 (KHTML, like Gecko) Chrome/37.0.2062.124 Safari/537.36"
10.0.2.2 - - [08/Oct/2014:16:25:44 +0000] "GET /pdv/ext-users/api/roles HTTP/1.1" 200 338 "http://localhost:7000/pdv/ext-users/" "Mozilla/5.0 (Macintosh; Intel Mac OS X 10_10_0) AppleWebKit/537.36 (KHTML, like Gecko) Chrome/37.0.2062.124 Safari/537.36"
172.17.42.1 - - [08/Oct/2014:16:25:45 +0000] "GET /pdv/remote/ws.rsp HTTP/1.1" 200 61 "-" "Go 1.1 package http"
10.0.2.2 - - [08/Oct/2014:16:25:45 +0000] "GET /pdv/ext-users/api/users HTTP/1.1" 200 644 "http://localhost:7000/pdv/ext-users/" "Mozilla/5.0 (Macintosh; Intel Mac OS X 10_10_0) AppleWebKit/537.36 (KHTML, like Gecko) Chrome/37.0.2062.124 Safari/537.36"
172.17.42.1 - - [08/Oct/2014:16:25:45 +0000] "GET /pdv/remote/ws.rsp HTTP/1.1" 200 61 "-" "Go 1.1 package http"
10.0.2.2 - - [08/Oct/2014:16:25:45 +0000] "GET /pdv/ext-users/api/user HTTP/1.1" 200 88 "http://localhost:7000/pdv/ext-users/" "Mozilla/5.0 (Macintosh; Intel Mac OS X 10_10_0) AppleWebKit/537.36 (KHTML, like Gecko) Chrome/37.0.2062.124 Safari/537.36"
10.0.2.2 - - [08/Oct/2014:16:40:05 +0000] "GET /pdv/ext-users/ HTTP/1.1" 200 3452 "-" "Mozilla/5.0 (Macintosh; Intel Mac OS X 10_10_0) AppleWebKit/537.36 (KHTML, like Gecko) Chrome/37.0.2062.124 Safari/537.36"
10.0.2.2 - - [08/Oct/2014:16:40:05 +0000] "GET /pdv/ext-users/libs/angular.min.js HTTP/1.1" 200 107098 "http://localhost:7000/pdv/ext-users/" "Mozilla/5.0 (Macintosh; Intel Mac OS X 10_10_0) AppleWebKit/537.36 (KHTML, like Gecko) Chrome/37.0.2062.124 Safari/537.36"
10.0.2.2 - - [08/Oct/2014:16:40:05 +0000] "GET /pdv/ext-users/libs/angular-route.min.js HTTP/1.1" 200 3886 "http://localhost:7000/pdv/ext-users/" "Mozilla/5.0 (Macintosh; Intel Mac OS X 10_10_0) AppleWebKit/537.36 (KHTML, like Gecko) Chrome/37.0.2062.124 Safari/537.36"
10.0.2.2 - - [08/Oct/2014:16:40:05 +0000] "GET /pdv/ext-users/libs/lodash.min.js HTTP/1.1" 200 28151 "http://localhost:7000/pdv/ext-users/" "Mozilla/5.0 (Macintosh; Intel Mac OS X 10_10_0) AppleWebKit/537.36 (KHTML, like Gecko) Chrome/37.0.2062.124 Safari/537.36"
10.0.2.2 - - [08/Oct/2014:16:40:05 +0000] "GET /pdv/ext-users/js/app.js HTTP/1.1" 200 36 "http://localhost:7000/pdv/ext-users/" "Mozilla/5.0 (Macintosh; Intel Mac OS X 10_10_0) AppleWebKit/537.36 (KHTML, like Gecko) Chrome/37.0.2062.124 Safari/537.36"
10.0.2.2 - - [08/Oct/2014:16:40:05 +0000] "GET /pdv/ext-users/js/controllers/users.js HTTP/1.1" 200 1860 "http://localhost:7000/pdv/ext-users/" "Mozilla/5.0 (Macintosh; Intel Mac OS X 10_10_0) AppleWebKit/537.36 (KHTML, like Gecko) Chrome/37.0.2062.124 Safari/537.36"
10.0.2.2 - - [08/Oct/2014:16:40:05 +0000] "GET /pdv/ext-users/api/users HTTP/1.1" 502 583 "http://localhost:7000/pdv/ext-users/" "Mozilla/5.0 (Macintosh; Intel Mac OS X 10_10_0) AppleWebKit/537.36 (KHTML, like Gecko) Chrome/37.0.2062.124 Safari/537.36"
10.0.2.2 - - [08/Oct/2014:16:40:06 +0000] "GET /pdv/ext-users/libs/angular.min.js.map HTTP/1.1" 304 0 "http://localhost:7000/pdv/ext-users/" "Mozilla/5.0 (Macintosh; Intel Mac OS X 10_10_0) AppleWebKit/537.36 (KHTML, like Gecko) Chrome/37.0.2062.124 Safari/537.36"
10.0.2.2 - - [08/Oct/2014:16:40:06 +0000] "GET /pdv/ext-users/libs/angular-route.min.js.map HTTP/1.1" 304 0 "http://localhost:7000/pdv/ext-users/" "Mozilla/5.0 (Macintosh; Intel Mac OS X 10_10_0) AppleWebKit/537.36 (KHTML, like Gecko) Chrome/37.0.2062.124 Safari/537.36"
10.0.2.2 - - [08/Oct/2014:16:40:06 +0000] "GET /pdv/ext-users/api/user HTTP/1.1" 502 583 "http://localhost:7000/pdv/ext-users/" "Mozilla/5.0 (Macintosh; Intel Mac OS X 10_10_0) AppleWebKit/537.36 (KHTML, like Gecko) Chrome/37.0.2062.124 Safari/537.36"
10.0.2.2 - - [08/Oct/2014:16:40:06 +0000] "GET /pdv/ext-users/api/roles HTTP/1.1" 502 583 "http://localhost:7000/pdv/ext-users/" "Mozilla/5.0 (Macintosh; Intel Mac OS X 10_10_0) AppleWebKit/537.36 (KHTML, like Gecko) Chrome/37.0.2062.124 Safari/537.36"
10.0.2.2 - - [08/Oct/2014:16:41:00 +0000] "GET /pdv HTTP/1.1" 301 5 "-" "Mozilla/5.0 (Macintosh; Intel Mac OS X 10_10_0) AppleWebKit/537.36 (KHTML, like Gecko) Chrome/37.0.2062.124 Safari/537.36"
10.0.2.2 - - [08/Oct/2014:16:41:01 +0000] "GET /pdv/ HTTP/1.1" 200 17546 "-" "Mozilla/5.0 (Macintosh; Intel Mac OS X 10_10_0) AppleWebKit/537.36 (KHTML, like Gecko) Chrome/37.0.2062.124 Safari/537.36"
10.0.2.2 - - [08/Oct/2014:16:41:04 +0000] "GET /pdv/ext-users/api/roles HTTP/1.1" 200 338 "http://localhost:7000/pdv/ext-users/" "Mozilla/5.0 (Macintosh; Intel Mac OS X 10_10_0) AppleWebKit/537.36 (KHTML, like Gecko) Chrome/37.0.2062.124 Safari/537.36"
10.0.2.2 - - [08/Oct/2014:16:41:05 +0000] "GET /pdv/ext-users/api/users HTTP/1.1" 499 0 "http://localhost:7000/pdv/ext-users/" "Mozilla/5.0 (Macintosh; Intel Mac OS X 10_10_0) AppleWebKit/537.36 (KHTML, like Gecko) Chrome/37.0.2062.124 Safari/537.36"
10.0.2.2 - - [08/Oct/2014:16:41:05 +0000] "GET /pdv/ext-users/api/user HTTP/1.1" 499 0 "http://localhost:7000/pdv/ext-users/" "Mozilla/5.0 (Macintosh; Intel Mac OS X 10_10_0) AppleWebKit/537.36 (KHTML, like Gecko) Chrome/37.0.2062.124 Safari/537.36"
172.17.42.1 - - [08/Oct/2014:16:41:05 +0000] "GET /pdv/remote/ws.rsp HTTP/1.1" 200 61 "-" "Go 1.1 package http"
10.0.2.2 - - [08/Oct/2014:16:41:05 +0000] "GET /pdv/ext-users/api/roles HTTP/1.1" 200 338 "http://localhost:7000/pdv/ext-users/" "Mozilla/5.0 (Macintosh; Intel Mac OS X 10_10_0) AppleWebKit/537.36 (KHTML, like Gecko) Chrome/37.0.2062.124 Safari/537.36"
10.0.2.2 - - [08/Oct/2014:16:41:05 +0000] "GET /pdv/ext-users/libs/angular.min.js.map HTTP/1.1" 304 0 "http://localhost:7000/pdv/ext-users/" "Mozilla/5.0 (Macintosh; Intel Mac OS X 10_10_0) AppleWebKit/537.36 (KHTML, like Gecko) Chrome/37.0.2062.124 Safari/537.36"
10.0.2.2 - - [08/Oct/2014:16:41:05 +0000] "GET /pdv/ext-users/libs/angular-route.min.js.map HTTP/1.1" 304 0 "http://localhost:7000/pdv/ext-users/" "Mozilla/5.0 (Macintosh; Intel Mac OS X 10_10_0) AppleWebKit/537.36 (KHTML, like Gecko) Chrome/37.0.2062.124 Safari/537.36"
172.17.42.1 - - [08/Oct/2014:16:41:05 +0000] "GET /pdv/remote/ws.rsp HTTP/1.1" 200 61 "-" "Go 1.1 package http"
172.17.42.1 - - [08/Oct/2014:16:41:05 +0000] "GET /pdv/remote/ws.rsp HTTP/1.1" 200 61 "-" "Go 1.1 package http"
10.0.2.2 - - [08/Oct/2014:16:41:05 +0000] "GET /pdv/ext-users/api/users HTTP/1.1" 200 644 "http://localhost:7000/pdv/ext-users/" "Mozilla/5.0 (Macintosh; Intel Mac OS X 10_10_0) AppleWebKit/537.36 (KHTML, like Gecko) Chrome/37.0.2062.124 Safari/537.36"
172.17.42.1 - - [08/Oct/2014:16:41:05 +0000] "GET /pdv/remote/ws.rsp HTTP/1.1" 200 61 "-" "Go 1.1 package http"
10.0.2.2 - - [08/Oct/2014:16:41:05 +0000] "GET /pdv/ext-users/api/user HTTP/1.1" 200 88 "http://localhost:7000/pdv/ext-users/" "Mozilla/5.0 (Macintosh; Intel Mac OS X 10_10_0) AppleWebKit/537.36 (KHTML, like Gecko) Chrome/37.0.2062.124 Safari/537.36"
10.0.2.2 - - [08/Oct/2014:16:41:06 +0000] "GET /pdv/ext-users/ HTTP/1.1" 200 3452 "-" "Mozilla/5.0 (Macintosh; Intel Mac OS X 10_10_0) AppleWebKit/537.36 (KHTML, like Gecko) Chrome/37.0.2062.124 Safari/537.36"
10.0.2.2 - - [08/Oct/2014:16:41:06 +0000] "GET /pdv/ext-users/libs/angular.min.js HTTP/1.1" 200 107098 "http://localhost:7000/pdv/ext-users/" "Mozilla/5.0 (Macintosh; Intel Mac OS X 10_10_0) AppleWebKit/537.36 (KHTML, like Gecko) Chrome/37.0.2062.124 Safari/537.36"
10.0.2.2 - - [08/Oct/2014:16:41:06 +0000] "GET /pdv/ext-users/libs/angular-route.min.js HTTP/1.1" 200 3886 "http://localhost:7000/pdv/ext-users/" "Mozilla/5.0 (Macintosh; Intel Mac OS X 10_10_0) AppleWebKit/537.36 (KHTML, like Gecko) Chrome/37.0.2062.124 Safari/537.36"
10.0.2.2 - - [08/Oct/2014:16:41:06 +0000] "GET /pdv/ext-users/libs/lodash.min.js HTTP/1.1" 200 28151 "http://localhost:7000/pdv/ext-users/" "Mozilla/5.0 (Macintosh; Intel Mac OS X 10_10_0) AppleWebKit/537.36 (KHTML, like Gecko) Chrome/37.0.2062.124 Safari/537.36"
10.0.2.2 - - [08/Oct/2014:16:41:06 +0000] "GET /pdv/ext-users/js/app.js HTTP/1.1" 200 36 "http://localhost:7000/pdv/ext-users/" "Mozilla/5.0 (Macintosh; Intel Mac OS X 10_10_0) AppleWebKit/537.36 (KHTML, like Gecko) Chrome/37.0.2062.124 Safari/537.36"
10.0.2.2 - - [08/Oct/2014:16:41:06 +0000] "GET /pdv/ext-users/js/controllers/users.js HTTP/1.1" 200 1860 "http://localhost:7000/pdv/ext-users/" "Mozilla/5.0 (Macintosh; Intel Mac OS X 10_10_0) AppleWebKit/537.36 (KHTML, like Gecko) Chrome/37.0.2062.124 Safari/537.36"
10.0.2.2 - - [08/Oct/2014:16:41:06 +0000] "GET /pdv/ext-users/api/roles HTTP/1.1" 200 338 "http://localhost:7000/pdv/ext-users/" "Mozilla/5.0 (Macintosh; Intel Mac OS X 10_10_0) AppleWebKit/537.36 (KHTML, like Gecko) Chrome/37.0.2062.124 Safari/537.36"
10.0.2.2 - - [08/Oct/2014:16:41:06 +0000] "GET /pdv/ext-users/libs/angular.min.js.map HTTP/1.1" 304 0 "http://localhost:7000/pdv/ext-users/" "Mozilla/5.0 (Macintosh; Intel Mac OS X 10_10_0) AppleWebKit/537.36 (KHTML, like Gecko) Chrome/37.0.2062.124 Safari/537.36"
10.0.2.2 - - [08/Oct/2014:16:41:06 +0000] "GET /pdv/ext-users/libs/angular-route.min.js.map HTTP/1.1" 304 0 "http://localhost:7000/pdv/ext-users/" "Mozilla/5.0 (Macintosh; Intel Mac OS X 10_10_0) AppleWebKit/537.36 (KHTML, like Gecko) Chrome/37.0.2062.124 Safari/537.36"
172.17.42.1 - - [08/Oct/2014:16:41:06 +0000] "GET /pdv/remote/ws.rsp HTTP/1.1" 200 61 "-" "Go 1.1 package http"
10.0.2.2 - - [08/Oct/2014:16:41:06 +0000] "GET /pdv/ext-users/api/users HTTP/1.1" 200 644 "http://localhost:7000/pdv/ext-users/" "Mozilla/5.0 (Macintosh; Intel Mac OS X 10_10_0) AppleWebKit/537.36 (KHTML, like Gecko) Chrome/37.0.2062.124 Safari/537.36"
172.17.42.1 - - [08/Oct/2014:16:41:06 +0000] "GET /pdv/remote/ws.rsp HTTP/1.1" 200 61 "-" "Go 1.1 package http"
10.0.2.2 - - [08/Oct/2014:16:41:06 +0000] "GET /pdv/ext-users/api/user HTTP/1.1" 200 88 "http://localhost:7000/pdv/ext-users/" "Mozilla/5.0 (Macintosh; Intel Mac OS X 10_10_0) AppleWebKit/537.36 (KHTML, like Gecko) Chrome/37.0.2062.124 Safari/537.36"
172.17.42.1 - - [08/Oct/2014:16:41:15 +0000] "GET /pdv/remote/ws.rsp HTTP/1.1" 200 61 "-" "Go 1.1 package http"
10.0.2.2 - - [08/Oct/2014:16:41:15 +0000] "PUT /pdv/ext-users/api/users/2241 HTTP/1.1" 200 7 "http://localhost:7000/pdv/ext-users/" "Mozilla/5.0 (Macintosh; Intel Mac OS X 10_10_0) AppleWebKit/537.36 (KHTML, like Gecko) Chrome/37.0.2062.124 Safari/537.36"
172.17.42.1 - - [08/Oct/2014:16:41:26 +0000] "GET /pdv/remote/ws.rsp HTTP/1.1" 200 61 "-" "Go 1.1 package http"
10.0.2.2 - - [08/Oct/2014:16:41:26 +0000] "PUT /pdv/ext-users/api/users/1038 HTTP/1.1" 200 7 "http://localhost:7000/pdv/ext-users/" "Mozilla/5.0 (Macintosh; Intel Mac OS X 10_10_0) AppleWebKit/537.36 (KHTML, like Gecko) Chrome/37.0.2062.124 Safari/537.36"
10.0.2.2 - - [13/Oct/2014:11:33:46 +0000] "GET /pdv HTTP/1.1" 301 5 "-" "Mozilla/5.0 (Macintosh; Intel Mac OS X 10_10_0) AppleWebKit/537.36 (KHTML, like Gecko) Chrome/38.0.2125.101 Safari/537.36"
10.0.2.2 - - [13/Oct/2014:11:33:46 +0000] "GET /pdv/ HTTP/1.1" 200 4085 "-" "Mozilla/5.0 (Macintosh; Intel Mac OS X 10_10_0) AppleWebKit/537.36 (KHTML, like Gecko) Chrome/38.0.2125.101 Safari/537.36"
10.0.2.2 - - [13/Oct/2014:11:33:47 +0000] "GET /pdv/public/css/all.min.css HTTP/1.1" 200 53604 "http://localhost:7000/pdv/" "Mozilla/5.0 (Macintosh; Intel Mac OS X 10_10_0) AppleWebKit/537.36 (KHTML, like Gecko) Chrome/38.0.2125.101 Safari/537.36"
10.0.2.2 - - [13/Oct/2014:11:33:47 +0000] "GET /pdv/public/logoblue.png HTTP/1.1" 200 16430 "http://localhost:7000/pdv/" "Mozilla/5.0 (Macintosh; Intel Mac OS X 10_10_0) AppleWebKit/537.36 (KHTML, like Gecko) Chrome/38.0.2125.101 Safari/537.36"
10.0.2.2 - - [13/Oct/2014:11:33:47 +0000] "GET /pdv/public/js/all.min.js HTTP/1.1" 200 359277 "http://localhost:7000/pdv/" "Mozilla/5.0 (Macintosh; Intel Mac OS X 10_10_0) AppleWebKit/537.36 (KHTML, like Gecko) Chrome/38.0.2125.101 Safari/537.36"
10.0.2.2 - - [13/Oct/2014:11:33:47 +0000] "GET /pdv/public/logo-andes1.jpg HTTP/1.1" 200 6942 "http://localhost:7000/pdv/" "Mozilla/5.0 (Macintosh; Intel Mac OS X 10_10_0) AppleWebKit/537.36 (KHTML, like Gecko) Chrome/38.0.2125.101 Safari/537.36"
10.0.2.2 - - [13/Oct/2014:11:33:47 +0000] "GET /pdv/public/css/images/bg.jpg HTTP/1.1" 200 1229 "http://localhost:7000/pdv/public/css/all.min.css" "Mozilla/5.0 (Macintosh; Intel Mac OS X 10_10_0) AppleWebKit/537.36 (KHTML, like Gecko) Chrome/38.0.2125.101 Safari/537.36"
10.0.2.2 - - [13/Oct/2014:11:33:47 +0000] "GET /favicon.ico HTTP/1.1" 200 25214 "-" "Mozilla/5.0 (Macintosh; Intel Mac OS X 10_10_0) AppleWebKit/537.36 (KHTML, like Gecko) Chrome/38.0.2125.101 Safari/537.36"
10.0.2.2 - - [13/Oct/2014:11:33:53 +0000] "POST /pdv/ HTTP/1.1" 200 15015 "http://localhost:7000/pdv/" "Mozilla/5.0 (Macintosh; Intel Mac OS X 10_10_0) AppleWebKit/537.36 (KHTML, like Gecko) Chrome/38.0.2125.101 Safari/537.36"
10.0.2.2 - - [13/Oct/2014:11:33:56 +0000] "POST /pdv/ HTTP/1.1" 200 19214 "http://localhost:7000/pdv/" "Mozilla/5.0 (Macintosh; Intel Mac OS X 10_10_0) AppleWebKit/537.36 (KHTML, like Gecko) Chrome/38.0.2125.101 Safari/537.36"
10.0.2.2 - - [13/Oct/2014:11:33:56 +0000] "GET /pdv/public/css/all.min.css HTTP/1.1" 304 0 "http://localhost:7000/pdv/" "Mozilla/5.0 (Macintosh; Intel Mac OS X 10_10_0) AppleWebKit/537.36 (KHTML, like Gecko) Chrome/38.0.2125.101 Safari/537.36"
10.0.2.2 - - [13/Oct/2014:11:33:56 +0000] "GET /pdv/public/js/all.min.js HTTP/1.1" 304 0 "http://localhost:7000/pdv/" "Mozilla/5.0 (Macintosh; Intel Mac OS X 10_10_0) AppleWebKit/537.36 (KHTML, like Gecko) Chrome/38.0.2125.101 Safari/537.36"
10.0.2.2 - - [13/Oct/2014:11:33:56 +0000] "GET /pdv/public/css/fonts/fontawesome-webfont.woff?v=4.0.1 HTTP/1.1" 200 44476 "http://localhost:7000/pdv/public/css/all.min.css" "Mozilla/5.0 (Macintosh; Intel Mac OS X 10_10_0) AppleWebKit/537.36 (KHTML, like Gecko) Chrome/38.0.2125.101 Safari/537.36"
10.0.2.2 - - [13/Oct/2014:11:33:58 +0000] "GET /pdv/ext-users HTTP/1.1" 301 193 "http://localhost:7000/pdv/" "Mozilla/5.0 (Macintosh; Intel Mac OS X 10_10_0) AppleWebKit/537.36 (KHTML, like Gecko) Chrome/38.0.2125.101 Safari/537.36"
10.0.2.2 - - [13/Oct/2014:11:34:04 +0000] "GET /pdv/ext-users/ HTTP/1.1" 200 3452 "-" "Mozilla/5.0 (Macintosh; Intel Mac OS X 10_10_0) AppleWebKit/537.36 (KHTML, like Gecko) Chrome/38.0.2125.101 Safari/537.36"
10.0.2.2 - - [13/Oct/2014:11:34:05 +0000] "GET /pdv/ext-users/libs/angular.min.js HTTP/1.1" 200 107098 "http://localhost:7000/pdv/ext-users/" "Mozilla/5.0 (Macintosh; Intel Mac OS X 10_10_0) AppleWebKit/537.36 (KHTML, like Gecko) Chrome/38.0.2125.101 Safari/537.36"
10.0.2.2 - - [13/Oct/2014:11:34:05 +0000] "GET /pdv/ext-users/libs/angular-route.min.js HTTP/1.1" 200 3886 "http://localhost:7000/pdv/ext-users/" "Mozilla/5.0 (Macintosh; Intel Mac OS X 10_10_0) AppleWebKit/537.36 (KHTML, like Gecko) Chrome/38.0.2125.101 Safari/537.36"
10.0.2.2 - - [13/Oct/2014:11:34:05 +0000] "GET /pdv/ext-users/libs/lodash.min.js HTTP/1.1" 200 28151 "http://localhost:7000/pdv/ext-users/" "Mozilla/5.0 (Macintosh; Intel Mac OS X 10_10_0) AppleWebKit/537.36 (KHTML, like Gecko) Chrome/38.0.2125.101 Safari/537.36"
10.0.2.2 - - [13/Oct/2014:11:34:05 +0000] "GET /pdv/ext-users/js/app.js HTTP/1.1" 200 36 "http://localhost:7000/pdv/ext-users/" "Mozilla/5.0 (Macintosh; Intel Mac OS X 10_10_0) AppleWebKit/537.36 (KHTML, like Gecko) Chrome/38.0.2125.101 Safari/537.36"
10.0.2.2 - - [13/Oct/2014:11:34:05 +0000] "GET /pdv/ext-users/js/controllers/users.js HTTP/1.1" 200 1860 "http://localhost:7000/pdv/ext-users/" "Mozilla/5.0 (Macintosh; Intel Mac OS X 10_10_0) AppleWebKit/537.36 (KHTML, like Gecko) Chrome/38.0.2125.101 Safari/537.36"
10.0.2.2 - - [13/Oct/2014:11:34:05 +0000] "GET /pdv/ext-users/api/roles HTTP/1.1" 200 338 "http://localhost:7000/pdv/ext-users/" "Mozilla/5.0 (Macintosh; Intel Mac OS X 10_10_0) AppleWebKit/537.36 (KHTML, like Gecko) Chrome/38.0.2125.101 Safari/537.36"
10.0.2.2 - - [13/Oct/2014:11:34:05 +0000] "GET /pdv/ext-users/api/users HTTP/1.1" 401 6 "http://localhost:7000/pdv/ext-users/" "Mozilla/5.0 (Macintosh; Intel Mac OS X 10_10_0) AppleWebKit/537.36 (KHTML, like Gecko) Chrome/38.0.2125.101 Safari/537.36"
10.0.2.2 - - [13/Oct/2014:11:34:05 +0000] "GET /pdv/ext-users/api/user HTTP/1.1" 401 6 "http://localhost:7000/pdv/ext-users/" "Mozilla/5.0 (Macintosh; Intel Mac OS X 10_10_0) AppleWebKit/537.36 (KHTML, like Gecko) Chrome/38.0.2125.101 Safari/537.36"
10.0.2.2 - - [13/Oct/2014:11:35:13 +0000] "GET /pdv/ext-users/ HTTP/1.1" 304 0 "-" "Mozilla/5.0 (Macintosh; Intel Mac OS X 10_10_0) AppleWebKit/537.36 (KHTML, like Gecko) Chrome/38.0.2125.101 Safari/537.36"
10.0.2.2 - - [13/Oct/2014:11:35:13 +0000] "GET /pdv/ext-users/libs/angular.min.js HTTP/1.1" 304 0 "http://localhost:7000/pdv/ext-users/" "Mozilla/5.0 (Macintosh; Intel Mac OS X 10_10_0) AppleWebKit/537.36 (KHTML, like Gecko) Chrome/38.0.2125.101 Safari/537.36"
10.0.2.2 - - [13/Oct/2014:11:35:13 +0000] "GET /pdv/ext-users/libs/angular-route.min.js HTTP/1.1" 304 0 "http://localhost:7000/pdv/ext-users/" "Mozilla/5.0 (Macintosh; Intel Mac OS X 10_10_0) AppleWebKit/537.36 (KHTML, like Gecko) Chrome/38.0.2125.101 Safari/537.36"
10.0.2.2 - - [13/Oct/2014:11:35:13 +0000] "GET /pdv/ext-users/libs/lodash.min.js HTTP/1.1" 304 0 "http://localhost:7000/pdv/ext-users/" "Mozilla/5.0 (Macintosh; Intel Mac OS X 10_10_0) AppleWebKit/537.36 (KHTML, like Gecko) Chrome/38.0.2125.101 Safari/537.36"
10.0.2.2 - - [13/Oct/2014:11:35:13 +0000] "GET /pdv/ext-users/js/app.js HTTP/1.1" 304 0 "http://localhost:7000/pdv/ext-users/" "Mozilla/5.0 (Macintosh; Intel Mac OS X 10_10_0) AppleWebKit/537.36 (KHTML, like Gecko) Chrome/38.0.2125.101 Safari/537.36"
10.0.2.2 - - [13/Oct/2014:11:35:13 +0000] "GET /pdv/ext-users/js/controllers/users.js HTTP/1.1" 304 0 "http://localhost:7000/pdv/ext-users/" "Mozilla/5.0 (Macintosh; Intel Mac OS X 10_10_0) AppleWebKit/537.36 (KHTML, like Gecko) Chrome/38.0.2125.101 Safari/537.36"
10.0.2.2 - - [13/Oct/2014:11:35:13 +0000] "GET /pdv/ext-users/api/users HTTP/1.1" 401 6 "http://localhost:7000/pdv/ext-users/" "Mozilla/5.0 (Macintosh; Intel Mac OS X 10_10_0) AppleWebKit/537.36 (KHTML, like Gecko) Chrome/38.0.2125.101 Safari/537.36"
10.0.2.2 - - [13/Oct/2014:11:35:13 +0000] "GET /pdv/ext-users/api/roles HTTP/1.1" 200 338 "http://localhost:7000/pdv/ext-users/" "Mozilla/5.0 (Macintosh; Intel Mac OS X 10_10_0) AppleWebKit/537.36 (KHTML, like Gecko) Chrome/38.0.2125.101 Safari/537.36"
