10.0.2.2 - - [08/Oct/2014:14:19:57 +0000] "GET /pdv/ext-users/api/roles HTTP/1.1" 200 338 "http://localhost:7000/pdv/ext-users/" "Mozilla/5.0 (Macintosh; Intel Mac OS X 10_10_0) AppleWebKit/537.36 (KHTML, like Gecko) Chrome/37.0.2062.124 Safari/537.36"
172.17.42.1 - - [08/Oct/2014:14:19:57 +0000] "GET /pdv/remote/ws.rsp HTTP/1.1" 200 61 "-" "Go 1.1 package http"
172.17.42.1 - - [08/Oct/2014:14:19:57 +0000] "GET /pdv/remote/ws.rsp HTTP/1.1" 200 61 "-" "Go 1.1 package http"
10.0.2.2 - - [08/Oct/2014:14:19:57 +0000] "GET /pdv/ext-users/api/users HTTP/1.1" 200 515 "http://localhost:7000/pdv/ext-users/" "Mozilla/5.0 (Macintosh; Intel Mac OS X 10_10_0) AppleWebKit/537.36 (KHTML, like Gecko) Chrome/37.0.2062.124 Safari/537.36"
10.0.2.2 - - [08/Oct/2014:14:19:57 +0000] "GET /pdv/ext-users/api/user HTTP/1.1" 200 73 "http://localhost:7000/pdv/ext-users/" "Mozilla/5.0 (Macintosh; Intel Mac OS X 10_10_0) AppleWebKit/537.36 (KHTML, like Gecko) Chrome/37.0.2062.124 Safari/537.36"
10.0.2.2 - - [08/Oct/2014:14:22:52 +0000] "GET /pdv/ext-users/ HTTP/1.1" 200 3060 "-" "Mozilla/5.0 (Macintosh; Intel Mac OS X 10_10_0) AppleWebKit/537.36 (KHTML, like Gecko) Chrome/37.0.2062.124 Safari/537.36"
10.0.2.2 - - [08/Oct/2014:14:22:52 +0000] "GET /pdv/ext-users/libs/angular.min.js HTTP/1.1" 200 107098 "http://localhost:7000/pdv/ext-users/" "Mozilla/5.0 (Macintosh; Intel Mac OS X 10_10_0) AppleWebKit/537.36 (KHTML, like Gecko) Chrome/37.0.2062.124 Safari/537.36"
10.0.2.2 - - [08/Oct/2014:14:22:52 +0000] "GET /pdv/ext-users/libs/angular-route.min.js HTTP/1.1" 200 3886 "http://localhost:7000/pdv/ext-users/" "Mozilla/5.0 (Macintosh; Intel Mac OS X 10_10_0) AppleWebKit/537.36 (KHTML, like Gecko) Chrome/37.0.2062.124 Safari/537.36"
10.0.2.2 - - [08/Oct/2014:14:22:52 +0000] "GET /pdv/ext-users/libs/lodash.min.js HTTP/1.1" 200 28151 "http://localhost:7000/pdv/ext-users/" "Mozilla/5.0 (Macintosh; Intel Mac OS X 10_10_0) AppleWebKit/537.36 (KHTML, like Gecko) Chrome/37.0.2062.124 Safari/537.36"
10.0.2.2 - - [08/Oct/2014:14:22:52 +0000] "GET /pdv/ext-users/js/app.js HTTP/1.1" 200 36 "http://localhost:7000/pdv/ext-users/" "Mozilla/5.0 (Macintosh; Intel Mac OS X 10_10_0) AppleWebKit/537.36 (KHTML, like Gecko) Chrome/37.0.2062.124 Safari/537.36"
10.0.2.2 - - [08/Oct/2014:14:22:52 +0000] "GET /pdv/ext-users/js/controllers/users.js HTTP/1.1" 200 1860 "http://localhost:7000/pdv/ext-users/" "Mozilla/5.0 (Macintosh; Intel Mac OS X 10_10_0) AppleWebKit/537.36 (KHTML, like Gecko) Chrome/37.0.2062.124 Safari/537.36"
10.0.2.2 - - [08/Oct/2014:14:22:52 +0000] "GET /pdv/ext-users/api/roles HTTP/1.1" 200 338 "http://localhost:7000/pdv/ext-users/" "Mozilla/5.0 (Macintosh; Intel Mac OS X 10_10_0) AppleWebKit/537.36 (KHTML, like Gecko) Chrome/37.0.2062.124 Safari/537.36"
10.0.2.2 - - [08/Oct/2014:14:22:52 +0000] "GET /pdv/ext-users/libs/angular.min.js.map HTTP/1.1" 304 0 "http://localhost:7000/pdv/ext-users/" "Mozilla/5.0 (Macintosh; Intel Mac OS X 10_10_0) AppleWebKit/537.36 (KHTML, like Gecko) Chrome/37.0.2062.124 Safari/537.36"
10.0.2.2 - - [08/Oct/2014:14:22:52 +0000] "GET /pdv/ext-users/libs/angular-route.min.js.map HTTP/1.1" 304 0 "http://localhost:7000/pdv/ext-users/" "Mozilla/5.0 (Macintosh; Intel Mac OS X 10_10_0) AppleWebKit/537.36 (KHTML, like Gecko) Chrome/37.0.2062.124 Safari/537.36"
172.17.42.1 - - [08/Oct/2014:14:22:52 +0000] "GET /pdv/remote/ws.rsp HTTP/1.1" 200 61 "-" "Go 1.1 package http"
10.0.2.2 - - [08/Oct/2014:14:22:52 +0000] "GET /pdv/ext-users/api/users HTTP/1.1" 200 515 "http://localhost:7000/pdv/ext-users/" "Mozilla/5.0 (Macintosh; Intel Mac OS X 10_10_0) AppleWebKit/537.36 (KHTML, like Gecko) Chrome/37.0.2062.124 Safari/537.36"
172.17.42.1 - - [08/Oct/2014:14:22:52 +0000] "GET /pdv/remote/ws.rsp HTTP/1.1" 200 61 "-" "Go 1.1 package http"
10.0.2.2 - - [08/Oct/2014:14:22:52 +0000] "GET /pdv/ext-users/api/user HTTP/1.1" 200 73 "http://localhost:7000/pdv/ext-users/" "Mozilla/5.0 (Macintosh; Intel Mac OS X 10_10_0) AppleWebKit/537.36 (KHTML, like Gecko) Chrome/37.0.2062.124 Safari/537.36"
10.0.2.2 - - [08/Oct/2014:14:23:22 +0000] "GET /pdv/ext-users/ HTTP/1.1" 200 3060 "-" "Mozilla/5.0 (Macintosh; Intel Mac OS X 10_10_0) AppleWebKit/537.36 (KHTML, like Gecko) Chrome/37.0.2062.124 Safari/537.36"
10.0.2.2 - - [08/Oct/2014:14:23:22 +0000] "GET /pdv/ext-users/libs/angular.min.js HTTP/1.1" 200 107098 "http://localhost:7000/pdv/ext-users/" "Mozilla/5.0 (Macintosh; Intel Mac OS X 10_10_0) AppleWebKit/537.36 (KHTML, like Gecko) Chrome/37.0.2062.124 Safari/537.36"
10.0.2.2 - - [08/Oct/2014:14:23:22 +0000] "GET /pdv/ext-users/libs/angular-route.min.js HTTP/1.1" 200 3886 "http://localhost:7000/pdv/ext-users/" "Mozilla/5.0 (Macintosh; Intel Mac OS X 10_10_0) AppleWebKit/537.36 (KHTML, like Gecko) Chrome/37.0.2062.124 Safari/537.36"
10.0.2.2 - - [08/Oct/2014:14:23:22 +0000] "GET /pdv/ext-users/libs/lodash.min.js HTTP/1.1" 200 28151 "http://localhost:7000/pdv/ext-users/" "Mozilla/5.0 (Macintosh; Intel Mac OS X 10_10_0) AppleWebKit/537.36 (KHTML, like Gecko) Chrome/37.0.2062.124 Safari/537.36"
10.0.2.2 - - [08/Oct/2014:14:23:22 +0000] "GET /pdv/ext-users/js/app.js HTTP/1.1" 200 36 "http://localhost:7000/pdv/ext-users/" "Mozilla/5.0 (Macintosh; Intel Mac OS X 10_10_0) AppleWebKit/537.36 (KHTML, like Gecko) Chrome/37.0.2062.124 Safari/537.36"
10.0.2.2 - - [08/Oct/2014:14:23:22 +0000] "GET /pdv/ext-users/js/controllers/users.js HTTP/1.1" 200 1860 "http://localhost:7000/pdv/ext-users/" "Mozilla/5.0 (Macintosh; Intel Mac OS X 10_10_0) AppleWebKit/537.36 (KHTML, like Gecko) Chrome/37.0.2062.124 Safari/537.36"
10.0.2.2 - - [08/Oct/2014:14:23:22 +0000] "GET /pdv/ext-users/api/roles HTTP/1.1" 200 338 "http://localhost:7000/pdv/ext-users/" "Mozilla/5.0 (Macintosh; Intel Mac OS X 10_10_0) AppleWebKit/537.36 (KHTML, like Gecko) Chrome/37.0.2062.124 Safari/537.36"
10.0.2.2 - - [08/Oct/2014:14:23:22 +0000] "GET /pdv/ext-users/libs/angular.min.js.map HTTP/1.1" 304 0 "http://localhost:7000/pdv/ext-users/" "Mozilla/5.0 (Macintosh; Intel Mac OS X 10_10_0) AppleWebKit/537.36 (KHTML, like Gecko) Chrome/37.0.2062.124 Safari/537.36"
10.0.2.2 - - [08/Oct/2014:14:23:22 +0000] "GET /pdv/ext-users/libs/angular-route.min.js.map HTTP/1.1" 304 0 "http://localhost:7000/pdv/ext-users/" "Mozilla/5.0 (Macintosh; Intel Mac OS X 10_10_0) AppleWebKit/537.36 (KHTML, like Gecko) Chrome/37.0.2062.124 Safari/537.36"
172.17.42.1 - - [08/Oct/2014:14:23:22 +0000] "GET /pdv/remote/ws.rsp HTTP/1.1" 200 61 "-" "Go 1.1 package http"
10.0.2.2 - - [08/Oct/2014:14:23:22 +0000] "GET /pdv/ext-users/api/users HTTP/1.1" 200 515 "http://localhost:7000/pdv/ext-users/" "Mozilla/5.0 (Macintosh; Intel Mac OS X 10_10_0) AppleWebKit/537.36 (KHTML, like Gecko) Chrome/37.0.2062.124 Safari/537.36"
172.17.42.1 - - [08/Oct/2014:14:23:23 +0000] "GET /pdv/remote/ws.rsp HTTP/1.1" 200 61 "-" "Go 1.1 package http"
10.0.2.2 - - [08/Oct/2014:14:23:23 +0000] "GET /pdv/ext-users/api/user HTTP/1.1" 200 73 "http://localhost:7000/pdv/ext-users/" "Mozilla/5.0 (Macintosh; Intel Mac OS X 10_10_0) AppleWebKit/537.36 (KHTML, like Gecko) Chrome/37.0.2062.124 Safari/537.36"
10.0.2.2 - - [08/Oct/2014:14:25:05 +0000] "GET /pdv/ext-users/ HTTP/1.1" 200 3084 "-" "Mozilla/5.0 (Macintosh; Intel Mac OS X 10_10_0) AppleWebKit/537.36 (KHTML, like Gecko) Chrome/37.0.2062.124 Safari/537.36"
10.0.2.2 - - [08/Oct/2014:14:25:05 +0000] "GET /pdv/ext-users/libs/angular.min.js HTTP/1.1" 200 107098 "http://localhost:7000/pdv/ext-users/" "Mozilla/5.0 (Macintosh; Intel Mac OS X 10_10_0) AppleWebKit/537.36 (KHTML, like Gecko) Chrome/37.0.2062.124 Safari/537.36"
10.0.2.2 - - [08/Oct/2014:14:25:05 +0000] "GET /pdv/ext-users/libs/angular-route.min.js HTTP/1.1" 200 3886 "http://localhost:7000/pdv/ext-users/" "Mozilla/5.0 (Macintosh; Intel Mac OS X 10_10_0) AppleWebKit/537.36 (KHTML, like Gecko) Chrome/37.0.2062.124 Safari/537.36"
10.0.2.2 - - [08/Oct/2014:14:25:05 +0000] "GET /pdv/ext-users/libs/lodash.min.js HTTP/1.1" 200 28151 "http://localhost:7000/pdv/ext-users/" "Mozilla/5.0 (Macintosh; Intel Mac OS X 10_10_0) AppleWebKit/537.36 (KHTML, like Gecko) Chrome/37.0.2062.124 Safari/537.36"
10.0.2.2 - - [08/Oct/2014:14:25:05 +0000] "GET /pdv/ext-users/js/app.js HTTP/1.1" 200 36 "http://localhost:7000/pdv/ext-users/" "Mozilla/5.0 (Macintosh; Intel Mac OS X 10_10_0) AppleWebKit/537.36 (KHTML, like Gecko) Chrome/37.0.2062.124 Safari/537.36"
10.0.2.2 - - [08/Oct/2014:14:25:05 +0000] "GET /pdv/ext-users/js/controllers/users.js HTTP/1.1" 200 1860 "http://localhost:7000/pdv/ext-users/" "Mozilla/5.0 (Macintosh; Intel Mac OS X 10_10_0) AppleWebKit/537.36 (KHTML, like Gecko) Chrome/37.0.2062.124 Safari/537.36"
10.0.2.2 - - [08/Oct/2014:14:25:05 +0000] "GET /pdv/ext-users/api/roles HTTP/1.1" 200 338 "http://localhost:7000/pdv/ext-users/" "Mozilla/5.0 (Macintosh; Intel Mac OS X 10_10_0) AppleWebKit/537.36 (KHTML, like Gecko) Chrome/37.0.2062.124 Safari/537.36"
10.0.2.2 - - [08/Oct/2014:14:25:05 +0000] "GET /pdv/ext-users/libs/angular.min.js.map HTTP/1.1" 304 0 "http://localhost:7000/pdv/ext-users/" "Mozilla/5.0 (Macintosh; Intel Mac OS X 10_10_0) AppleWebKit/537.36 (KHTML, like Gecko) Chrome/37.0.2062.124 Safari/537.36"
10.0.2.2 - - [08/Oct/2014:14:25:05 +0000] "GET /pdv/ext-users/libs/angular-route.min.js.map HTTP/1.1" 304 0 "http://localhost:7000/pdv/ext-users/" "Mozilla/5.0 (Macintosh; Intel Mac OS X 10_10_0) AppleWebKit/537.36 (KHTML, like Gecko) Chrome/37.0.2062.124 Safari/537.36"
172.17.42.1 - - [08/Oct/2014:14:25:05 +0000] "GET /pdv/remote/ws.rsp HTTP/1.1" 200 61 "-" "Go 1.1 package http"
10.0.2.2 - - [08/Oct/2014:14:25:05 +0000] "GET /pdv/ext-users/api/users HTTP/1.1" 200 515 "http://localhost:7000/pdv/ext-users/" "Mozilla/5.0 (Macintosh; Intel Mac OS X 10_10_0) AppleWebKit/537.36 (KHTML, like Gecko) Chrome/37.0.2062.124 Safari/537.36"
172.17.42.1 - - [08/Oct/2014:14:25:05 +0000] "GET /pdv/remote/ws.rsp HTTP/1.1" 200 61 "-" "Go 1.1 package http"
10.0.2.2 - - [08/Oct/2014:14:25:05 +0000] "GET /pdv/ext-users/api/user HTTP/1.1" 200 73 "http://localhost:7000/pdv/ext-users/" "Mozilla/5.0 (Macintosh; Intel Mac OS X 10_10_0) AppleWebKit/537.36 (KHTML, like Gecko) Chrome/37.0.2062.124 Safari/537.36"
10.0.2.2 - - [08/Oct/2014:14:25:27 +0000] "GET /pdv/ext-users/ HTTP/1.1" 200 3086 "-" "Mozilla/5.0 (Macintosh; Intel Mac OS X 10_10_0) AppleWebKit/537.36 (KHTML, like Gecko) Chrome/37.0.2062.124 Safari/537.36"
10.0.2.2 - - [08/Oct/2014:14:25:27 +0000] "GET /pdv/ext-users/libs/angular.min.js HTTP/1.1" 200 107098 "http://localhost:7000/pdv/ext-users/" "Mozilla/5.0 (Macintosh; Intel Mac OS X 10_10_0) AppleWebKit/537.36 (KHTML, like Gecko) Chrome/37.0.2062.124 Safari/537.36"
10.0.2.2 - - [08/Oct/2014:14:25:27 +0000] "GET /pdv/ext-users/libs/angular-route.min.js HTTP/1.1" 200 3886 "http://localhost:7000/pdv/ext-users/" "Mozilla/5.0 (Macintosh; Intel Mac OS X 10_10_0) AppleWebKit/537.36 (KHTML, like Gecko) Chrome/37.0.2062.124 Safari/537.36"
10.0.2.2 - - [08/Oct/2014:14:25:27 +0000] "GET /pdv/ext-users/libs/lodash.min.js HTTP/1.1" 200 28151 "http://localhost:7000/pdv/ext-users/" "Mozilla/5.0 (Macintosh; Intel Mac OS X 10_10_0) AppleWebKit/537.36 (KHTML, like Gecko) Chrome/37.0.2062.124 Safari/537.36"
10.0.2.2 - - [08/Oct/2014:14:25:27 +0000] "GET /pdv/ext-users/js/app.js HTTP/1.1" 200 36 "http://localhost:7000/pdv/ext-users/" "Mozilla/5.0 (Macintosh; Intel Mac OS X 10_10_0) AppleWebKit/537.36 (KHTML, like Gecko) Chrome/37.0.2062.124 Safari/537.36"
10.0.2.2 - - [08/Oct/2014:14:25:27 +0000] "GET /pdv/ext-users/js/controllers/users.js HTTP/1.1" 200 1860 "http://localhost:7000/pdv/ext-users/" "Mozilla/5.0 (Macintosh; Intel Mac OS X 10_10_0) AppleWebKit/537.36 (KHTML, like Gecko) Chrome/37.0.2062.124 Safari/537.36"
10.0.2.2 - - [08/Oct/2014:14:25:28 +0000] "GET /pdv/ext-users/libs/angular.min.js.map HTTP/1.1" 304 0 "http://localhost:7000/pdv/ext-users/" "Mozilla/5.0 (Macintosh; Intel Mac OS X 10_10_0) AppleWebKit/537.36 (KHTML, like Gecko) Chrome/37.0.2062.124 Safari/537.36"
10.0.2.2 - - [08/Oct/2014:14:25:28 +0000] "GET /pdv/ext-users/libs/angular-route.min.js.map HTTP/1.1" 304 0 "http://localhost:7000/pdv/ext-users/" "Mozilla/5.0 (Macintosh; Intel Mac OS X 10_10_0) AppleWebKit/537.36 (KHTML, like Gecko) Chrome/37.0.2062.124 Safari/537.36"
10.0.2.2 - - [08/Oct/2014:14:25:28 +0000] "GET /pdv/ext-users/api/roles HTTP/1.1" 200 338 "http://localhost:7000/pdv/ext-users/" "Mozilla/5.0 (Macintosh; Intel Mac OS X 10_10_0) AppleWebKit/537.36 (KHTML, like Gecko) Chrome/37.0.2062.124 Safari/537.36"
172.17.42.1 - - [08/Oct/2014:14:25:28 +0000] "GET /pdv/remote/ws.rsp HTTP/1.1" 200 61 "-" "Go 1.1 package http"
10.0.2.2 - - [08/Oct/2014:14:25:28 +0000] "GET /pdv/ext-users/api/users HTTP/1.1" 200 515 "http://localhost:7000/pdv/ext-users/" "Mozilla/5.0 (Macintosh; Intel Mac OS X 10_10_0) AppleWebKit/537.36 (KHTML, like Gecko) Chrome/37.0.2062.124 Safari/537.36"
172.17.42.1 - - [08/Oct/2014:14:25:28 +0000] "GET /pdv/remote/ws.rsp HTTP/1.1" 200 61 "-" "Go 1.1 package http"
10.0.2.2 - - [08/Oct/2014:14:25:28 +0000] "GET /pdv/ext-users/api/user HTTP/1.1" 200 73 "http://localhost:7000/pdv/ext-users/" "Mozilla/5.0 (Macintosh; Intel Mac OS X 10_10_0) AppleWebKit/537.36 (KHTML, like Gecko) Chrome/37.0.2062.124 Safari/537.36"
10.0.2.2 - - [08/Oct/2014:14:25:36 +0000] "GET /pdv/ext-users/ HTTP/1.1" 200 3086 "-" "Mozilla/5.0 (Macintosh; Intel Mac OS X 10_10_0) AppleWebKit/537.36 (KHTML, like Gecko) Chrome/37.0.2062.124 Safari/537.36"
10.0.2.2 - - [08/Oct/2014:14:25:36 +0000] "GET /pdv/ext-users/libs/angular.min.js HTTP/1.1" 200 107098 "http://localhost:7000/pdv/ext-users/" "Mozilla/5.0 (Macintosh; Intel Mac OS X 10_10_0) AppleWebKit/537.36 (KHTML, like Gecko) Chrome/37.0.2062.124 Safari/537.36"
10.0.2.2 - - [08/Oct/2014:14:25:36 +0000] "GET /pdv/ext-users/libs/angular-route.min.js HTTP/1.1" 200 3886 "http://localhost:7000/pdv/ext-users/" "Mozilla/5.0 (Macintosh; Intel Mac OS X 10_10_0) AppleWebKit/537.36 (KHTML, like Gecko) Chrome/37.0.2062.124 Safari/537.36"
10.0.2.2 - - [08/Oct/2014:14:25:36 +0000] "GET /pdv/ext-users/libs/lodash.min.js HTTP/1.1" 200 28151 "http://localhost:7000/pdv/ext-users/" "Mozilla/5.0 (Macintosh; Intel Mac OS X 10_10_0) AppleWebKit/537.36 (KHTML, like Gecko) Chrome/37.0.2062.124 Safari/537.36"
10.0.2.2 - - [08/Oct/2014:14:25:36 +0000] "GET /pdv/ext-users/js/app.js HTTP/1.1" 200 36 "http://localhost:7000/pdv/ext-users/" "Mozilla/5.0 (Macintosh; Intel Mac OS X 10_10_0) AppleWebKit/537.36 (KHTML, like Gecko) Chrome/37.0.2062.124 Safari/537.36"
10.0.2.2 - - [08/Oct/2014:14:25:36 +0000] "GET /pdv/ext-users/js/controllers/users.js HTTP/1.1" 200 1860 "http://localhost:7000/pdv/ext-users/" "Mozilla/5.0 (Macintosh; Intel Mac OS X 10_10_0) AppleWebKit/537.36 (KHTML, like Gecko) Chrome/37.0.2062.124 Safari/537.36"
10.0.2.2 - - [08/Oct/2014:14:25:36 +0000] "GET /pdv/ext-users/api/roles HTTP/1.1" 200 338 "http://localhost:7000/pdv/ext-users/" "Mozilla/5.0 (Macintosh; Intel Mac OS X 10_10_0) AppleWebKit/537.36 (KHTML, like Gecko) Chrome/37.0.2062.124 Safari/537.36"
10.0.2.2 - - [08/Oct/2014:14:25:36 +0000] "GET /pdv/ext-users/libs/angular.min.js.map HTTP/1.1" 304 0 "http://localhost:7000/pdv/ext-users/" "Mozilla/5.0 (Macintosh; Intel Mac OS X 10_10_0) AppleWebKit/537.36 (KHTML, like Gecko) Chrome/37.0.2062.124 Safari/537.36"
10.0.2.2 - - [08/Oct/2014:14:25:36 +0000] "GET /pdv/ext-users/libs/angular-route.min.js.map HTTP/1.1" 304 0 "http://localhost:7000/pdv/ext-users/" "Mozilla/5.0 (Macintosh; Intel Mac OS X 10_10_0) AppleWebKit/537.36 (KHTML, like Gecko) Chrome/37.0.2062.124 Safari/537.36"
172.17.42.1 - - [08/Oct/2014:14:25:36 +0000] "GET /pdv/remote/ws.rsp HTTP/1.1" 200 61 "-" "Go 1.1 package http"
10.0.2.2 - - [08/Oct/2014:14:25:36 +0000] "GET /pdv/ext-users/api/users HTTP/1.1" 200 515 "http://localhost:7000/pdv/ext-users/" "Mozilla/5.0 (Macintosh; Intel Mac OS X 10_10_0) AppleWebKit/537.36 (KHTML, like Gecko) Chrome/37.0.2062.124 Safari/537.36"
172.17.42.1 - - [08/Oct/2014:14:25:36 +0000] "GET /pdv/remote/ws.rsp HTTP/1.1" 200 61 "-" "Go 1.1 package http"
10.0.2.2 - - [08/Oct/2014:14:25:36 +0000] "GET /pdv/ext-users/api/user HTTP/1.1" 200 73 "http://localhost:7000/pdv/ext-users/" "Mozilla/5.0 (Macintosh; Intel Mac OS X 10_10_0) AppleWebKit/537.36 (KHTML, like Gecko) Chrome/37.0.2062.124 Safari/537.36"
10.0.2.2 - - [08/Oct/2014:14:26:43 +0000] "GET /pdv/ext-users/ HTTP/1.1" 200 3154 "-" "Mozilla/5.0 (Macintosh; Intel Mac OS X 10_10_0) AppleWebKit/537.36 (KHTML, like Gecko) Chrome/37.0.2062.124 Safari/537.36"
10.0.2.2 - - [08/Oct/2014:14:26:43 +0000] "GET /pdv/ext-users/libs/angular.min.js HTTP/1.1" 200 107098 "http://localhost:7000/pdv/ext-users/" "Mozilla/5.0 (Macintosh; Intel Mac OS X 10_10_0) AppleWebKit/537.36 (KHTML, like Gecko) Chrome/37.0.2062.124 Safari/537.36"
10.0.2.2 - - [08/Oct/2014:14:26:43 +0000] "GET /pdv/ext-users/libs/angular-route.min.js HTTP/1.1" 200 3886 "http://localhost:7000/pdv/ext-users/" "Mozilla/5.0 (Macintosh; Intel Mac OS X 10_10_0) AppleWebKit/537.36 (KHTML, like Gecko) Chrome/37.0.2062.124 Safari/537.36"
10.0.2.2 - - [08/Oct/2014:14:26:43 +0000] "GET /pdv/ext-users/libs/lodash.min.js HTTP/1.1" 200 28151 "http://localhost:7000/pdv/ext-users/" "Mozilla/5.0 (Macintosh; Intel Mac OS X 10_10_0) AppleWebKit/537.36 (KHTML, like Gecko) Chrome/37.0.2062.124 Safari/537.36"
10.0.2.2 - - [08/Oct/2014:14:26:43 +0000] "GET /pdv/ext-users/js/app.js HTTP/1.1" 200 36 "http://localhost:7000/pdv/ext-users/" "Mozilla/5.0 (Macintosh; Intel Mac OS X 10_10_0) AppleWebKit/537.36 (KHTML, like Gecko) Chrome/37.0.2062.124 Safari/537.36"
10.0.2.2 - - [08/Oct/2014:14:26:43 +0000] "GET /pdv/ext-users/js/controllers/users.js HTTP/1.1" 200 1860 "http://localhost:7000/pdv/ext-users/" "Mozilla/5.0 (Macintosh; Intel Mac OS X 10_10_0) AppleWebKit/537.36 (KHTML, like Gecko) Chrome/37.0.2062.124 Safari/537.36"
10.0.2.2 - - [08/Oct/2014:14:26:43 +0000] "GET /pdv/ext-users/libs/angular.min.js.map HTTP/1.1" 304 0 "http://localhost:7000/pdv/ext-users/" "Mozilla/5.0 (Macintosh; Intel Mac OS X 10_10_0) AppleWebKit/537.36 (KHTML, like Gecko) Chrome/37.0.2062.124 Safari/537.36"
10.0.2.2 - - [08/Oct/2014:14:26:43 +0000] "GET /pdv/ext-users/libs/angular-route.min.js.map HTTP/1.1" 304 0 "http://localhost:7000/pdv/ext-users/" "Mozilla/5.0 (Macintosh; Intel Mac OS X 10_10_0) AppleWebKit/537.36 (KHTML, like Gecko) Chrome/37.0.2062.124 Safari/537.36"
10.0.2.2 - - [08/Oct/2014:14:26:43 +0000] "GET /pdv/ext-users/api/roles HTTP/1.1" 200 338 "http://localhost:7000/pdv/ext-users/" "Mozilla/5.0 (Macintosh; Intel Mac OS X 10_10_0) AppleWebKit/537.36 (KHTML, like Gecko) Chrome/37.0.2062.124 Safari/537.36"
172.17.42.1 - - [08/Oct/2014:14:26:44 +0000] "GET /pdv/remote/ws.rsp HTTP/1.1" 200 61 "-" "Go 1.1 package http"
10.0.2.2 - - [08/Oct/2014:14:26:44 +0000] "GET /pdv/ext-users/api/users HTTP/1.1" 200 515 "http://localhost:7000/pdv/ext-users/" "Mozilla/5.0 (Macintosh; Intel Mac OS X 10_10_0) AppleWebKit/537.36 (KHTML, like Gecko) Chrome/37.0.2062.124 Safari/537.36"
172.17.42.1 - - [08/Oct/2014:14:26:44 +0000] "GET /pdv/remote/ws.rsp HTTP/1.1" 200 61 "-" "Go 1.1 package http"
10.0.2.2 - - [08/Oct/2014:14:26:44 +0000] "GET /pdv/ext-users/api/user HTTP/1.1" 200 73 "http://localhost:7000/pdv/ext-users/" "Mozilla/5.0 (Macintosh; Intel Mac OS X 10_10_0) AppleWebKit/537.36 (KHTML, like Gecko) Chrome/37.0.2062.124 Safari/537.36"
10.0.2.2 - - [08/Oct/2014:14:26:58 +0000] "GET /pdv/ext-users/ HTTP/1.1" 200 3156 "-" "Mozilla/5.0 (Macintosh; Intel Mac OS X 10_10_0) AppleWebKit/537.36 (KHTML, like Gecko) Chrome/37.0.2062.124 Safari/537.36"
10.0.2.2 - - [08/Oct/2014:14:26:58 +0000] "GET /pdv/ext-users/libs/angular.min.js HTTP/1.1" 200 107098 "http://localhost:7000/pdv/ext-users/" "Mozilla/5.0 (Macintosh; Intel Mac OS X 10_10_0) AppleWebKit/537.36 (KHTML, like Gecko) Chrome/37.0.2062.124 Safari/537.36"
10.0.2.2 - - [08/Oct/2014:14:26:58 +0000] "GET /pdv/ext-users/libs/angular-route.min.js HTTP/1.1" 200 3886 "http://localhost:7000/pdv/ext-users/" "Mozilla/5.0 (Macintosh; Intel Mac OS X 10_10_0) AppleWebKit/537.36 (KHTML, like Gecko) Chrome/37.0.2062.124 Safari/537.36"
10.0.2.2 - - [08/Oct/2014:14:26:58 +0000] "GET /pdv/ext-users/libs/lodash.min.js HTTP/1.1" 200 28151 "http://localhost:7000/pdv/ext-users/" "Mozilla/5.0 (Macintosh; Intel Mac OS X 10_10_0) AppleWebKit/537.36 (KHTML, like Gecko) Chrome/37.0.2062.124 Safari/537.36"
10.0.2.2 - - [08/Oct/2014:14:26:58 +0000] "GET /pdv/ext-users/js/app.js HTTP/1.1" 200 36 "http://localhost:7000/pdv/ext-users/" "Mozilla/5.0 (Macintosh; Intel Mac OS X 10_10_0) AppleWebKit/537.36 (KHTML, like Gecko) Chrome/37.0.2062.124 Safari/537.36"
10.0.2.2 - - [08/Oct/2014:14:26:58 +0000] "GET /pdv/ext-users/js/controllers/users.js HTTP/1.1" 200 1860 "http://localhost:7000/pdv/ext-users/" "Mozilla/5.0 (Macintosh; Intel Mac OS X 10_10_0) AppleWebKit/537.36 (KHTML, like Gecko) Chrome/37.0.2062.124 Safari/537.36"
10.0.2.2 - - [08/Oct/2014:14:26:58 +0000] "GET /pdv/ext-users/api/roles HTTP/1.1" 200 338 "http://localhost:7000/pdv/ext-users/" "Mozilla/5.0 (Macintosh; Intel Mac OS X 10_10_0) AppleWebKit/537.36 (KHTML, like Gecko) Chrome/37.0.2062.124 Safari/537.36"
10.0.2.2 - - [08/Oct/2014:14:26:58 +0000] "GET /pdv/ext-users/libs/angular.min.js.map HTTP/1.1" 304 0 "http://localhost:7000/pdv/ext-users/" "Mozilla/5.0 (Macintosh; Intel Mac OS X 10_10_0) AppleWebKit/537.36 (KHTML, like Gecko) Chrome/37.0.2062.124 Safari/537.36"
10.0.2.2 - - [08/Oct/2014:14:26:58 +0000] "GET /pdv/ext-users/libs/angular-route.min.js.map HTTP/1.1" 304 0 "http://localhost:7000/pdv/ext-users/" "Mozilla/5.0 (Macintosh; Intel Mac OS X 10_10_0) AppleWebKit/537.36 (KHTML, like Gecko) Chrome/37.0.2062.124 Safari/537.36"
172.17.42.1 - - [08/Oct/2014:14:26:59 +0000] "GET /pdv/remote/ws.rsp HTTP/1.1" 200 61 "-" "Go 1.1 package http"
10.0.2.2 - - [08/Oct/2014:14:26:59 +0000] "GET /pdv/ext-users/api/users HTTP/1.1" 200 515 "http://localhost:7000/pdv/ext-users/" "Mozilla/5.0 (Macintosh; Intel Mac OS X 10_10_0) AppleWebKit/537.36 (KHTML, like Gecko) Chrome/37.0.2062.124 Safari/537.36"
172.17.42.1 - - [08/Oct/2014:14:26:59 +0000] "GET /pdv/remote/ws.rsp HTTP/1.1" 200 61 "-" "Go 1.1 package http"
10.0.2.2 - - [08/Oct/2014:14:26:59 +0000] "GET /pdv/ext-users/api/user HTTP/1.1" 200 73 "http://localhost:7000/pdv/ext-users/" "Mozilla/5.0 (Macintosh; Intel Mac OS X 10_10_0) AppleWebKit/537.36 (KHTML, like Gecko) Chrome/37.0.2062.124 Safari/537.36"
10.0.2.2 - - [08/Oct/2014:14:28:01 +0000] "GET /pdv/ext-users/ HTTP/1.1" 200 3228 "-" "Mozilla/5.0 (Macintosh; Intel Mac OS X 10_10_0) AppleWebKit/537.36 (KHTML, like Gecko) Chrome/37.0.2062.124 Safari/537.36"
10.0.2.2 - - [08/Oct/2014:14:28:01 +0000] "GET /pdv/ext-users/libs/angular.min.js HTTP/1.1" 200 107098 "http://localhost:7000/pdv/ext-users/" "Mozilla/5.0 (Macintosh; Intel Mac OS X 10_10_0) AppleWebKit/537.36 (KHTML, like Gecko) Chrome/37.0.2062.124 Safari/537.36"
10.0.2.2 - - [08/Oct/2014:14:28:01 +0000] "GET /pdv/ext-users/libs/angular-route.min.js HTTP/1.1" 200 3886 "http://localhost:7000/pdv/ext-users/" "Mozilla/5.0 (Macintosh; Intel Mac OS X 10_10_0) AppleWebKit/537.36 (KHTML, like Gecko) Chrome/37.0.2062.124 Safari/537.36"
10.0.2.2 - - [08/Oct/2014:14:28:01 +0000] "GET /pdv/ext-users/libs/lodash.min.js HTTP/1.1" 200 28151 "http://localhost:7000/pdv/ext-users/" "Mozilla/5.0 (Macintosh; Intel Mac OS X 10_10_0) AppleWebKit/537.36 (KHTML, like Gecko) Chrome/37.0.2062.124 Safari/537.36"
10.0.2.2 - - [08/Oct/2014:14:28:01 +0000] "GET /pdv/ext-users/js/app.js HTTP/1.1" 200 36 "http://localhost:7000/pdv/ext-users/" "Mozilla/5.0 (Macintosh; Intel Mac OS X 10_10_0) AppleWebKit/537.36 (KHTML, like Gecko) Chrome/37.0.2062.124 Safari/537.36"
10.0.2.2 - - [08/Oct/2014:14:28:01 +0000] "GET /pdv/ext-users/js/controllers/users.js HTTP/1.1" 200 1860 "http://localhost:7000/pdv/ext-users/" "Mozilla/5.0 (Macintosh; Intel Mac OS X 10_10_0) AppleWebKit/537.36 (KHTML, like Gecko) Chrome/37.0.2062.124 Safari/537.36"
10.0.2.2 - - [08/Oct/2014:14:28:01 +0000] "GET /pdv/ext-users/api/roles HTTP/1.1" 200 338 "http://localhost:7000/pdv/ext-users/" "Mozilla/5.0 (Macintosh; Intel Mac OS X 10_10_0) AppleWebKit/537.36 (KHTML, like Gecko) Chrome/37.0.2062.124 Safari/537.36"
10.0.2.2 - - [08/Oct/2014:14:28:01 +0000] "GET /pdv/ext-users/libs/angular.min.js.map HTTP/1.1" 304 0 "http://localhost:7000/pdv/ext-users/" "Mozilla/5.0 (Macintosh; Intel Mac OS X 10_10_0) AppleWebKit/537.36 (KHTML, like Gecko) Chrome/37.0.2062.124 Safari/537.36"
10.0.2.2 - - [08/Oct/2014:14:28:01 +0000] "GET /pdv/ext-users/libs/angular-route.min.js.map HTTP/1.1" 304 0 "http://localhost:7000/pdv/ext-users/" "Mozilla/5.0 (Macintosh; Intel Mac OS X 10_10_0) AppleWebKit/537.36 (KHTML, like Gecko) Chrome/37.0.2062.124 Safari/537.36"
172.17.42.1 - - [08/Oct/2014:14:28:01 +0000] "GET /pdv/remote/ws.rsp HTTP/1.1" 200 61 "-" "Go 1.1 package http"
10.0.2.2 - - [08/Oct/2014:14:28:01 +0000] "GET /pdv/ext-users/api/users HTTP/1.1" 200 515 "http://localhost:7000/pdv/ext-users/" "Mozilla/5.0 (Macintosh; Intel Mac OS X 10_10_0) AppleWebKit/537.36 (KHTML, like Gecko) Chrome/37.0.2062.124 Safari/537.36"
172.17.42.1 - - [08/Oct/2014:14:28:01 +0000] "GET /pdv/remote/ws.rsp HTTP/1.1" 200 61 "-" "Go 1.1 package http"
10.0.2.2 - - [08/Oct/2014:14:28:01 +0000] "GET /pdv/ext-users/api/user HTTP/1.1" 200 73 "http://localhost:7000/pdv/ext-users/" "Mozilla/5.0 (Macintosh; Intel Mac OS X 10_10_0) AppleWebKit/537.36 (KHTML, like Gecko) Chrome/37.0.2062.124 Safari/537.36"
10.0.2.2 - - [08/Oct/2014:14:29:03 +0000] "GET /pdv/ext-users/ HTTP/1.1" 200 3258 "-" "Mozilla/5.0 (Macintosh; Intel Mac OS X 10_10_0) AppleWebKit/537.36 (KHTML, like Gecko) Chrome/37.0.2062.124 Safari/537.36"
10.0.2.2 - - [08/Oct/2014:14:29:03 +0000] "GET /pdv/ext-users/libs/angular.min.js HTTP/1.1" 200 107098 "http://localhost:7000/pdv/ext-users/" "Mozilla/5.0 (Macintosh; Intel Mac OS X 10_10_0) AppleWebKit/537.36 (KHTML, like Gecko) Chrome/37.0.2062.124 Safari/537.36"
10.0.2.2 - - [08/Oct/2014:14:29:03 +0000] "GET /pdv/ext-users/libs/angular-route.min.js HTTP/1.1" 200 3886 "http://localhost:7000/pdv/ext-users/" "Mozilla/5.0 (Macintosh; Intel Mac OS X 10_10_0) AppleWebKit/537.36 (KHTML, like Gecko) Chrome/37.0.2062.124 Safari/537.36"
10.0.2.2 - - [08/Oct/2014:14:29:03 +0000] "GET /pdv/ext-users/libs/lodash.min.js HTTP/1.1" 200 28151 "http://localhost:7000/pdv/ext-users/" "Mozilla/5.0 (Macintosh; Intel Mac OS X 10_10_0) AppleWebKit/537.36 (KHTML, like Gecko) Chrome/37.0.2062.124 Safari/537.36"
10.0.2.2 - - [08/Oct/2014:14:29:03 +0000] "GET /pdv/ext-users/js/app.js HTTP/1.1" 200 36 "http://localhost:7000/pdv/ext-users/" "Mozilla/5.0 (Macintosh; Intel Mac OS X 10_10_0) AppleWebKit/537.36 (KHTML, like Gecko) Chrome/37.0.2062.124 Safari/537.36"
10.0.2.2 - - [08/Oct/2014:14:29:03 +0000] "GET /pdv/ext-users/js/controllers/users.js HTTP/1.1" 200 1860 "http://localhost:7000/pdv/ext-users/" "Mozilla/5.0 (Macintosh; Intel Mac OS X 10_10_0) AppleWebKit/537.36 (KHTML, like Gecko) Chrome/37.0.2062.124 Safari/537.36"
10.0.2.2 - - [08/Oct/2014:14:29:03 +0000] "GET /pdv/ext-users/api/roles HTTP/1.1" 200 338 "http://localhost:7000/pdv/ext-users/" "Mozilla/5.0 (Macintosh; Intel Mac OS X 10_10_0) AppleWebKit/537.36 (KHTML, like Gecko) Chrome/37.0.2062.124 Safari/537.36"
10.0.2.2 - - [08/Oct/2014:14:29:03 +0000] "GET /pdv/ext-users/libs/angular.min.js.map HTTP/1.1" 304 0 "http://localhost:7000/pdv/ext-users/" "Mozilla/5.0 (Macintosh; Intel Mac OS X 10_10_0) AppleWebKit/537.36 (KHTML, like Gecko) Chrome/37.0.2062.124 Safari/537.36"
10.0.2.2 - - [08/Oct/2014:14:29:03 +0000] "GET /pdv/ext-users/libs/angular-route.min.js.map HTTP/1.1" 304 0 "http://localhost:7000/pdv/ext-users/" "Mozilla/5.0 (Macintosh; Intel Mac OS X 10_10_0) AppleWebKit/537.36 (KHTML, like Gecko) Chrome/37.0.2062.124 Safari/537.36"
172.17.42.1 - - [08/Oct/2014:14:29:03 +0000] "GET /pdv/remote/ws.rsp HTTP/1.1" 200 61 "-" "Go 1.1 package http"
10.0.2.2 - - [08/Oct/2014:14:29:03 +0000] "GET /pdv/ext-users/api/users HTTP/1.1" 200 515 "http://localhost:7000/pdv/ext-users/" "Mozilla/5.0 (Macintosh; Intel Mac OS X 10_10_0) AppleWebKit/537.36 (KHTML, like Gecko) Chrome/37.0.2062.124 Safari/537.36"
172.17.42.1 - - [08/Oct/2014:14:29:03 +0000] "GET /pdv/remote/ws.rsp HTTP/1.1" 200 61 "-" "Go 1.1 package http"
10.0.2.2 - - [08/Oct/2014:14:29:03 +0000] "GET /pdv/ext-users/api/user HTTP/1.1" 200 73 "http://localhost:7000/pdv/ext-users/" "Mozilla/5.0 (Macintosh; Intel Mac OS X 10_10_0) AppleWebKit/537.36 (KHTML, like Gecko) Chrome/37.0.2062.124 Safari/537.36"
10.0.2.2 - - [08/Oct/2014:14:29:19 +0000] "GET /pdv/ext-users/ HTTP/1.1" 200 3262 "-" "Mozilla/5.0 (Macintosh; Intel Mac OS X 10_10_0) AppleWebKit/537.36 (KHTML, like Gecko) Chrome/37.0.2062.124 Safari/537.36"
10.0.2.2 - - [08/Oct/2014:14:29:19 +0000] "GET /pdv/ext-users/libs/angular.min.js HTTP/1.1" 200 107098 "http://localhost:7000/pdv/ext-users/" "Mozilla/5.0 (Macintosh; Intel Mac OS X 10_10_0) AppleWebKit/537.36 (KHTML, like Gecko) Chrome/37.0.2062.124 Safari/537.36"
10.0.2.2 - - [08/Oct/2014:14:29:19 +0000] "GET /pdv/ext-users/libs/angular-route.min.js HTTP/1.1" 200 3886 "http://localhost:7000/pdv/ext-users/" "Mozilla/5.0 (Macintosh; Intel Mac OS X 10_10_0) AppleWebKit/537.36 (KHTML, like Gecko) Chrome/37.0.2062.124 Safari/537.36"
10.0.2.2 - - [08/Oct/2014:14:29:19 +0000] "GET /pdv/ext-users/libs/lodash.min.js HTTP/1.1" 200 28151 "http://localhost:7000/pdv/ext-users/" "Mozilla/5.0 (Macintosh; Intel Mac OS X 10_10_0) AppleWebKit/537.36 (KHTML, like Gecko) Chrome/37.0.2062.124 Safari/537.36"
10.0.2.2 - - [08/Oct/2014:14:29:19 +0000] "GET /pdv/ext-users/js/app.js HTTP/1.1" 200 36 "http://localhost:7000/pdv/ext-users/" "Mozilla/5.0 (Macintosh; Intel Mac OS X 10_10_0) AppleWebKit/537.36 (KHTML, like Gecko) Chrome/37.0.2062.124 Safari/537.36"
10.0.2.2 - - [08/Oct/2014:14:29:19 +0000] "GET /pdv/ext-users/js/controllers/users.js HTTP/1.1" 200 1860 "http://localhost:7000/pdv/ext-users/" "Mozilla/5.0 (Macintosh; Intel Mac OS X 10_10_0) AppleWebKit/537.36 (KHTML, like Gecko) Chrome/37.0.2062.124 Safari/537.36"
10.0.2.2 - - [08/Oct/2014:14:29:19 +0000] "GET /pdv/ext-users/api/roles HTTP/1.1" 200 338 "http://localhost:7000/pdv/ext-users/" "Mozilla/5.0 (Macintosh; Intel Mac OS X 10_10_0) AppleWebKit/537.36 (KHTML, like Gecko) Chrome/37.0.2062.124 Safari/537.36"
10.0.2.2 - - [08/Oct/2014:14:29:19 +0000] "GET /pdv/ext-users/libs/angular.min.js.map HTTP/1.1" 304 0 "http://localhost:7000/pdv/ext-users/" "Mozilla/5.0 (Macintosh; Intel Mac OS X 10_10_0) AppleWebKit/537.36 (KHTML, like Gecko) Chrome/37.0.2062.124 Safari/537.36"
10.0.2.2 - - [08/Oct/2014:14:29:19 +0000] "GET /pdv/ext-users/libs/angular-route.min.js.map HTTP/1.1" 304 0 "http://localhost:7000/pdv/ext-users/" "Mozilla/5.0 (Macintosh; Intel Mac OS X 10_10_0) AppleWebKit/537.36 (KHTML, like Gecko) Chrome/37.0.2062.124 Safari/537.36"
172.17.42.1 - - [08/Oct/2014:14:29:19 +0000] "GET /pdv/remote/ws.rsp HTTP/1.1" 200 61 "-" "Go 1.1 package http"
10.0.2.2 - - [08/Oct/2014:14:29:19 +0000] "GET /pdv/ext-users/api/users HTTP/1.1" 200 515 "http://localhost:7000/pdv/ext-users/" "Mozilla/5.0 (Macintosh; Intel Mac OS X 10_10_0) AppleWebKit/537.36 (KHTML, like Gecko) Chrome/37.0.2062.124 Safari/537.36"
172.17.42.1 - - [08/Oct/2014:14:29:19 +0000] "GET /pdv/remote/ws.rsp HTTP/1.1" 200 61 "-" "Go 1.1 package http"
10.0.2.2 - - [08/Oct/2014:14:29:19 +0000] "GET /pdv/ext-users/api/user HTTP/1.1" 200 73 "http://localhost:7000/pdv/ext-users/" "Mozilla/5.0 (Macintosh; Intel Mac OS X 10_10_0) AppleWebKit/537.36 (KHTML, like Gecko) Chrome/37.0.2062.124 Safari/537.36"
10.0.2.2 - - [08/Oct/2014:14:52:00 +0000] "GET /pdv/ext-users/ HTTP/1.1" 304 0 "-" "Mozilla/5.0 (Macintosh; Intel Mac OS X 10_10_0) AppleWebKit/537.36 (KHTML, like Gecko) Chrome/37.0.2062.124 Safari/537.36"
10.0.2.2 - - [08/Oct/2014:14:52:00 +0000] "GET /pdv/ext-users/js/controllers/users.js HTTP/1.1" 304 0 "http://localhost:7000/pdv/ext-users/" "Mozilla/5.0 (Macintosh; Intel Mac OS X 10_10_0) AppleWebKit/537.36 (KHTML, like Gecko) Chrome/37.0.2062.124 Safari/537.36"
10.0.2.2 - - [08/Oct/2014:14:52:00 +0000] "GET /pdv/ext-users/libs/angular.min.js.map HTTP/1.1" 304 0 "http://localhost:7000/pdv/ext-users/" "Mozilla/5.0 (Macintosh; Intel Mac OS X 10_10_0) AppleWebKit/537.36 (KHTML, like Gecko) Chrome/37.0.2062.124 Safari/537.36"
10.0.2.2 - - [08/Oct/2014:14:52:00 +0000] "GET /pdv/ext-users/libs/angular-route.min.js.map HTTP/1.1" 304 0 "http://localhost:7000/pdv/ext-users/" "Mozilla/5.0 (Macintosh; Intel Mac OS X 10_10_0) AppleWebKit/537.36 (KHTML, like Gecko) Chrome/37.0.2062.124 Safari/537.36"
10.0.2.2 - - [08/Oct/2014:14:52:00 +0000] "GET /pdv/ext-users/api/roles HTTP/1.1" 200 338 "http://localhost:7000/pdv/ext-users/" "Mozilla/5.0 (Macintosh; Intel Mac OS X 10_10_0) AppleWebKit/537.36 (KHTML, like Gecko) Chrome/37.0.2062.124 Safari/537.36"
172.17.42.1 - - [08/Oct/2014:14:52:00 +0000] "GET /pdv/remote/ws.rsp HTTP/1.1" 200 61 "-" "Go 1.1 package http"
10.0.2.2 - - [08/Oct/2014:14:52:00 +0000] "GET /pdv/ext-users/api/user HTTP/1.1" 200 88 "http://localhost:7000/pdv/ext-users/" "Mozilla/5.0 (Macintosh; Intel Mac OS X 10_10_0) AppleWebKit/537.36 (KHTML, like Gecko) Chrome/37.0.2062.124 Safari/537.36"
172.17.42.1 - - [08/Oct/2014:14:52:00 +0000] "GET /pdv/remote/ws.rsp HTTP/1.1" 200 61 "-" "Go 1.1 package http"
10.0.2.2 - - [08/Oct/2014:14:52:00 +0000] "GET /pdv/ext-users/api/users HTTP/1.1" 200 644 "http://localhost:7000/pdv/ext-users/" "Mozilla/5.0 (Macintosh; Intel Mac OS X 10_10_0) AppleWebKit/537.36 (KHTML, like Gecko) Chrome/37.0.2062.124 Safari/537.36"
172.17.42.1 - - [08/Oct/2014:14:54:02 +0000] "GET /pdv/remote/ws.rsp HTTP/1.1" 200 61 "-" "Go 1.1 package http"
10.0.2.2 - - [08/Oct/2014:14:54:02 +0000] "PUT /pdv/ext-users/api/users/428 HTTP/1.1" 200 7 "http://localhost:7000/pdv/ext-users/" "Mozilla/5.0 (Macintosh; Intel Mac OS X 10_10_0) AppleWebKit/537.36 (KHTML, like Gecko) Chrome/37.0.2062.124 Safari/537.36"
10.0.2.2 - - [08/Oct/2014:14:55:32 +0000] "GET /pdv/ext-users/ HTTP/1.1" 200 3262 "-" "Mozilla/5.0 (Macintosh; Intel Mac OS X 10_10_0) AppleWebKit/537.36 (KHTML, like Gecko) Chrome/37.0.2062.124 Safari/537.36"
10.0.2.2 - - [08/Oct/2014:14:55:32 +0000] "GET /pdv/ext-users/libs/angular.min.js HTTP/1.1" 200 107098 "http://localhost:7000/pdv/ext-users/" "Mozilla/5.0 (Macintosh; Intel Mac OS X 10_10_0) AppleWebKit/537.36 (KHTML, like Gecko) Chrome/37.0.2062.124 Safari/537.36"
10.0.2.2 - - [08/Oct/2014:14:55:32 +0000] "GET /pdv/ext-users/libs/angular-route.min.js HTTP/1.1" 200 3886 "http://localhost:7000/pdv/ext-users/" "Mozilla/5.0 (Macintosh; Intel Mac OS X 10_10_0) AppleWebKit/537.36 (KHTML, like Gecko) Chrome/37.0.2062.124 Safari/537.36"
10.0.2.2 - - [08/Oct/2014:14:55:32 +0000] "GET /pdv/ext-users/libs/lodash.min.js HTTP/1.1" 200 28151 "http://localhost:7000/pdv/ext-users/" "Mozilla/5.0 (Macintosh; Intel Mac OS X 10_10_0) AppleWebKit/537.36 (KHTML, like Gecko) Chrome/37.0.2062.124 Safari/537.36"
10.0.2.2 - - [08/Oct/2014:14:55:32 +0000] "GET /pdv/ext-users/js/app.js HTTP/1.1" 200 36 "http://localhost:7000/pdv/ext-users/" "Mozilla/5.0 (Macintosh; Intel Mac OS X 10_10_0) AppleWebKit/537.36 (KHTML, like Gecko) Chrome/37.0.2062.124 Safari/537.36"
10.0.2.2 - - [08/Oct/2014:14:55:32 +0000] "GET /pdv/ext-users/js/controllers/users.js HTTP/1.1" 200 1860 "http://localhost:7000/pdv/ext-users/" "Mozilla/5.0 (Macintosh; Intel Mac OS X 10_10_0) AppleWebKit/537.36 (KHTML, like Gecko) Chrome/37.0.2062.124 Safari/537.36"
10.0.2.2 - - [08/Oct/2014:14:55:32 +0000] "GET /pdv/ext-users/api/roles HTTP/1.1" 200 338 "http://localhost:7000/pdv/ext-users/" "Mozilla/5.0 (Macintosh; Intel Mac OS X 10_10_0) AppleWebKit/537.36 (KHTML, like Gecko) Chrome/37.0.2062.124 Safari/537.36"
10.0.2.2 - - [08/Oct/2014:14:55:32 +0000] "GET /pdv/ext-users/libs/angular.min.js.map HTTP/1.1" 304 0 "http://localhost:7000/pdv/ext-users/" "Mozilla/5.0 (Macintosh; Intel Mac OS X 10_10_0) AppleWebKit/537.36 (KHTML, like Gecko) Chrome/37.0.2062.124 Safari/537.36"
10.0.2.2 - - [08/Oct/2014:14:55:32 +0000] "GET /pdv/ext-users/libs/angular-route.min.js.map HTTP/1.1" 304 0 "http://localhost:7000/pdv/ext-users/" "Mozilla/5.0 (Macintosh; Intel Mac OS X 10_10_0) AppleWebKit/537.36 (KHTML, like Gecko) Chrome/37.0.2062.124 Safari/537.36"
172.17.42.1 - - [08/Oct/2014:14:55:32 +0000] "GET /pdv/remote/ws.rsp HTTP/1.1" 200 61 "-" "Go 1.1 package http"
10.0.2.2 - - [08/Oct/2014:14:55:32 +0000] "GET /pdv/ext-users/api/users HTTP/1.1" 200 644 "http://localhost:7000/pdv/ext-users/" "Mozilla/5.0 (Macintosh; Intel Mac OS X 10_10_0) AppleWebKit/537.36 (KHTML, like Gecko) Chrome/37.0.2062.124 Safari/537.36"
172.17.42.1 - - [08/Oct/2014:14:55:32 +0000] "GET /pdv/remote/ws.rsp HTTP/1.1" 200 61 "-" "Go 1.1 package http"
10.0.2.2 - - [08/Oct/2014:14:55:32 +0000] "GET /pdv/ext-users/api/user HTTP/1.1" 200 88 "http://localhost:7000/pdv/ext-users/" "Mozilla/5.0 (Macintosh; Intel Mac OS X 10_10_0) AppleWebKit/537.36 (KHTML, like Gecko) Chrome/37.0.2062.124 Safari/537.36"
10.0.2.2 - - [08/Oct/2014:15:02:24 +0000] "GET /pdv/ext-users/ HTTP/1.1" 200 3262 "-" "Mozilla/5.0 (Macintosh; Intel Mac OS X 10_10_0) AppleWebKit/537.36 (KHTML, like Gecko) Chrome/37.0.2062.124 Safari/537.36"
10.0.2.2 - - [08/Oct/2014:15:02:24 +0000] "GET /pdv/ext-users/libs/angular.min.js HTTP/1.1" 200 107098 "http://localhost:7000/pdv/ext-users/" "Mozilla/5.0 (Macintosh; Intel Mac OS X 10_10_0) AppleWebKit/537.36 (KHTML, like Gecko) Chrome/37.0.2062.124 Safari/537.36"
10.0.2.2 - - [08/Oct/2014:15:02:24 +0000] "GET /pdv/ext-users/libs/angular-route.min.js HTTP/1.1" 200 3886 "http://localhost:7000/pdv/ext-users/" "Mozilla/5.0 (Macintosh; Intel Mac OS X 10_10_0) AppleWebKit/537.36 (KHTML, like Gecko) Chrome/37.0.2062.124 Safari/537.36"
10.0.2.2 - - [08/Oct/2014:15:02:24 +0000] "GET /pdv/ext-users/libs/lodash.min.js HTTP/1.1" 200 28151 "http://localhost:7000/pdv/ext-users/" "Mozilla/5.0 (Macintosh; Intel Mac OS X 10_10_0) AppleWebKit/537.36 (KHTML, like Gecko) Chrome/37.0.2062.124 Safari/537.36"
10.0.2.2 - - [08/Oct/2014:15:02:24 +0000] "GET /pdv/ext-users/js/app.js HTTP/1.1" 200 36 "http://localhost:7000/pdv/ext-users/" "Mozilla/5.0 (Macintosh; Intel Mac OS X 10_10_0) AppleWebKit/537.36 (KHTML, like Gecko) Chrome/37.0.2062.124 Safari/537.36"
10.0.2.2 - - [08/Oct/2014:15:02:24 +0000] "GET /pdv/ext-users/js/controllers/users.js HTTP/1.1" 200 1860 "http://localhost:7000/pdv/ext-users/" "Mozilla/5.0 (Macintosh; Intel Mac OS X 10_10_0) AppleWebKit/537.36 (KHTML, like Gecko) Chrome/37.0.2062.124 Safari/537.36"
10.0.2.2 - - [08/Oct/2014:15:02:24 +0000] "GET /pdv/ext-users/libs/angular.min.js.map HTTP/1.1" 304 0 "http://localhost:7000/pdv/ext-users/" "Mozilla/5.0 (Macintosh; Intel Mac OS X 10_10_0) AppleWebKit/537.36 (KHTML, like Gecko) Chrome/37.0.2062.124 Safari/537.36"
10.0.2.2 - - [08/Oct/2014:15:02:24 +0000] "GET /pdv/ext-users/libs/angular-route.min.js.map HTTP/1.1" 304 0 "http://localhost:7000/pdv/ext-users/" "Mozilla/5.0 (Macintosh; Intel Mac OS X 10_10_0) AppleWebKit/537.36 (KHTML, like Gecko) Chrome/37.0.2062.124 Safari/537.36"
10.0.2.2 - - [08/Oct/2014:15:02:24 +0000] "GET /pdv/ext-users/api/roles HTTP/1.1" 200 338 "http://localhost:7000/pdv/ext-users/" "Mozilla/5.0 (Macintosh; Intel Mac OS X 10_10_0) AppleWebKit/537.36 (KHTML, like Gecko) Chrome/37.0.2062.124 Safari/537.36"
172.17.42.1 - - [08/Oct/2014:15:02:24 +0000] "GET /pdv/remote/ws.rsp HTTP/1.1" 200 61 "-" "Go 1.1 package http"
10.0.2.2 - - [08/Oct/2014:15:02:24 +0000] "GET /pdv/ext-users/api/users HTTP/1.1" 200 644 "http://localhost:7000/pdv/ext-users/" "Mozilla/5.0 (Macintosh; Intel Mac OS X 10_10_0) AppleWebKit/537.36 (KHTML, like Gecko) Chrome/37.0.2062.124 Safari/537.36"
172.17.42.1 - - [08/Oct/2014:15:02:25 +0000] "GET /pdv/remote/ws.rsp HTTP/1.1" 200 61 "-" "Go 1.1 package http"
10.0.2.2 - - [08/Oct/2014:15:02:25 +0000] "GET /pdv/ext-users/api/user HTTP/1.1" 200 88 "http://localhost:7000/pdv/ext-users/" "Mozilla/5.0 (Macintosh; Intel Mac OS X 10_10_0) AppleWebKit/537.36 (KHTML, like Gecko) Chrome/37.0.2062.124 Safari/537.36"
172.17.42.1 - - [08/Oct/2014:15:02:47 +0000] "GET /pdv/remote/ws.rsp HTTP/1.1" 200 61 "-" "Go 1.1 package http"
10.0.2.2 - - [08/Oct/2014:15:02:47 +0000] "POST /pdv/ext-users/api/users HTTP/1.1" 200 7 "http://localhost:7000/pdv/ext-users/" "Mozilla/5.0 (Macintosh; Intel Mac OS X 10_10_0) AppleWebKit/537.36 (KHTML, like Gecko) Chrome/37.0.2062.124 Safari/537.36"
172.17.42.1 - - [08/Oct/2014:15:03:16 +0000] "GET /pdv/remote/ws.rsp HTTP/1.1" 200 61 "-" "Go 1.1 package http"
10.0.2.2 - - [08/Oct/2014:15:03:16 +0000] "POST /pdv/ext-users/api/users HTTP/1.1" 200 7 "http://localhost:7000/pdv/ext-users/" "Mozilla/5.0 (Macintosh; Intel Mac OS X 10_10_0) AppleWebKit/537.36 (KHTML, like Gecko) Chrome/37.0.2062.124 Safari/537.36"
172.17.42.1 - - [08/Oct/2014:15:03:38 +0000] "GET /pdv/remote/ws.rsp HTTP/1.1" 200 61 "-" "Go 1.1 package http"
10.0.2.2 - - [08/Oct/2014:15:03:38 +0000] "POST /pdv/ext-users/api/users HTTP/1.1" 200 7 "http://localhost:7000/pdv/ext-users/" "Mozilla/5.0 (Macintosh; Intel Mac OS X 10_10_0) AppleWebKit/537.36 (KHTML, like Gecko) Chrome/37.0.2062.124 Safari/537.36"
10.0.2.2 - - [08/Oct/2014:15:11:58 +0000] "GET /pdv/ext-users/ HTTP/1.1" 200 3262 "-" "Mozilla/5.0 (Macintosh; Intel Mac OS X 10_10_0) AppleWebKit/537.36 (KHTML, like Gecko) Chrome/37.0.2062.124 Safari/537.36"
10.0.2.2 - - [08/Oct/2014:15:11:58 +0000] "GET /pdv/ext-users/libs/angular.min.js HTTP/1.1" 200 107098 "http://localhost:7000/pdv/ext-users/" "Mozilla/5.0 (Macintosh; Intel Mac OS X 10_10_0) AppleWebKit/537.36 (KHTML, like Gecko) Chrome/37.0.2062.124 Safari/537.36"
10.0.2.2 - - [08/Oct/2014:15:11:58 +0000] "GET /pdv/ext-users/libs/angular-route.min.js HTTP/1.1" 200 3886 "http://localhost:7000/pdv/ext-users/" "Mozilla/5.0 (Macintosh; Intel Mac OS X 10_10_0) AppleWebKit/537.36 (KHTML, like Gecko) Chrome/37.0.2062.124 Safari/537.36"
10.0.2.2 - - [08/Oct/2014:15:11:58 +0000] "GET /pdv/ext-users/libs/lodash.min.js HTTP/1.1" 200 28151 "http://localhost:7000/pdv/ext-users/" "Mozilla/5.0 (Macintosh; Intel Mac OS X 10_10_0) AppleWebKit/537.36 (KHTML, like Gecko) Chrome/37.0.2062.124 Safari/537.36"
10.0.2.2 - - [08/Oct/2014:15:11:58 +0000] "GET /pdv/ext-users/js/app.js HTTP/1.1" 200 36 "http://localhost:7000/pdv/ext-users/" "Mozilla/5.0 (Macintosh; Intel Mac OS X 10_10_0) AppleWebKit/537.36 (KHTML, like Gecko) Chrome/37.0.2062.124 Safari/537.36"
10.0.2.2 - - [08/Oct/2014:15:11:58 +0000] "GET /pdv/ext-users/js/controllers/users.js HTTP/1.1" 200 1860 "http://localhost:7000/pdv/ext-users/" "Mozilla/5.0 (Macintosh; Intel Mac OS X 10_10_0) AppleWebKit/537.36 (KHTML, like Gecko) Chrome/37.0.2062.124 Safari/537.36"
10.0.2.2 - - [08/Oct/2014:15:11:58 +0000] "GET /pdv/ext-users/libs/angular.min.js.map HTTP/1.1" 304 0 "http://localhost:7000/pdv/ext-users/" "Mozilla/5.0 (Macintosh; Intel Mac OS X 10_10_0) AppleWebKit/537.36 (KHTML, like Gecko) Chrome/37.0.2062.124 Safari/537.36"
10.0.2.2 - - [08/Oct/2014:15:11:58 +0000] "GET /pdv/ext-users/libs/angular-route.min.js.map HTTP/1.1" 304 0 "http://localhost:7000/pdv/ext-users/" "Mozilla/5.0 (Macintosh; Intel Mac OS X 10_10_0) AppleWebKit/537.36 (KHTML, like Gecko) Chrome/37.0.2062.124 Safari/537.36"
10.0.2.2 - - [08/Oct/2014:15:11:58 +0000] "GET /pdv/ext-users/api/roles HTTP/1.1" 200 338 "http://localhost:7000/pdv/ext-users/" "Mozilla/5.0 (Macintosh; Intel Mac OS X 10_10_0) AppleWebKit/537.36 (KHTML, like Gecko) Chrome/37.0.2062.124 Safari/537.36"
172.17.42.1 - - [08/Oct/2014:15:11:59 +0000] "GET /pdv/remote/ws.rsp HTTP/1.1" 200 61 "-" "Go 1.1 package http"
10.0.2.2 - - [08/Oct/2014:15:11:59 +0000] "GET /pdv/ext-users/api/user HTTP/1.1" 200 88 "http://localhost:7000/pdv/ext-users/" "Mozilla/5.0 (Macintosh; Intel Mac OS X 10_10_0) AppleWebKit/537.36 (KHTML, like Gecko) Chrome/37.0.2062.124 Safari/537.36"
172.17.42.1 - - [08/Oct/2014:15:11:59 +0000] "GET /pdv/remote/ws.rsp HTTP/1.1" 200 61 "-" "Go 1.1 package http"
10.0.2.2 - - [08/Oct/2014:15:11:59 +0000] "GET /pdv/ext-users/api/users HTTP/1.1" 200 644 "http://localhost:7000/pdv/ext-users/" "Mozilla/5.0 (Macintosh; Intel Mac OS X 10_10_0) AppleWebKit/537.36 (KHTML, like Gecko) Chrome/37.0.2062.124 Safari/537.36"
10.0.2.2 - - [08/Oct/2014:15:12:05 +0000] "GET /pdv/ext-users/ HTTP/1.1" 200 3262 "-" "Mozilla/5.0 (Macintosh; Intel Mac OS X 10_10_0) AppleWebKit/537.36 (KHTML, like Gecko) Chrome/37.0.2062.124 Safari/537.36"
10.0.2.2 - - [08/Oct/2014:15:12:05 +0000] "GET /pdv/ext-users/libs/angular.min.js HTTP/1.1" 200 107098 "http://localhost:7000/pdv/ext-users/" "Mozilla/5.0 (Macintosh; Intel Mac OS X 10_10_0) AppleWebKit/537.36 (KHTML, like Gecko) Chrome/37.0.2062.124 Safari/537.36"
10.0.2.2 - - [08/Oct/2014:15:12:05 +0000] "GET /pdv/ext-users/libs/angular-route.min.js HTTP/1.1" 200 3886 "http://localhost:7000/pdv/ext-users/" "Mozilla/5.0 (Macintosh; Intel Mac OS X 10_10_0) AppleWebKit/537.36 (KHTML, like Gecko) Chrome/37.0.2062.124 Safari/537.36"
10.0.2.2 - - [08/Oct/2014:15:12:05 +0000] "GET /pdv/ext-users/libs/lodash.min.js HTTP/1.1" 200 28151 "http://localhost:7000/pdv/ext-users/" "Mozilla/5.0 (Macintosh; Intel Mac OS X 10_10_0) AppleWebKit/537.36 (KHTML, like Gecko) Chrome/37.0.2062.124 Safari/537.36"
10.0.2.2 - - [08/Oct/2014:15:12:05 +0000] "GET /pdv/ext-users/js/app.js HTTP/1.1" 200 36 "http://localhost:7000/pdv/ext-users/" "Mozilla/5.0 (Macintosh; Intel Mac OS X 10_10_0) AppleWebKit/537.36 (KHTML, like Gecko) Chrome/37.0.2062.124 Safari/537.36"
10.0.2.2 - - [08/Oct/2014:15:12:05 +0000] "GET /pdv/ext-users/js/controllers/users.js HTTP/1.1" 200 1860 "http://localhost:7000/pdv/ext-users/" "Mozilla/5.0 (Macintosh; Intel Mac OS X 10_10_0) AppleWebKit/537.36 (KHTML, like Gecko) Chrome/37.0.2062.124 Safari/537.36"
10.0.2.2 - - [08/Oct/2014:15:12:05 +0000] "GET /pdv/ext-users/api/roles HTTP/1.1" 200 338 "http://localhost:7000/pdv/ext-users/" "Mozilla/5.0 (Macintosh; Intel Mac OS X 10_10_0) AppleWebKit/537.36 (KHTML, like Gecko) Chrome/37.0.2062.124 Safari/537.36"
10.0.2.2 - - [08/Oct/2014:15:12:05 +0000] "GET /pdv/ext-users/libs/angular.min.js.map HTTP/1.1" 304 0 "http://localhost:7000/pdv/ext-users/" "Mozilla/5.0 (Macintosh; Intel Mac OS X 10_10_0) AppleWebKit/537.36 (KHTML, like Gecko) Chrome/37.0.2062.124 Safari/537.36"
10.0.2.2 - - [08/Oct/2014:15:12:05 +0000] "GET /pdv/ext-users/libs/angular-route.min.js.map HTTP/1.1" 304 0 "http://localhost:7000/pdv/ext-users/" "Mozilla/5.0 (Macintosh; Intel Mac OS X 10_10_0) AppleWebKit/537.36 (KHTML, like Gecko) Chrome/37.0.2062.124 Safari/537.36"
172.17.42.1 - - [08/Oct/2014:15:12:05 +0000] "GET /pdv/remote/ws.rsp HTTP/1.1" 200 61 "-" "Go 1.1 package http"
10.0.2.2 - - [08/Oct/2014:15:12:05 +0000] "GET /pdv/ext-users/api/users HTTP/1.1" 200 644 "http://localhost:7000/pdv/ext-users/" "Mozilla/5.0 (Macintosh; Intel Mac OS X 10_10_0) AppleWebKit/537.36 (KHTML, like Gecko) Chrome/37.0.2062.124 Safari/537.36"
172.17.42.1 - - [08/Oct/2014:15:12:06 +0000] "GET /pdv/remote/ws.rsp HTTP/1.1" 200 61 "-" "Go 1.1 package http"
10.0.2.2 - - [08/Oct/2014:15:12:06 +0000] "GET /pdv/ext-users/api/user HTTP/1.1" 200 88 "http://localhost:7000/pdv/ext-users/" "Mozilla/5.0 (Macintosh; Intel Mac OS X 10_10_0) AppleWebKit/537.36 (KHTML, like Gecko) Chrome/37.0.2062.124 Safari/537.36"
172.17.42.1 - - [08/Oct/2014:15:12:39 +0000] "GET /pdv/remote/ws.rsp HTTP/1.1" 200 61 "-" "Go 1.1 package http"
10.0.2.2 - - [08/Oct/2014:15:12:39 +0000] "POST /pdv/ext-users/api/users HTTP/1.1" 200 7 "http://localhost:7000/pdv/ext-users/" "Mozilla/5.0 (Macintosh; Intel Mac OS X 10_10_0) AppleWebKit/537.36 (KHTML, like Gecko) Chrome/37.0.2062.124 Safari/537.36"
10.0.2.2 - - [08/Oct/2014:15:18:47 +0000] "GET /pdv/ext-users/ HTTP/1.1" 200 3262 "-" "Mozilla/5.0 (Macintosh; Intel Mac OS X 10_10_0) AppleWebKit/537.36 (KHTML, like Gecko) Chrome/37.0.2062.124 Safari/537.36"
10.0.2.2 - - [08/Oct/2014:15:18:47 +0000] "GET /pdv/ext-users/libs/angular.min.js HTTP/1.1" 200 107098 "http://localhost:7000/pdv/ext-users/" "Mozilla/5.0 (Macintosh; Intel Mac OS X 10_10_0) AppleWebKit/537.36 (KHTML, like Gecko) Chrome/37.0.2062.124 Safari/537.36"
10.0.2.2 - - [08/Oct/2014:15:18:47 +0000] "GET /pdv/ext-users/libs/angular-route.min.js HTTP/1.1" 200 3886 "http://localhost:7000/pdv/ext-users/" "Mozilla/5.0 (Macintosh; Intel Mac OS X 10_10_0) AppleWebKit/537.36 (KHTML, like Gecko) Chrome/37.0.2062.124 Safari/537.36"
10.0.2.2 - - [08/Oct/2014:15:18:47 +0000] "GET /pdv/ext-users/libs/lodash.min.js HTTP/1.1" 200 28151 "http://localhost:7000/pdv/ext-users/" "Mozilla/5.0 (Macintosh; Intel Mac OS X 10_10_0) AppleWebKit/537.36 (KHTML, like Gecko) Chrome/37.0.2062.124 Safari/537.36"
10.0.2.2 - - [08/Oct/2014:15:18:47 +0000] "GET /pdv/ext-users/js/app.js HTTP/1.1" 200 36 "http://localhost:7000/pdv/ext-users/" "Mozilla/5.0 (Macintosh; Intel Mac OS X 10_10_0) AppleWebKit/537.36 (KHTML, like Gecko) Chrome/37.0.2062.124 Safari/537.36"
10.0.2.2 - - [08/Oct/2014:15:18:47 +0000] "GET /pdv/ext-users/js/controllers/users.js HTTP/1.1" 200 1860 "http://localhost:7000/pdv/ext-users/" "Mozilla/5.0 (Macintosh; Intel Mac OS X 10_10_0) AppleWebKit/537.36 (KHTML, like Gecko) Chrome/37.0.2062.124 Safari/537.36"
10.0.2.2 - - [08/Oct/2014:15:18:47 +0000] "GET /pdv/ext-users/libs/angular.min.js.map HTTP/1.1" 304 0 "http://localhost:7000/pdv/ext-users/" "Mozilla/5.0 (Macintosh; Intel Mac OS X 10_10_0) AppleWebKit/537.36 (KHTML, like Gecko) Chrome/37.0.2062.124 Safari/537.36"
10.0.2.2 - - [08/Oct/2014:15:18:47 +0000] "GET /pdv/ext-users/libs/angular-route.min.js.map HTTP/1.1" 304 0 "http://localhost:7000/pdv/ext-users/" "Mozilla/5.0 (Macintosh; Intel Mac OS X 10_10_0) AppleWebKit/537.36 (KHTML, like Gecko) Chrome/37.0.2062.124 Safari/537.36"
10.0.2.2 - - [08/Oct/2014:15:18:47 +0000] "GET /pdv/ext-users/api/roles HTTP/1.1" 200 338 "http://localhost:7000/pdv/ext-users/" "Mozilla/5.0 (Macintosh; Intel Mac OS X 10_10_0) AppleWebKit/537.36 (KHTML, like Gecko) Chrome/37.0.2062.124 Safari/537.36"
172.17.42.1 - - [08/Oct/2014:15:18:47 +0000] "GET /pdv/remote/ws.rsp HTTP/1.1" 200 61 "-" "Go 1.1 package http"
