10.0.2.2 - - [08/Oct/2014:09:28:04 +0000] "GET /pdv/ext-users/js/controllers/users.js HTTP/1.1" 200 1713 "http://localhost:7000/pdv/ext-users/" "Mozilla/5.0 (Macintosh; Intel Mac OS X 10_10_0) AppleWebKit/537.36 (KHTML, like Gecko) Chrome/37.0.2062.124 Safari/537.36"
10.0.2.2 - - [08/Oct/2014:09:28:04 +0000] "GET /pdv/ext-users/api/roles HTTP/1.1" 200 338 "http://localhost:7000/pdv/ext-users/" "Mozilla/5.0 (Macintosh; Intel Mac OS X 10_10_0) AppleWebKit/537.36 (KHTML, like Gecko) Chrome/37.0.2062.124 Safari/537.36"
10.0.2.2 - - [08/Oct/2014:09:28:04 +0000] "GET /pdv/ext-users/libs/angular.min.js.map HTTP/1.1" 304 0 "http://localhost:7000/pdv/ext-users/" "Mozilla/5.0 (Macintosh; Intel Mac OS X 10_10_0) AppleWebKit/537.36 (KHTML, like Gecko) Chrome/37.0.2062.124 Safari/537.36"
10.0.2.2 - - [08/Oct/2014:09:28:04 +0000] "GET /pdv/ext-users/libs/angular-route.min.js.map HTTP/1.1" 304 0 "http://localhost:7000/pdv/ext-users/" "Mozilla/5.0 (Macintosh; Intel Mac OS X 10_10_0) AppleWebKit/537.36 (KHTML, like Gecko) Chrome/37.0.2062.124 Safari/537.36"
172.17.42.1 - - [08/Oct/2014:09:28:04 +0000] "GET /pdv/remote/ws.rsp HTTP/1.1" 200 61 "-" "Go 1.1 package http"
10.0.2.2 - - [08/Oct/2014:09:28:04 +0000] "GET /pdv/ext-users/api/users HTTP/1.1" 200 370 "http://localhost:7000/pdv/ext-users/" "Mozilla/5.0 (Macintosh; Intel Mac OS X 10_10_0) AppleWebKit/537.36 (KHTML, like Gecko) Chrome/37.0.2062.124 Safari/537.36"
10.0.2.2 - - [08/Oct/2014:09:28:45 +0000] "GET /pdv/ext-users/ HTTP/1.1" 200 2678 "-" "Mozilla/5.0 (Macintosh; Intel Mac OS X 10_10_0) AppleWebKit/537.36 (KHTML, like Gecko) Chrome/37.0.2062.124 Safari/537.36"
10.0.2.2 - - [08/Oct/2014:09:28:45 +0000] "GET /pdv/ext-users/libs/angular.min.js HTTP/1.1" 200 107098 "http://localhost:7000/pdv/ext-users/" "Mozilla/5.0 (Macintosh; Intel Mac OS X 10_10_0) AppleWebKit/537.36 (KHTML, like Gecko) Chrome/37.0.2062.124 Safari/537.36"
10.0.2.2 - - [08/Oct/2014:09:28:45 +0000] "GET /pdv/ext-users/libs/angular-route.min.js HTTP/1.1" 200 3886 "http://localhost:7000/pdv/ext-users/" "Mozilla/5.0 (Macintosh; Intel Mac OS X 10_10_0) AppleWebKit/537.36 (KHTML, like Gecko) Chrome/37.0.2062.124 Safari/537.36"
10.0.2.2 - - [08/Oct/2014:09:28:45 +0000] "GET /pdv/ext-users/js/app.js HTTP/1.1" 200 36 "http://localhost:7000/pdv/ext-users/" "Mozilla/5.0 (Macintosh; Intel Mac OS X 10_10_0) AppleWebKit/537.36 (KHTML, like Gecko) Chrome/37.0.2062.124 Safari/537.36"
10.0.2.2 - - [08/Oct/2014:09:28:45 +0000] "GET /pdv/ext-users/js/controllers/users.js HTTP/1.1" 200 1742 "http://localhost:7000/pdv/ext-users/" "Mozilla/5.0 (Macintosh; Intel Mac OS X 10_10_0) AppleWebKit/537.36 (KHTML, like Gecko) Chrome/37.0.2062.124 Safari/537.36"
10.0.2.2 - - [08/Oct/2014:09:28:45 +0000] "GET /pdv/ext-users/api/roles HTTP/1.1" 200 338 "http://localhost:7000/pdv/ext-users/" "Mozilla/5.0 (Macintosh; Intel Mac OS X 10_10_0) AppleWebKit/537.36 (KHTML, like Gecko) Chrome/37.0.2062.124 Safari/537.36"
10.0.2.2 - - [08/Oct/2014:09:28:45 +0000] "GET /pdv/ext-users/libs/angular.min.js.map HTTP/1.1" 304 0 "http://localhost:7000/pdv/ext-users/" "Mozilla/5.0 (Macintosh; Intel Mac OS X 10_10_0) AppleWebKit/537.36 (KHTML, like Gecko) Chrome/37.0.2062.124 Safari/537.36"
10.0.2.2 - - [08/Oct/2014:09:28:45 +0000] "GET /pdv/ext-users/libs/angular-route.min.js.map HTTP/1.1" 304 0 "http://localhost:7000/pdv/ext-users/" "Mozilla/5.0 (Macintosh; Intel Mac OS X 10_10_0) AppleWebKit/537.36 (KHTML, like Gecko) Chrome/37.0.2062.124 Safari/537.36"
172.17.42.1 - - [08/Oct/2014:09:28:45 +0000] "GET /pdv/remote/ws.rsp HTTP/1.1" 200 61 "-" "Go 1.1 package http"
10.0.2.2 - - [08/Oct/2014:09:28:45 +0000] "GET /pdv/ext-users/api/users HTTP/1.1" 200 370 "http://localhost:7000/pdv/ext-users/" "Mozilla/5.0 (Macintosh; Intel Mac OS X 10_10_0) AppleWebKit/537.36 (KHTML, like Gecko) Chrome/37.0.2062.124 Safari/537.36"
10.0.2.2 - - [08/Oct/2014:09:29:25 +0000] "GET /pdv/ext-users/ HTTP/1.1" 200 2678 "-" "Mozilla/5.0 (Macintosh; Intel Mac OS X 10_10_0) AppleWebKit/537.36 (KHTML, like Gecko) Chrome/37.0.2062.124 Safari/537.36"
10.0.2.2 - - [08/Oct/2014:09:29:26 +0000] "GET /pdv/ext-users/libs/angular.min.js HTTP/1.1" 200 107098 "http://localhost:7000/pdv/ext-users/" "Mozilla/5.0 (Macintosh; Intel Mac OS X 10_10_0) AppleWebKit/537.36 (KHTML, like Gecko) Chrome/37.0.2062.124 Safari/537.36"
10.0.2.2 - - [08/Oct/2014:09:29:26 +0000] "GET /pdv/ext-users/libs/angular-route.min.js HTTP/1.1" 200 3886 "http://localhost:7000/pdv/ext-users/" "Mozilla/5.0 (Macintosh; Intel Mac OS X 10_10_0) AppleWebKit/537.36 (KHTML, like Gecko) Chrome/37.0.2062.124 Safari/537.36"
10.0.2.2 - - [08/Oct/2014:09:29:26 +0000] "GET /pdv/ext-users/js/app.js HTTP/1.1" 200 36 "http://localhost:7000/pdv/ext-users/" "Mozilla/5.0 (Macintosh; Intel Mac OS X 10_10_0) AppleWebKit/537.36 (KHTML, like Gecko) Chrome/37.0.2062.124 Safari/537.36"
10.0.2.2 - - [08/Oct/2014:09:29:26 +0000] "GET /pdv/ext-users/js/controllers/users.js HTTP/1.1" 200 1763 "http://localhost:7000/pdv/ext-users/" "Mozilla/5.0 (Macintosh; Intel Mac OS X 10_10_0) AppleWebKit/537.36 (KHTML, like Gecko) Chrome/37.0.2062.124 Safari/537.36"
10.0.2.2 - - [08/Oct/2014:09:29:26 +0000] "GET /pdv/ext-users/api/roles HTTP/1.1" 200 338 "http://localhost:7000/pdv/ext-users/" "Mozilla/5.0 (Macintosh; Intel Mac OS X 10_10_0) AppleWebKit/537.36 (KHTML, like Gecko) Chrome/37.0.2062.124 Safari/537.36"
10.0.2.2 - - [08/Oct/2014:09:29:26 +0000] "GET /pdv/ext-users/libs/angular.min.js.map HTTP/1.1" 304 0 "http://localhost:7000/pdv/ext-users/" "Mozilla/5.0 (Macintosh; Intel Mac OS X 10_10_0) AppleWebKit/537.36 (KHTML, like Gecko) Chrome/37.0.2062.124 Safari/537.36"
10.0.2.2 - - [08/Oct/2014:09:29:26 +0000] "GET /pdv/ext-users/libs/angular-route.min.js.map HTTP/1.1" 304 0 "http://localhost:7000/pdv/ext-users/" "Mozilla/5.0 (Macintosh; Intel Mac OS X 10_10_0) AppleWebKit/537.36 (KHTML, like Gecko) Chrome/37.0.2062.124 Safari/537.36"
172.17.42.1 - - [08/Oct/2014:09:29:26 +0000] "GET /pdv/remote/ws.rsp HTTP/1.1" 200 61 "-" "Go 1.1 package http"
10.0.2.2 - - [08/Oct/2014:09:29:26 +0000] "GET /pdv/ext-users/api/users HTTP/1.1" 200 370 "http://localhost:7000/pdv/ext-users/" "Mozilla/5.0 (Macintosh; Intel Mac OS X 10_10_0) AppleWebKit/537.36 (KHTML, like Gecko) Chrome/37.0.2062.124 Safari/537.36"
10.0.2.2 - - [08/Oct/2014:09:30:13 +0000] "GET /pdv/ext-users/ HTTP/1.1" 200 2678 "-" "Mozilla/5.0 (Macintosh; Intel Mac OS X 10_10_0) AppleWebKit/537.36 (KHTML, like Gecko) Chrome/37.0.2062.124 Safari/537.36"
10.0.2.2 - - [08/Oct/2014:09:30:13 +0000] "GET /pdv/ext-users/libs/angular.min.js HTTP/1.1" 200 107098 "http://localhost:7000/pdv/ext-users/" "Mozilla/5.0 (Macintosh; Intel Mac OS X 10_10_0) AppleWebKit/537.36 (KHTML, like Gecko) Chrome/37.0.2062.124 Safari/537.36"
10.0.2.2 - - [08/Oct/2014:09:30:13 +0000] "GET /pdv/ext-users/libs/angular-route.min.js HTTP/1.1" 200 3886 "http://localhost:7000/pdv/ext-users/" "Mozilla/5.0 (Macintosh; Intel Mac OS X 10_10_0) AppleWebKit/537.36 (KHTML, like Gecko) Chrome/37.0.2062.124 Safari/537.36"
10.0.2.2 - - [08/Oct/2014:09:30:13 +0000] "GET /pdv/ext-users/js/app.js HTTP/1.1" 200 36 "http://localhost:7000/pdv/ext-users/" "Mozilla/5.0 (Macintosh; Intel Mac OS X 10_10_0) AppleWebKit/537.36 (KHTML, like Gecko) Chrome/37.0.2062.124 Safari/537.36"
10.0.2.2 - - [08/Oct/2014:09:30:13 +0000] "GET /pdv/ext-users/js/controllers/users.js HTTP/1.1" 200 1805 "http://localhost:7000/pdv/ext-users/" "Mozilla/5.0 (Macintosh; Intel Mac OS X 10_10_0) AppleWebKit/537.36 (KHTML, like Gecko) Chrome/37.0.2062.124 Safari/537.36"
10.0.2.2 - - [08/Oct/2014:09:30:13 +0000] "GET /pdv/ext-users/api/roles HTTP/1.1" 200 338 "http://localhost:7000/pdv/ext-users/" "Mozilla/5.0 (Macintosh; Intel Mac OS X 10_10_0) AppleWebKit/537.36 (KHTML, like Gecko) Chrome/37.0.2062.124 Safari/537.36"
10.0.2.2 - - [08/Oct/2014:09:30:13 +0000] "GET /pdv/ext-users/libs/angular.min.js.map HTTP/1.1" 304 0 "http://localhost:7000/pdv/ext-users/" "Mozilla/5.0 (Macintosh; Intel Mac OS X 10_10_0) AppleWebKit/537.36 (KHTML, like Gecko) Chrome/37.0.2062.124 Safari/537.36"
10.0.2.2 - - [08/Oct/2014:09:30:13 +0000] "GET /pdv/ext-users/libs/angular-route.min.js.map HTTP/1.1" 304 0 "http://localhost:7000/pdv/ext-users/" "Mozilla/5.0 (Macintosh; Intel Mac OS X 10_10_0) AppleWebKit/537.36 (KHTML, like Gecko) Chrome/37.0.2062.124 Safari/537.36"
172.17.42.1 - - [08/Oct/2014:09:30:13 +0000] "GET /pdv/remote/ws.rsp HTTP/1.1" 200 61 "-" "Go 1.1 package http"
10.0.2.2 - - [08/Oct/2014:09:30:13 +0000] "GET /pdv/ext-users/api/users HTTP/1.1" 200 370 "http://localhost:7000/pdv/ext-users/" "Mozilla/5.0 (Macintosh; Intel Mac OS X 10_10_0) AppleWebKit/537.36 (KHTML, like Gecko) Chrome/37.0.2062.124 Safari/537.36"
10.0.2.2 - - [08/Oct/2014:09:31:12 +0000] "GET /pdv/ext-users/ HTTP/1.1" 200 2678 "-" "Mozilla/5.0 (Macintosh; Intel Mac OS X 10_10_0) AppleWebKit/537.36 (KHTML, like Gecko) Chrome/37.0.2062.124 Safari/537.36"
10.0.2.2 - - [08/Oct/2014:09:31:12 +0000] "GET /pdv/ext-users/libs/angular.min.js HTTP/1.1" 200 107098 "http://localhost:7000/pdv/ext-users/" "Mozilla/5.0 (Macintosh; Intel Mac OS X 10_10_0) AppleWebKit/537.36 (KHTML, like Gecko) Chrome/37.0.2062.124 Safari/537.36"
10.0.2.2 - - [08/Oct/2014:09:31:12 +0000] "GET /pdv/ext-users/libs/angular-route.min.js HTTP/1.1" 200 3886 "http://localhost:7000/pdv/ext-users/" "Mozilla/5.0 (Macintosh; Intel Mac OS X 10_10_0) AppleWebKit/537.36 (KHTML, like Gecko) Chrome/37.0.2062.124 Safari/537.36"
10.0.2.2 - - [08/Oct/2014:09:31:12 +0000] "GET /pdv/ext-users/js/app.js HTTP/1.1" 200 36 "http://localhost:7000/pdv/ext-users/" "Mozilla/5.0 (Macintosh; Intel Mac OS X 10_10_0) AppleWebKit/537.36 (KHTML, like Gecko) Chrome/37.0.2062.124 Safari/537.36"
10.0.2.2 - - [08/Oct/2014:09:31:12 +0000] "GET /pdv/ext-users/js/controllers/users.js HTTP/1.1" 200 1769 "http://localhost:7000/pdv/ext-users/" "Mozilla/5.0 (Macintosh; Intel Mac OS X 10_10_0) AppleWebKit/537.36 (KHTML, like Gecko) Chrome/37.0.2062.124 Safari/537.36"
10.0.2.2 - - [08/Oct/2014:09:31:12 +0000] "GET /pdv/ext-users/libs/angular.min.js.map HTTP/1.1" 304 0 "http://localhost:7000/pdv/ext-users/" "Mozilla/5.0 (Macintosh; Intel Mac OS X 10_10_0) AppleWebKit/537.36 (KHTML, like Gecko) Chrome/37.0.2062.124 Safari/537.36"
10.0.2.2 - - [08/Oct/2014:09:31:12 +0000] "GET /pdv/ext-users/libs/angular-route.min.js.map HTTP/1.1" 304 0 "http://localhost:7000/pdv/ext-users/" "Mozilla/5.0 (Macintosh; Intel Mac OS X 10_10_0) AppleWebKit/537.36 (KHTML, like Gecko) Chrome/37.0.2062.124 Safari/537.36"
10.0.2.2 - - [08/Oct/2014:09:31:58 +0000] "GET /pdv/ext-users/ HTTP/1.1" 200 2678 "-" "Mozilla/5.0 (Macintosh; Intel Mac OS X 10_10_0) AppleWebKit/537.36 (KHTML, like Gecko) Chrome/37.0.2062.124 Safari/537.36"
10.0.2.2 - - [08/Oct/2014:09:31:58 +0000] "GET /pdv/ext-users/libs/angular.min.js HTTP/1.1" 200 107098 "http://localhost:7000/pdv/ext-users/" "Mozilla/5.0 (Macintosh; Intel Mac OS X 10_10_0) AppleWebKit/537.36 (KHTML, like Gecko) Chrome/37.0.2062.124 Safari/537.36"
10.0.2.2 - - [08/Oct/2014:09:31:58 +0000] "GET /pdv/ext-users/libs/angular-route.min.js HTTP/1.1" 200 3886 "http://localhost:7000/pdv/ext-users/" "Mozilla/5.0 (Macintosh; Intel Mac OS X 10_10_0) AppleWebKit/537.36 (KHTML, like Gecko) Chrome/37.0.2062.124 Safari/537.36"
10.0.2.2 - - [08/Oct/2014:09:31:58 +0000] "GET /pdv/ext-users/js/app.js HTTP/1.1" 200 36 "http://localhost:7000/pdv/ext-users/" "Mozilla/5.0 (Macintosh; Intel Mac OS X 10_10_0) AppleWebKit/537.36 (KHTML, like Gecko) Chrome/37.0.2062.124 Safari/537.36"
10.0.2.2 - - [08/Oct/2014:09:31:58 +0000] "GET /pdv/ext-users/js/controllers/users.js HTTP/1.1" 200 1864 "http://localhost:7000/pdv/ext-users/" "Mozilla/5.0 (Macintosh; Intel Mac OS X 10_10_0) AppleWebKit/537.36 (KHTML, like Gecko) Chrome/37.0.2062.124 Safari/537.36"
10.0.2.2 - - [08/Oct/2014:09:31:58 +0000] "GET /pdv/ext-users/libs/angular.min.js.map HTTP/1.1" 304 0 "http://localhost:7000/pdv/ext-users/" "Mozilla/5.0 (Macintosh; Intel Mac OS X 10_10_0) AppleWebKit/537.36 (KHTML, like Gecko) Chrome/37.0.2062.124 Safari/537.36"
10.0.2.2 - - [08/Oct/2014:09:31:58 +0000] "GET /pdv/ext-users/libs/angular-route.min.js.map HTTP/1.1" 304 0 "http://localhost:7000/pdv/ext-users/" "Mozilla/5.0 (Macintosh; Intel Mac OS X 10_10_0) AppleWebKit/537.36 (KHTML, like Gecko) Chrome/37.0.2062.124 Safari/537.36"
10.0.2.2 - - [08/Oct/2014:09:32:15 +0000] "GET /pdv/ext-users/ HTTP/1.1" 200 2678 "-" "Mozilla/5.0 (Macintosh; Intel Mac OS X 10_10_0) AppleWebKit/537.36 (KHTML, like Gecko) Chrome/37.0.2062.124 Safari/537.36"
10.0.2.2 - - [08/Oct/2014:09:32:15 +0000] "GET /pdv/ext-users/libs/angular.min.js HTTP/1.1" 200 107098 "http://localhost:7000/pdv/ext-users/" "Mozilla/5.0 (Macintosh; Intel Mac OS X 10_10_0) AppleWebKit/537.36 (KHTML, like Gecko) Chrome/37.0.2062.124 Safari/537.36"
10.0.2.2 - - [08/Oct/2014:09:32:15 +0000] "GET /pdv/ext-users/libs/angular-route.min.js HTTP/1.1" 200 3886 "http://localhost:7000/pdv/ext-users/" "Mozilla/5.0 (Macintosh; Intel Mac OS X 10_10_0) AppleWebKit/537.36 (KHTML, like Gecko) Chrome/37.0.2062.124 Safari/537.36"
10.0.2.2 - - [08/Oct/2014:09:32:15 +0000] "GET /pdv/ext-users/js/app.js HTTP/1.1" 200 36 "http://localhost:7000/pdv/ext-users/" "Mozilla/5.0 (Macintosh; Intel Mac OS X 10_10_0) AppleWebKit/537.36 (KHTML, like Gecko) Chrome/37.0.2062.124 Safari/537.36"
10.0.2.2 - - [08/Oct/2014:09:32:15 +0000] "GET /pdv/ext-users/js/controllers/users.js HTTP/1.1" 200 1866 "http://localhost:7000/pdv/ext-users/" "Mozilla/5.0 (Macintosh; Intel Mac OS X 10_10_0) AppleWebKit/537.36 (KHTML, like Gecko) Chrome/37.0.2062.124 Safari/537.36"
10.0.2.2 - - [08/Oct/2014:09:32:15 +0000] "GET /pdv/ext-users/libs/angular.min.js.map HTTP/1.1" 304 0 "http://localhost:7000/pdv/ext-users/" "Mozilla/5.0 (Macintosh; Intel Mac OS X 10_10_0) AppleWebKit/537.36 (KHTML, like Gecko) Chrome/37.0.2062.124 Safari/537.36"
10.0.2.2 - - [08/Oct/2014:09:32:15 +0000] "GET /pdv/ext-users/libs/angular-route.min.js.map HTTP/1.1" 304 0 "http://localhost:7000/pdv/ext-users/" "Mozilla/5.0 (Macintosh; Intel Mac OS X 10_10_0) AppleWebKit/537.36 (KHTML, like Gecko) Chrome/37.0.2062.124 Safari/537.36"
10.0.2.2 - - [08/Oct/2014:09:32:38 +0000] "GET /pdv/ext-users/ HTTP/1.1" 200 2678 "-" "Mozilla/5.0 (Macintosh; Intel Mac OS X 10_10_0) AppleWebKit/537.36 (KHTML, like Gecko) Chrome/37.0.2062.124 Safari/537.36"
10.0.2.2 - - [08/Oct/2014:09:32:38 +0000] "GET /pdv/ext-users/libs/angular.min.js HTTP/1.1" 200 107098 "http://localhost:7000/pdv/ext-users/" "Mozilla/5.0 (Macintosh; Intel Mac OS X 10_10_0) AppleWebKit/537.36 (KHTML, like Gecko) Chrome/37.0.2062.124 Safari/537.36"
10.0.2.2 - - [08/Oct/2014:09:32:38 +0000] "GET /pdv/ext-users/libs/angular-route.min.js HTTP/1.1" 200 3886 "http://localhost:7000/pdv/ext-users/" "Mozilla/5.0 (Macintosh; Intel Mac OS X 10_10_0) AppleWebKit/537.36 (KHTML, like Gecko) Chrome/37.0.2062.124 Safari/537.36"
10.0.2.2 - - [08/Oct/2014:09:32:38 +0000] "GET /pdv/ext-users/js/app.js HTTP/1.1" 200 36 "http://localhost:7000/pdv/ext-users/" "Mozilla/5.0 (Macintosh; Intel Mac OS X 10_10_0) AppleWebKit/537.36 (KHTML, like Gecko) Chrome/37.0.2062.124 Safari/537.36"
10.0.2.2 - - [08/Oct/2014:09:32:38 +0000] "GET /pdv/ext-users/js/controllers/users.js HTTP/1.1" 200 1862 "http://localhost:7000/pdv/ext-users/" "Mozilla/5.0 (Macintosh; Intel Mac OS X 10_10_0) AppleWebKit/537.36 (KHTML, like Gecko) Chrome/37.0.2062.124 Safari/537.36"
10.0.2.2 - - [08/Oct/2014:09:32:38 +0000] "GET /pdv/ext-users/api/roles HTTP/1.1" 200 338 "http://localhost:7000/pdv/ext-users/" "Mozilla/5.0 (Macintosh; Intel Mac OS X 10_10_0) AppleWebKit/537.36 (KHTML, like Gecko) Chrome/37.0.2062.124 Safari/537.36"
10.0.2.2 - - [08/Oct/2014:09:32:38 +0000] "GET /pdv/ext-users/libs/angular.min.js.map HTTP/1.1" 304 0 "http://localhost:7000/pdv/ext-users/" "Mozilla/5.0 (Macintosh; Intel Mac OS X 10_10_0) AppleWebKit/537.36 (KHTML, like Gecko) Chrome/37.0.2062.124 Safari/537.36"
10.0.2.2 - - [08/Oct/2014:09:32:38 +0000] "GET /pdv/ext-users/libs/angular-route.min.js.map HTTP/1.1" 304 0 "http://localhost:7000/pdv/ext-users/" "Mozilla/5.0 (Macintosh; Intel Mac OS X 10_10_0) AppleWebKit/537.36 (KHTML, like Gecko) Chrome/37.0.2062.124 Safari/537.36"
172.17.42.1 - - [08/Oct/2014:09:32:38 +0000] "GET /pdv/remote/ws.rsp HTTP/1.1" 200 61 "-" "Go 1.1 package http"
10.0.2.2 - - [08/Oct/2014:09:32:38 +0000] "GET /pdv/ext-users/api/users HTTP/1.1" 200 370 "http://localhost:7000/pdv/ext-users/" "Mozilla/5.0 (Macintosh; Intel Mac OS X 10_10_0) AppleWebKit/537.36 (KHTML, like Gecko) Chrome/37.0.2062.124 Safari/537.36"
10.0.2.2 - - [08/Oct/2014:09:32:56 +0000] "GET /pdv/ext-users/ HTTP/1.1" 200 2678 "-" "Mozilla/5.0 (Macintosh; Intel Mac OS X 10_10_0) AppleWebKit/537.36 (KHTML, like Gecko) Chrome/37.0.2062.124 Safari/537.36"
10.0.2.2 - - [08/Oct/2014:09:32:56 +0000] "GET /pdv/ext-users/libs/angular.min.js HTTP/1.1" 200 107098 "http://localhost:7000/pdv/ext-users/" "Mozilla/5.0 (Macintosh; Intel Mac OS X 10_10_0) AppleWebKit/537.36 (KHTML, like Gecko) Chrome/37.0.2062.124 Safari/537.36"
10.0.2.2 - - [08/Oct/2014:09:32:56 +0000] "GET /pdv/ext-users/libs/angular-route.min.js HTTP/1.1" 200 3886 "http://localhost:7000/pdv/ext-users/" "Mozilla/5.0 (Macintosh; Intel Mac OS X 10_10_0) AppleWebKit/537.36 (KHTML, like Gecko) Chrome/37.0.2062.124 Safari/537.36"
10.0.2.2 - - [08/Oct/2014:09:32:56 +0000] "GET /pdv/ext-users/js/app.js HTTP/1.1" 200 36 "http://localhost:7000/pdv/ext-users/" "Mozilla/5.0 (Macintosh; Intel Mac OS X 10_10_0) AppleWebKit/537.36 (KHTML, like Gecko) Chrome/37.0.2062.124 Safari/537.36"
10.0.2.2 - - [08/Oct/2014:09:32:56 +0000] "GET /pdv/ext-users/js/controllers/users.js HTTP/1.1" 200 1823 "http://localhost:7000/pdv/ext-users/" "Mozilla/5.0 (Macintosh; Intel Mac OS X 10_10_0) AppleWebKit/537.36 (KHTML, like Gecko) Chrome/37.0.2062.124 Safari/537.36"
10.0.2.2 - - [08/Oct/2014:09:32:56 +0000] "GET /pdv/ext-users/api/roles HTTP/1.1" 200 338 "http://localhost:7000/pdv/ext-users/" "Mozilla/5.0 (Macintosh; Intel Mac OS X 10_10_0) AppleWebKit/537.36 (KHTML, like Gecko) Chrome/37.0.2062.124 Safari/537.36"
10.0.2.2 - - [08/Oct/2014:09:32:56 +0000] "GET /pdv/ext-users/libs/angular.min.js.map HTTP/1.1" 304 0 "http://localhost:7000/pdv/ext-users/" "Mozilla/5.0 (Macintosh; Intel Mac OS X 10_10_0) AppleWebKit/537.36 (KHTML, like Gecko) Chrome/37.0.2062.124 Safari/537.36"
10.0.2.2 - - [08/Oct/2014:09:32:56 +0000] "GET /pdv/ext-users/libs/angular-route.min.js.map HTTP/1.1" 304 0 "http://localhost:7000/pdv/ext-users/" "Mozilla/5.0 (Macintosh; Intel Mac OS X 10_10_0) AppleWebKit/537.36 (KHTML, like Gecko) Chrome/37.0.2062.124 Safari/537.36"
172.17.42.1 - - [08/Oct/2014:09:32:56 +0000] "GET /pdv/remote/ws.rsp HTTP/1.1" 200 61 "-" "Go 1.1 package http"
10.0.2.2 - - [08/Oct/2014:09:32:56 +0000] "GET /pdv/ext-users/api/users HTTP/1.1" 200 370 "http://localhost:7000/pdv/ext-users/" "Mozilla/5.0 (Macintosh; Intel Mac OS X 10_10_0) AppleWebKit/537.36 (KHTML, like Gecko) Chrome/37.0.2062.124 Safari/537.36"
10.0.2.2 - - [08/Oct/2014:09:33:43 +0000] "GET /pdv/ext-users/ HTTP/1.1" 200 2678 "-" "Mozilla/5.0 (Macintosh; Intel Mac OS X 10_10_0) AppleWebKit/537.36 (KHTML, like Gecko) Chrome/37.0.2062.124 Safari/537.36"
10.0.2.2 - - [08/Oct/2014:09:33:43 +0000] "GET /pdv/ext-users/libs/angular.min.js HTTP/1.1" 200 107098 "http://localhost:7000/pdv/ext-users/" "Mozilla/5.0 (Macintosh; Intel Mac OS X 10_10_0) AppleWebKit/537.36 (KHTML, like Gecko) Chrome/37.0.2062.124 Safari/537.36"
10.0.2.2 - - [08/Oct/2014:09:33:43 +0000] "GET /pdv/ext-users/libs/angular-route.min.js HTTP/1.1" 200 3886 "http://localhost:7000/pdv/ext-users/" "Mozilla/5.0 (Macintosh; Intel Mac OS X 10_10_0) AppleWebKit/537.36 (KHTML, like Gecko) Chrome/37.0.2062.124 Safari/537.36"
10.0.2.2 - - [08/Oct/2014:09:33:43 +0000] "GET /pdv/ext-users/js/app.js HTTP/1.1" 200 36 "http://localhost:7000/pdv/ext-users/" "Mozilla/5.0 (Macintosh; Intel Mac OS X 10_10_0) AppleWebKit/537.36 (KHTML, like Gecko) Chrome/37.0.2062.124 Safari/537.36"
10.0.2.2 - - [08/Oct/2014:09:33:43 +0000] "GET /pdv/ext-users/js/controllers/users.js HTTP/1.1" 200 1714 "http://localhost:7000/pdv/ext-users/" "Mozilla/5.0 (Macintosh; Intel Mac OS X 10_10_0) AppleWebKit/537.36 (KHTML, like Gecko) Chrome/37.0.2062.124 Safari/537.36"
10.0.2.2 - - [08/Oct/2014:09:33:43 +0000] "GET /pdv/ext-users/api/roles HTTP/1.1" 200 338 "http://localhost:7000/pdv/ext-users/" "Mozilla/5.0 (Macintosh; Intel Mac OS X 10_10_0) AppleWebKit/537.36 (KHTML, like Gecko) Chrome/37.0.2062.124 Safari/537.36"
10.0.2.2 - - [08/Oct/2014:09:33:43 +0000] "GET /pdv/ext-users/libs/angular.min.js.map HTTP/1.1" 304 0 "http://localhost:7000/pdv/ext-users/" "Mozilla/5.0 (Macintosh; Intel Mac OS X 10_10_0) AppleWebKit/537.36 (KHTML, like Gecko) Chrome/37.0.2062.124 Safari/537.36"
10.0.2.2 - - [08/Oct/2014:09:33:43 +0000] "GET /pdv/ext-users/libs/angular-route.min.js.map HTTP/1.1" 304 0 "http://localhost:7000/pdv/ext-users/" "Mozilla/5.0 (Macintosh; Intel Mac OS X 10_10_0) AppleWebKit/537.36 (KHTML, like Gecko) Chrome/37.0.2062.124 Safari/537.36"
172.17.42.1 - - [08/Oct/2014:09:33:43 +0000] "GET /pdv/remote/ws.rsp HTTP/1.1" 200 61 "-" "Go 1.1 package http"
10.0.2.2 - - [08/Oct/2014:09:33:43 +0000] "GET /pdv/ext-users/api/users HTTP/1.1" 200 370 "http://localhost:7000/pdv/ext-users/" "Mozilla/5.0 (Macintosh; Intel Mac OS X 10_10_0) AppleWebKit/537.36 (KHTML, like Gecko) Chrome/37.0.2062.124 Safari/537.36"
10.0.2.2 - - [08/Oct/2014:09:33:50 +0000] "GET /pdv/ext-users/ HTTP/1.1" 200 2678 "-" "Mozilla/5.0 (Macintosh; Intel Mac OS X 10_10_0) AppleWebKit/537.36 (KHTML, like Gecko) Chrome/37.0.2062.124 Safari/537.36"
10.0.2.2 - - [08/Oct/2014:09:33:50 +0000] "GET /pdv/ext-users/libs/angular.min.js HTTP/1.1" 200 107098 "http://localhost:7000/pdv/ext-users/" "Mozilla/5.0 (Macintosh; Intel Mac OS X 10_10_0) AppleWebKit/537.36 (KHTML, like Gecko) Chrome/37.0.2062.124 Safari/537.36"
10.0.2.2 - - [08/Oct/2014:09:33:50 +0000] "GET /pdv/ext-users/js/app.js HTTP/1.1" 200 36 "http://localhost:7000/pdv/ext-users/" "Mozilla/5.0 (Macintosh; Intel Mac OS X 10_10_0) AppleWebKit/537.36 (KHTML, like Gecko) Chrome/37.0.2062.124 Safari/537.36"
10.0.2.2 - - [08/Oct/2014:09:33:50 +0000] "GET /pdv/ext-users/libs/angular-route.min.js HTTP/1.1" 200 3886 "http://localhost:7000/pdv/ext-users/" "Mozilla/5.0 (Macintosh; Intel Mac OS X 10_10_0) AppleWebKit/537.36 (KHTML, like Gecko) Chrome/37.0.2062.124 Safari/537.36"
10.0.2.2 - - [08/Oct/2014:09:33:50 +0000] "GET /pdv/ext-users/js/controllers/users.js HTTP/1.1" 200 1735 "http://localhost:7000/pdv/ext-users/" "Mozilla/5.0 (Macintosh; Intel Mac OS X 10_10_0) AppleWebKit/537.36 (KHTML, like Gecko) Chrome/37.0.2062.124 Safari/537.36"
10.0.2.2 - - [08/Oct/2014:09:33:50 +0000] "GET /pdv/ext-users/api/roles HTTP/1.1" 200 338 "http://localhost:7000/pdv/ext-users/" "Mozilla/5.0 (Macintosh; Intel Mac OS X 10_10_0) AppleWebKit/537.36 (KHTML, like Gecko) Chrome/37.0.2062.124 Safari/537.36"
10.0.2.2 - - [08/Oct/2014:09:33:50 +0000] "GET /pdv/ext-users/libs/angular.min.js.map HTTP/1.1" 304 0 "http://localhost:7000/pdv/ext-users/" "Mozilla/5.0 (Macintosh; Intel Mac OS X 10_10_0) AppleWebKit/537.36 (KHTML, like Gecko) Chrome/37.0.2062.124 Safari/537.36"
10.0.2.2 - - [08/Oct/2014:09:33:50 +0000] "GET /pdv/ext-users/libs/angular-route.min.js.map HTTP/1.1" 304 0 "http://localhost:7000/pdv/ext-users/" "Mozilla/5.0 (Macintosh; Intel Mac OS X 10_10_0) AppleWebKit/537.36 (KHTML, like Gecko) Chrome/37.0.2062.124 Safari/537.36"
172.17.42.1 - - [08/Oct/2014:09:33:50 +0000] "GET /pdv/remote/ws.rsp HTTP/1.1" 200 61 "-" "Go 1.1 package http"
10.0.2.2 - - [08/Oct/2014:09:33:50 +0000] "GET /pdv/ext-users/api/users HTTP/1.1" 200 370 "http://localhost:7000/pdv/ext-users/" "Mozilla/5.0 (Macintosh; Intel Mac OS X 10_10_0) AppleWebKit/537.36 (KHTML, like Gecko) Chrome/37.0.2062.124 Safari/537.36"
10.0.2.2 - - [08/Oct/2014:09:43:55 +0000] "GET /pdv/ext-users/ HTTP/1.1" 200 2770 "-" "Mozilla/5.0 (Macintosh; Intel Mac OS X 10_10_0) AppleWebKit/537.36 (KHTML, like Gecko) Chrome/37.0.2062.124 Safari/537.36"
10.0.2.2 - - [08/Oct/2014:09:43:55 +0000] "GET /pdv/ext-users/libs/angular.min.js HTTP/1.1" 200 107098 "http://localhost:7000/pdv/ext-users/" "Mozilla/5.0 (Macintosh; Intel Mac OS X 10_10_0) AppleWebKit/537.36 (KHTML, like Gecko) Chrome/37.0.2062.124 Safari/537.36"
10.0.2.2 - - [08/Oct/2014:09:43:55 +0000] "GET /pdv/ext-users/libs/angular-route.min.js HTTP/1.1" 200 3886 "http://localhost:7000/pdv/ext-users/" "Mozilla/5.0 (Macintosh; Intel Mac OS X 10_10_0) AppleWebKit/537.36 (KHTML, like Gecko) Chrome/37.0.2062.124 Safari/537.36"
10.0.2.2 - - [08/Oct/2014:09:43:55 +0000] "GET /pdv/ext-users/libs/lodash.min.js HTTP/1.1" 403 579 "http://localhost:7000/pdv/ext-users/" "Mozilla/5.0 (Macintosh; Intel Mac OS X 10_10_0) AppleWebKit/537.36 (KHTML, like Gecko) Chrome/37.0.2062.124 Safari/537.36"
10.0.2.2 - - [08/Oct/2014:09:43:55 +0000] "GET /pdv/ext-users/js/app.js HTTP/1.1" 200 36 "http://localhost:7000/pdv/ext-users/" "Mozilla/5.0 (Macintosh; Intel Mac OS X 10_10_0) AppleWebKit/537.36 (KHTML, like Gecko) Chrome/37.0.2062.124 Safari/537.36"
10.0.2.2 - - [08/Oct/2014:09:43:55 +0000] "GET /pdv/ext-users/libs/angular.min.js.map HTTP/1.1" 304 0 "http://localhost:7000/pdv/ext-users/" "Mozilla/5.0 (Macintosh; Intel Mac OS X 10_10_0) AppleWebKit/537.36 (KHTML, like Gecko) Chrome/37.0.2062.124 Safari/537.36"
10.0.2.2 - - [08/Oct/2014:09:43:55 +0000] "GET /pdv/ext-users/libs/angular-route.min.js.map HTTP/1.1" 304 0 "http://localhost:7000/pdv/ext-users/" "Mozilla/5.0 (Macintosh; Intel Mac OS X 10_10_0) AppleWebKit/537.36 (KHTML, like Gecko) Chrome/37.0.2062.124 Safari/537.36"
10.0.2.2 - - [08/Oct/2014:09:43:55 +0000] "GET /pdv/ext-users/js/controllers/users.js HTTP/1.1" 200 1735 "http://localhost:7000/pdv/ext-users/" "Mozilla/5.0 (Macintosh; Intel Mac OS X 10_10_0) AppleWebKit/537.36 (KHTML, like Gecko) Chrome/37.0.2062.124 Safari/537.36"
10.0.2.2 - - [08/Oct/2014:09:43:55 +0000] "GET /pdv/ext-users/api/roles HTTP/1.1" 200 338 "http://localhost:7000/pdv/ext-users/" "Mozilla/5.0 (Macintosh; Intel Mac OS X 10_10_0) AppleWebKit/537.36 (KHTML, like Gecko) Chrome/37.0.2062.124 Safari/537.36"
172.17.42.1 - - [08/Oct/2014:09:43:55 +0000] "GET /pdv/remote/ws.rsp HTTP/1.1" 200 61 "-" "Go 1.1 package http"
10.0.2.2 - - [08/Oct/2014:09:43:55 +0000] "GET /pdv/ext-users/api/users HTTP/1.1" 200 370 "http://localhost:7000/pdv/ext-users/" "Mozilla/5.0 (Macintosh; Intel Mac OS X 10_10_0) AppleWebKit/537.36 (KHTML, like Gecko) Chrome/37.0.2062.124 Safari/537.36"
10.0.2.2 - - [08/Oct/2014:09:46:07 +0000] "GET /pdv/ext-users/ HTTP/1.1" 200 2770 "-" "Mozilla/5.0 (Macintosh; Intel Mac OS X 10_10_0) AppleWebKit/537.36 (KHTML, like Gecko) Chrome/37.0.2062.124 Safari/537.36"
10.0.2.2 - - [08/Oct/2014:09:46:07 +0000] "GET /pdv/ext-users/libs/angular.min.js HTTP/1.1" 200 107098 "http://localhost:7000/pdv/ext-users/" "Mozilla/5.0 (Macintosh; Intel Mac OS X 10_10_0) AppleWebKit/537.36 (KHTML, like Gecko) Chrome/37.0.2062.124 Safari/537.36"
10.0.2.2 - - [08/Oct/2014:09:46:07 +0000] "GET /pdv/ext-users/libs/angular-route.min.js HTTP/1.1" 200 3886 "http://localhost:7000/pdv/ext-users/" "Mozilla/5.0 (Macintosh; Intel Mac OS X 10_10_0) AppleWebKit/537.36 (KHTML, like Gecko) Chrome/37.0.2062.124 Safari/537.36"
10.0.2.2 - - [08/Oct/2014:09:46:07 +0000] "GET /pdv/ext-users/libs/lodash.min.js HTTP/1.1" 403 579 "http://localhost:7000/pdv/ext-users/" "Mozilla/5.0 (Macintosh; Intel Mac OS X 10_10_0) AppleWebKit/537.36 (KHTML, like Gecko) Chrome/37.0.2062.124 Safari/537.36"
10.0.2.2 - - [08/Oct/2014:09:46:07 +0000] "GET /pdv/ext-users/js/app.js HTTP/1.1" 200 36 "http://localhost:7000/pdv/ext-users/" "Mozilla/5.0 (Macintosh; Intel Mac OS X 10_10_0) AppleWebKit/537.36 (KHTML, like Gecko) Chrome/37.0.2062.124 Safari/537.36"
10.0.2.2 - - [08/Oct/2014:09:46:07 +0000] "GET /pdv/ext-users/js/controllers/users.js HTTP/1.1" 200 1735 "http://localhost:7000/pdv/ext-users/" "Mozilla/5.0 (Macintosh; Intel Mac OS X 10_10_0) AppleWebKit/537.36 (KHTML, like Gecko) Chrome/37.0.2062.124 Safari/537.36"
10.0.2.2 - - [08/Oct/2014:09:46:07 +0000] "GET /pdv/ext-users/api/users HTTP/1.1" 502 583 "http://localhost:7000/pdv/ext-users/" "Mozilla/5.0 (Macintosh; Intel Mac OS X 10_10_0) AppleWebKit/537.36 (KHTML, like Gecko) Chrome/37.0.2062.124 Safari/537.36"
10.0.2.2 - - [08/Oct/2014:09:46:07 +0000] "GET /pdv/ext-users/api/roles HTTP/1.1" 502 583 "http://localhost:7000/pdv/ext-users/" "Mozilla/5.0 (Macintosh; Intel Mac OS X 10_10_0) AppleWebKit/537.36 (KHTML, like Gecko) Chrome/37.0.2062.124 Safari/537.36"
10.0.2.2 - - [08/Oct/2014:09:46:07 +0000] "GET /pdv/ext-users/libs/angular.min.js.map HTTP/1.1" 304 0 "http://localhost:7000/pdv/ext-users/" "Mozilla/5.0 (Macintosh; Intel Mac OS X 10_10_0) AppleWebKit/537.36 (KHTML, like Gecko) Chrome/37.0.2062.124 Safari/537.36"
10.0.2.2 - - [08/Oct/2014:09:46:07 +0000] "GET /pdv/ext-users/libs/angular-route.min.js.map HTTP/1.1" 304 0 "http://localhost:7000/pdv/ext-users/" "Mozilla/5.0 (Macintosh; Intel Mac OS X 10_10_0) AppleWebKit/537.36 (KHTML, like Gecko) Chrome/37.0.2062.124 Safari/537.36"
10.0.2.2 - - [08/Oct/2014:09:46:12 +0000] "GET /pdv HTTP/1.1" 301 5 "-" "Mozilla/5.0 (Macintosh; Intel Mac OS X 10_10_0) AppleWebKit/537.36 (KHTML, like Gecko) Chrome/37.0.2062.124 Safari/537.36"
10.0.2.2 - - [08/Oct/2014:09:46:12 +0000] "GET /pdv/ HTTP/1.1" 200 3953 "-" "Mozilla/5.0 (Macintosh; Intel Mac OS X 10_10_0) AppleWebKit/537.36 (KHTML, like Gecko) Chrome/37.0.2062.124 Safari/537.36"
10.0.2.2 - - [08/Oct/2014:09:46:18 +0000] "POST /pdv/ HTTP/1.1" 200 14710 "http://localhost:7000/pdv/" "Mozilla/5.0 (Macintosh; Intel Mac OS X 10_10_0) AppleWebKit/537.36 (KHTML, like Gecko) Chrome/37.0.2062.124 Safari/537.36"
10.0.2.2 - - [08/Oct/2014:09:46:20 +0000] "GET /pdv/ext-users/ HTTP/1.1" 304 0 "-" "Mozilla/5.0 (Macintosh; Intel Mac OS X 10_10_0) AppleWebKit/537.36 (KHTML, like Gecko) Chrome/37.0.2062.124 Safari/537.36"
10.0.2.2 - - [08/Oct/2014:09:46:20 +0000] "GET /pdv/ext-users/libs/lodash.min.js HTTP/1.1" 403 579 "http://localhost:7000/pdv/ext-users/" "Mozilla/5.0 (Macintosh; Intel Mac OS X 10_10_0) AppleWebKit/537.36 (KHTML, like Gecko) Chrome/37.0.2062.124 Safari/537.36"
10.0.2.2 - - [08/Oct/2014:09:46:20 +0000] "GET /pdv/ext-users/js/controllers/users.js HTTP/1.1" 304 0 "http://localhost:7000/pdv/ext-users/" "Mozilla/5.0 (Macintosh; Intel Mac OS X 10_10_0) AppleWebKit/537.36 (KHTML, like Gecko) Chrome/37.0.2062.124 Safari/537.36"
10.0.2.2 - - [08/Oct/2014:09:46:20 +0000] "GET /pdv/ext-users/api/roles HTTP/1.1" 200 338 "http://localhost:7000/pdv/ext-users/" "Mozilla/5.0 (Macintosh; Intel Mac OS X 10_10_0) AppleWebKit/537.36 (KHTML, like Gecko) Chrome/37.0.2062.124 Safari/537.36"
172.17.42.1 - - [08/Oct/2014:09:46:21 +0000] "GET /pdv/remote/ws.rsp HTTP/1.1" 200 61 "-" "Go 1.1 package http"
10.0.2.2 - - [08/Oct/2014:09:46:21 +0000] "GET /pdv/ext-users/api/users HTTP/1.1" 200 515 "http://localhost:7000/pdv/ext-users/" "Mozilla/5.0 (Macintosh; Intel Mac OS X 10_10_0) AppleWebKit/537.36 (KHTML, like Gecko) Chrome/37.0.2062.124 Safari/537.36"
10.0.2.2 - - [08/Oct/2014:09:46:27 +0000] "GET /pdv/ext-users/ HTTP/1.1" 304 0 "-" "Mozilla/5.0 (Macintosh; Intel Mac OS X 10_10_0) AppleWebKit/537.36 (KHTML, like Gecko) Chrome/37.0.2062.124 Safari/537.36"
10.0.2.2 - - [08/Oct/2014:09:46:27 +0000] "GET /pdv/ext-users/libs/lodash.min.js HTTP/1.1" 403 579 "http://localhost:7000/pdv/ext-users/" "Mozilla/5.0 (Macintosh; Intel Mac OS X 10_10_0) AppleWebKit/537.36 (KHTML, like Gecko) Chrome/37.0.2062.124 Safari/537.36"
10.0.2.2 - - [08/Oct/2014:09:46:27 +0000] "GET /pdv/ext-users/js/controllers/users.js HTTP/1.1" 304 0 "http://localhost:7000/pdv/ext-users/" "Mozilla/5.0 (Macintosh; Intel Mac OS X 10_10_0) AppleWebKit/537.36 (KHTML, like Gecko) Chrome/37.0.2062.124 Safari/537.36"
10.0.2.2 - - [08/Oct/2014:09:46:27 +0000] "GET /pdv/ext-users/api/roles HTTP/1.1" 200 338 "http://localhost:7000/pdv/ext-users/" "Mozilla/5.0 (Macintosh; Intel Mac OS X 10_10_0) AppleWebKit/537.36 (KHTML, like Gecko) Chrome/37.0.2062.124 Safari/537.36"
172.17.42.1 - - [08/Oct/2014:09:46:27 +0000] "GET /pdv/remote/ws.rsp HTTP/1.1" 200 61 "-" "Go 1.1 package http"
10.0.2.2 - - [08/Oct/2014:09:46:27 +0000] "GET /pdv/ext-users/api/users HTTP/1.1" 200 515 "http://localhost:7000/pdv/ext-users/" "Mozilla/5.0 (Macintosh; Intel Mac OS X 10_10_0) AppleWebKit/537.36 (KHTML, like Gecko) Chrome/37.0.2062.124 Safari/537.36"
10.0.2.2 - - [08/Oct/2014:09:46:27 +0000] "GET /pdv/ext-users/ HTTP/1.1" 304 0 "-" "Mozilla/5.0 (Macintosh; Intel Mac OS X 10_10_0) AppleWebKit/537.36 (KHTML, like Gecko) Chrome/37.0.2062.124 Safari/537.36"
10.0.2.2 - - [08/Oct/2014:09:46:27 +0000] "GET /pdv/ext-users/libs/lodash.min.js HTTP/1.1" 403 579 "http://localhost:7000/pdv/ext-users/" "Mozilla/5.0 (Macintosh; Intel Mac OS X 10_10_0) AppleWebKit/537.36 (KHTML, like Gecko) Chrome/37.0.2062.124 Safari/537.36"
10.0.2.2 - - [08/Oct/2014:09:46:27 +0000] "GET /pdv/ext-users/js/controllers/users.js HTTP/1.1" 304 0 "http://localhost:7000/pdv/ext-users/" "Mozilla/5.0 (Macintosh; Intel Mac OS X 10_10_0) AppleWebKit/537.36 (KHTML, like Gecko) Chrome/37.0.2062.124 Safari/537.36"
10.0.2.2 - - [08/Oct/2014:09:46:27 +0000] "GET /pdv/ext-users/api/roles HTTP/1.1" 200 338 "http://localhost:7000/pdv/ext-users/" "Mozilla/5.0 (Macintosh; Intel Mac OS X 10_10_0) AppleWebKit/537.36 (KHTML, like Gecko) Chrome/37.0.2062.124 Safari/537.36"
10.0.2.2 - - [08/Oct/2014:09:46:27 +0000] "GET /pdv/ext-users/libs/angular.min.js.map HTTP/1.1" 304 0 "http://localhost:7000/pdv/ext-users/" "Mozilla/5.0 (Macintosh; Intel Mac OS X 10_10_0) AppleWebKit/537.36 (KHTML, like Gecko) Chrome/37.0.2062.124 Safari/537.36"
10.0.2.2 - - [08/Oct/2014:09:46:27 +0000] "GET /pdv/ext-users/libs/angular-route.min.js.map HTTP/1.1" 304 0 "http://localhost:7000/pdv/ext-users/" "Mozilla/5.0 (Macintosh; Intel Mac OS X 10_10_0) AppleWebKit/537.36 (KHTML, like Gecko) Chrome/37.0.2062.124 Safari/537.36"
172.17.42.1 - - [08/Oct/2014:09:46:27 +0000] "GET /pdv/remote/ws.rsp HTTP/1.1" 200 61 "-" "Go 1.1 package http"
10.0.2.2 - - [08/Oct/2014:09:46:27 +0000] "GET /pdv/ext-users/api/users HTTP/1.1" 200 515 "http://localhost:7000/pdv/ext-users/" "Mozilla/5.0 (Macintosh; Intel Mac OS X 10_10_0) AppleWebKit/537.36 (KHTML, like Gecko) Chrome/37.0.2062.124 Safari/537.36"
10.0.2.2 - - [08/Oct/2014:09:49:29 +0000] "GET /pdv/ext-users/ HTTP/1.1" 200 2770 "-" "Mozilla/5.0 (Macintosh; Intel Mac OS X 10_10_0) AppleWebKit/537.36 (KHTML, like Gecko) Chrome/37.0.2062.124 Safari/537.36"
10.0.2.2 - - [08/Oct/2014:09:49:29 +0000] "GET /pdv/ext-users/libs/angular.min.js HTTP/1.1" 200 107098 "http://localhost:7000/pdv/ext-users/" "Mozilla/5.0 (Macintosh; Intel Mac OS X 10_10_0) AppleWebKit/537.36 (KHTML, like Gecko) Chrome/37.0.2062.124 Safari/537.36"
10.0.2.2 - - [08/Oct/2014:09:49:29 +0000] "GET /pdv/ext-users/libs/angular-route.min.js HTTP/1.1" 200 3886 "http://localhost:7000/pdv/ext-users/" "Mozilla/5.0 (Macintosh; Intel Mac OS X 10_10_0) AppleWebKit/537.36 (KHTML, like Gecko) Chrome/37.0.2062.124 Safari/537.36"
10.0.2.2 - - [08/Oct/2014:09:49:29 +0000] "GET /pdv/ext-users/libs/lodash.min.js HTTP/1.1" 200 28151 "http://localhost:7000/pdv/ext-users/" "Mozilla/5.0 (Macintosh; Intel Mac OS X 10_10_0) AppleWebKit/537.36 (KHTML, like Gecko) Chrome/37.0.2062.124 Safari/537.36"
10.0.2.2 - - [08/Oct/2014:09:49:29 +0000] "GET /pdv/ext-users/js/app.js HTTP/1.1" 200 36 "http://localhost:7000/pdv/ext-users/" "Mozilla/5.0 (Macintosh; Intel Mac OS X 10_10_0) AppleWebKit/537.36 (KHTML, like Gecko) Chrome/37.0.2062.124 Safari/537.36"
10.0.2.2 - - [08/Oct/2014:09:49:29 +0000] "GET /pdv/ext-users/js/controllers/users.js HTTP/1.1" 200 1735 "http://localhost:7000/pdv/ext-users/" "Mozilla/5.0 (Macintosh; Intel Mac OS X 10_10_0) AppleWebKit/537.36 (KHTML, like Gecko) Chrome/37.0.2062.124 Safari/537.36"
10.0.2.2 - - [08/Oct/2014:09:49:29 +0000] "GET /pdv/ext-users/api/roles HTTP/1.1" 200 338 "http://localhost:7000/pdv/ext-users/" "Mozilla/5.0 (Macintosh; Intel Mac OS X 10_10_0) AppleWebKit/537.36 (KHTML, like Gecko) Chrome/37.0.2062.124 Safari/537.36"
10.0.2.2 - - [08/Oct/2014:09:49:29 +0000] "GET /pdv/ext-users/libs/angular.min.js.map HTTP/1.1" 304 0 "http://localhost:7000/pdv/ext-users/" "Mozilla/5.0 (Macintosh; Intel Mac OS X 10_10_0) AppleWebKit/537.36 (KHTML, like Gecko) Chrome/37.0.2062.124 Safari/537.36"
10.0.2.2 - - [08/Oct/2014:09:49:29 +0000] "GET /pdv/ext-users/libs/angular-route.min.js.map HTTP/1.1" 304 0 "http://localhost:7000/pdv/ext-users/" "Mozilla/5.0 (Macintosh; Intel Mac OS X 10_10_0) AppleWebKit/537.36 (KHTML, like Gecko) Chrome/37.0.2062.124 Safari/537.36"
172.17.42.1 - - [08/Oct/2014:09:49:29 +0000] "GET /pdv/remote/ws.rsp HTTP/1.1" 200 61 "-" "Go 1.1 package http"
10.0.2.2 - - [08/Oct/2014:09:49:29 +0000] "GET /pdv/ext-users/api/users HTTP/1.1" 200 515 "http://localhost:7000/pdv/ext-users/" "Mozilla/5.0 (Macintosh; Intel Mac OS X 10_10_0) AppleWebKit/537.36 (KHTML, like Gecko) Chrome/37.0.2062.124 Safari/537.36"
10.0.2.2 - - [08/Oct/2014:09:50:24 +0000] "GET /pdv/ext-users/ HTTP/1.1" 200 2770 "-" "Mozilla/5.0 (Macintosh; Intel Mac OS X 10_10_0) AppleWebKit/537.36 (KHTML, like Gecko) Chrome/37.0.2062.124 Safari/537.36"
10.0.2.2 - - [08/Oct/2014:09:50:24 +0000] "GET /pdv/ext-users/libs/angular.min.js HTTP/1.1" 200 107098 "http://localhost:7000/pdv/ext-users/" "Mozilla/5.0 (Macintosh; Intel Mac OS X 10_10_0) AppleWebKit/537.36 (KHTML, like Gecko) Chrome/37.0.2062.124 Safari/537.36"
10.0.2.2 - - [08/Oct/2014:09:50:24 +0000] "GET /pdv/ext-users/libs/angular-route.min.js HTTP/1.1" 200 3886 "http://localhost:7000/pdv/ext-users/" "Mozilla/5.0 (Macintosh; Intel Mac OS X 10_10_0) AppleWebKit/537.36 (KHTML, like Gecko) Chrome/37.0.2062.124 Safari/537.36"
10.0.2.2 - - [08/Oct/2014:09:50:24 +0000] "GET /pdv/ext-users/libs/lodash.min.js HTTP/1.1" 200 28151 "http://localhost:7000/pdv/ext-users/" "Mozilla/5.0 (Macintosh; Intel Mac OS X 10_10_0) AppleWebKit/537.36 (KHTML, like Gecko) Chrome/37.0.2062.124 Safari/537.36"
10.0.2.2 - - [08/Oct/2014:09:50:24 +0000] "GET /pdv/ext-users/js/app.js HTTP/1.1" 200 36 "http://localhost:7000/pdv/ext-users/" "Mozilla/5.0 (Macintosh; Intel Mac OS X 10_10_0) AppleWebKit/537.36 (KHTML, like Gecko) Chrome/37.0.2062.124 Safari/537.36"
10.0.2.2 - - [08/Oct/2014:09:50:24 +0000] "GET /pdv/ext-users/js/controllers/users.js HTTP/1.1" 200 1811 "http://localhost:7000/pdv/ext-users/" "Mozilla/5.0 (Macintosh; Intel Mac OS X 10_10_0) AppleWebKit/537.36 (KHTML, like Gecko) Chrome/37.0.2062.124 Safari/537.36"
10.0.2.2 - - [08/Oct/2014:09:50:24 +0000] "GET /pdv/ext-users/api/roles HTTP/1.1" 200 338 "http://localhost:7000/pdv/ext-users/" "Mozilla/5.0 (Macintosh; Intel Mac OS X 10_10_0) AppleWebKit/537.36 (KHTML, like Gecko) Chrome/37.0.2062.124 Safari/537.36"
10.0.2.2 - - [08/Oct/2014:09:50:24 +0000] "GET /pdv/ext-users/libs/angular.min.js.map HTTP/1.1" 304 0 "http://localhost:7000/pdv/ext-users/" "Mozilla/5.0 (Macintosh; Intel Mac OS X 10_10_0) AppleWebKit/537.36 (KHTML, like Gecko) Chrome/37.0.2062.124 Safari/537.36"
10.0.2.2 - - [08/Oct/2014:09:50:24 +0000] "GET /pdv/ext-users/libs/angular-route.min.js.map HTTP/1.1" 304 0 "http://localhost:7000/pdv/ext-users/" "Mozilla/5.0 (Macintosh; Intel Mac OS X 10_10_0) AppleWebKit/537.36 (KHTML, like Gecko) Chrome/37.0.2062.124 Safari/537.36"
172.17.42.1 - - [08/Oct/2014:09:50:24 +0000] "GET /pdv/remote/ws.rsp HTTP/1.1" 200 61 "-" "Go 1.1 package http"
10.0.2.2 - - [08/Oct/2014:09:50:24 +0000] "GET /pdv/ext-users/api/users HTTP/1.1" 200 515 "http://localhost:7000/pdv/ext-users/" "Mozilla/5.0 (Macintosh; Intel Mac OS X 10_10_0) AppleWebKit/537.36 (KHTML, like Gecko) Chrome/37.0.2062.124 Safari/537.36"
10.0.2.2 - - [08/Oct/2014:09:51:24 +0000] "GET /pdv/ext-users/libs/angular.min.js.map HTTP/1.1" 304 0 "http://localhost:7000/pdv/ext-users/" "Mozilla/5.0 (Macintosh; Intel Mac OS X 10_10_0) AppleWebKit/537.36 (KHTML, like Gecko) Chrome/37.0.2062.124 Safari/537.36"
10.0.2.2 - - [08/Oct/2014:09:51:24 +0000] "GET /pdv/ext-users/libs/angular-route.min.js.map HTTP/1.1" 304 0 "http://localhost:7000/pdv/ext-users/" "Mozilla/5.0 (Macintosh; Intel Mac OS X 10_10_0) AppleWebKit/537.36 (KHTML, like Gecko) Chrome/37.0.2062.124 Safari/537.36"
10.0.2.2 - - [08/Oct/2014:10:07:24 +0000] "GET /pdv/ext-users/ HTTP/1.1" 200 2770 "-" "Mozilla/5.0 (Macintosh; Intel Mac OS X 10_10_0) AppleWebKit/537.36 (KHTML, like Gecko) Chrome/37.0.2062.124 Safari/537.36"
10.0.2.2 - - [08/Oct/2014:10:07:24 +0000] "GET /pdv/ext-users/libs/angular.min.js HTTP/1.1" 200 107098 "http://localhost:7000/pdv/ext-users/" "Mozilla/5.0 (Macintosh; Intel Mac OS X 10_10_0) AppleWebKit/537.36 (KHTML, like Gecko) Chrome/37.0.2062.124 Safari/537.36"
10.0.2.2 - - [08/Oct/2014:10:07:24 +0000] "GET /pdv/ext-users/libs/angular-route.min.js HTTP/1.1" 200 3886 "http://localhost:7000/pdv/ext-users/" "Mozilla/5.0 (Macintosh; Intel Mac OS X 10_10_0) AppleWebKit/537.36 (KHTML, like Gecko) Chrome/37.0.2062.124 Safari/537.36"
10.0.2.2 - - [08/Oct/2014:10:07:24 +0000] "GET /pdv/ext-users/libs/lodash.min.js HTTP/1.1" 200 28151 "http://localhost:7000/pdv/ext-users/" "Mozilla/5.0 (Macintosh; Intel Mac OS X 10_10_0) AppleWebKit/537.36 (KHTML, like Gecko) Chrome/37.0.2062.124 Safari/537.36"
10.0.2.2 - - [08/Oct/2014:10:07:24 +0000] "GET /pdv/ext-users/js/app.js HTTP/1.1" 200 36 "http://localhost:7000/pdv/ext-users/" "Mozilla/5.0 (Macintosh; Intel Mac OS X 10_10_0) AppleWebKit/537.36 (KHTML, like Gecko) Chrome/37.0.2062.124 Safari/537.36"
10.0.2.2 - - [08/Oct/2014:10:07:24 +0000] "GET /pdv/ext-users/js/controllers/users.js HTTP/1.1" 200 1661 "http://localhost:7000/pdv/ext-users/" "Mozilla/5.0 (Macintosh; Intel Mac OS X 10_10_0) AppleWebKit/537.36 (KHTML, like Gecko) Chrome/37.0.2062.124 Safari/537.36"
10.0.2.2 - - [08/Oct/2014:10:07:24 +0000] "GET /pdv/ext-users/libs/angular.min.js.map HTTP/1.1" 304 0 "http://localhost:7000/pdv/ext-users/" "Mozilla/5.0 (Macintosh; Intel Mac OS X 10_10_0) AppleWebKit/537.36 (KHTML, like Gecko) Chrome/37.0.2062.124 Safari/537.36"
10.0.2.2 - - [08/Oct/2014:10:07:24 +0000] "GET /pdv/ext-users/libs/angular-route.min.js.map HTTP/1.1" 304 0 "http://localhost:7000/pdv/ext-users/" "Mozilla/5.0 (Macintosh; Intel Mac OS X 10_10_0) AppleWebKit/537.36 (KHTML, like Gecko) Chrome/37.0.2062.124 Safari/537.36"
10.0.2.2 - - [08/Oct/2014:10:07:24 +0000] "GET /pdv/ext-users/api/roles HTTP/1.1" 200 338 "http://localhost:7000/pdv/ext-users/" "Mozilla/5.0 (Macintosh; Intel Mac OS X 10_10_0) AppleWebKit/537.36 (KHTML, like Gecko) Chrome/37.0.2062.124 Safari/537.36"
172.17.42.1 - - [08/Oct/2014:10:07:24 +0000] "GET /pdv/remote/ws.rsp HTTP/1.1" 200 61 "-" "Go 1.1 package http"
10.0.2.2 - - [08/Oct/2014:10:07:24 +0000] "GET /pdv/ext-users/api/users HTTP/1.1" 200 515 "http://localhost:7000/pdv/ext-users/" "Mozilla/5.0 (Macintosh; Intel Mac OS X 10_10_0) AppleWebKit/537.36 (KHTML, like Gecko) Chrome/37.0.2062.124 Safari/537.36"
172.17.42.1 - - [08/Oct/2014:10:07:28 +0000] "GET /pdv/remote/ws.rsp HTTP/1.1" 200 61 "-" "Go 1.1 package http"
10.0.2.2 - - [08/Oct/2014:10:07:28 +0000] "DELETE /pdv/ext-users/api/users/428 HTTP/1.1" 200 7 "http://localhost:7000/pdv/ext-users/" "Mozilla/5.0 (Macintosh; Intel Mac OS X 10_10_0) AppleWebKit/537.36 (KHTML, like Gecko) Chrome/37.0.2062.124 Safari/537.36"
10.0.2.2 - - [08/Oct/2014:10:07:30 +0000] "GET /pdv/ext-users/ HTTP/1.1" 200 2770 "-" "Mozilla/5.0 (Macintosh; Intel Mac OS X 10_10_0) AppleWebKit/537.36 (KHTML, like Gecko) Chrome/37.0.2062.124 Safari/537.36"
10.0.2.2 - - [08/Oct/2014:10:07:30 +0000] "GET /pdv/ext-users/libs/angular.min.js HTTP/1.1" 200 107098 "http://localhost:7000/pdv/ext-users/" "Mozilla/5.0 (Macintosh; Intel Mac OS X 10_10_0) AppleWebKit/537.36 (KHTML, like Gecko) Chrome/37.0.2062.124 Safari/537.36"
10.0.2.2 - - [08/Oct/2014:10:07:30 +0000] "GET /pdv/ext-users/libs/angular-route.min.js HTTP/1.1" 200 3886 "http://localhost:7000/pdv/ext-users/" "Mozilla/5.0 (Macintosh; Intel Mac OS X 10_10_0) AppleWebKit/537.36 (KHTML, like Gecko) Chrome/37.0.2062.124 Safari/537.36"
10.0.2.2 - - [08/Oct/2014:10:07:30 +0000] "GET /pdv/ext-users/libs/lodash.min.js HTTP/1.1" 200 28151 "http://localhost:7000/pdv/ext-users/" "Mozilla/5.0 (Macintosh; Intel Mac OS X 10_10_0) AppleWebKit/537.36 (KHTML, like Gecko) Chrome/37.0.2062.124 Safari/537.36"
10.0.2.2 - - [08/Oct/2014:10:07:30 +0000] "GET /pdv/ext-users/js/app.js HTTP/1.1" 200 36 "http://localhost:7000/pdv/ext-users/" "Mozilla/5.0 (Macintosh; Intel Mac OS X 10_10_0) AppleWebKit/537.36 (KHTML, like Gecko) Chrome/37.0.2062.124 Safari/537.36"
10.0.2.2 - - [08/Oct/2014:10:07:30 +0000] "GET /pdv/ext-users/js/controllers/users.js HTTP/1.1" 200 1661 "http://localhost:7000/pdv/ext-users/" "Mozilla/5.0 (Macintosh; Intel Mac OS X 10_10_0) AppleWebKit/537.36 (KHTML, like Gecko) Chrome/37.0.2062.124 Safari/537.36"
10.0.2.2 - - [08/Oct/2014:10:07:30 +0000] "GET /pdv/ext-users/api/roles HTTP/1.1" 200 338 "http://localhost:7000/pdv/ext-users/" "Mozilla/5.0 (Macintosh; Intel Mac OS X 10_10_0) AppleWebKit/537.36 (KHTML, like Gecko) Chrome/37.0.2062.124 Safari/537.36"
10.0.2.2 - - [08/Oct/2014:10:07:30 +0000] "GET /pdv/ext-users/libs/angular.min.js.map HTTP/1.1" 304 0 "http://localhost:7000/pdv/ext-users/" "Mozilla/5.0 (Macintosh; Intel Mac OS X 10_10_0) AppleWebKit/537.36 (KHTML, like Gecko) Chrome/37.0.2062.124 Safari/537.36"
10.0.2.2 - - [08/Oct/2014:10:07:30 +0000] "GET /pdv/ext-users/libs/angular-route.min.js.map HTTP/1.1" 304 0 "http://localhost:7000/pdv/ext-users/" "Mozilla/5.0 (Macintosh; Intel Mac OS X 10_10_0) AppleWebKit/537.36 (KHTML, like Gecko) Chrome/37.0.2062.124 Safari/537.36"
172.17.42.1 - - [08/Oct/2014:10:07:30 +0000] "GET /pdv/remote/ws.rsp HTTP/1.1" 200 61 "-" "Go 1.1 package http"
10.0.2.2 - - [08/Oct/2014:10:07:30 +0000] "GET /pdv/ext-users/api/users HTTP/1.1" 200 442 "http://localhost:7000/pdv/ext-users/" "Mozilla/5.0 (Macintosh; Intel Mac OS X 10_10_0) AppleWebKit/537.36 (KHTML, like Gecko) Chrome/37.0.2062.124 Safari/537.36"
10.0.2.2 - - [08/Oct/2014:10:08:05 +0000] "GET /pdv/ext-users/ HTTP/1.1" 200 2770 "-" "Mozilla/5.0 (Macintosh; Intel Mac OS X 10_10_0) AppleWebKit/537.36 (KHTML, like Gecko) Chrome/37.0.2062.124 Safari/537.36"
10.0.2.2 - - [08/Oct/2014:10:08:05 +0000] "GET /pdv/ext-users/libs/angular.min.js HTTP/1.1" 200 107098 "http://localhost:7000/pdv/ext-users/" "Mozilla/5.0 (Macintosh; Intel Mac OS X 10_10_0) AppleWebKit/537.36 (KHTML, like Gecko) Chrome/37.0.2062.124 Safari/537.36"
10.0.2.2 - - [08/Oct/2014:10:08:05 +0000] "GET /pdv/ext-users/libs/angular-route.min.js HTTP/1.1" 200 3886 "http://localhost:7000/pdv/ext-users/" "Mozilla/5.0 (Macintosh; Intel Mac OS X 10_10_0) AppleWebKit/537.36 (KHTML, like Gecko) Chrome/37.0.2062.124 Safari/537.36"
10.0.2.2 - - [08/Oct/2014:10:08:05 +0000] "GET /pdv/ext-users/libs/lodash.min.js HTTP/1.1" 200 28151 "http://localhost:7000/pdv/ext-users/" "Mozilla/5.0 (Macintosh; Intel Mac OS X 10_10_0) AppleWebKit/537.36 (KHTML, like Gecko) Chrome/37.0.2062.124 Safari/537.36"
10.0.2.2 - - [08/Oct/2014:10:08:05 +0000] "GET /pdv/ext-users/js/app.js HTTP/1.1" 200 36 "http://localhost:7000/pdv/ext-users/" "Mozilla/5.0 (Macintosh; Intel Mac OS X 10_10_0) AppleWebKit/537.36 (KHTML, like Gecko) Chrome/37.0.2062.124 Safari/537.36"
10.0.2.2 - - [08/Oct/2014:10:08:05 +0000] "GET /pdv/ext-users/js/controllers/users.js HTTP/1.1" 200 1661 "http://localhost:7000/pdv/ext-users/" "Mozilla/5.0 (Macintosh; Intel Mac OS X 10_10_0) AppleWebKit/537.36 (KHTML, like Gecko) Chrome/37.0.2062.124 Safari/537.36"
10.0.2.2 - - [08/Oct/2014:10:08:05 +0000] "GET /pdv/ext-users/api/roles HTTP/1.1" 200 338 "http://localhost:7000/pdv/ext-users/" "Mozilla/5.0 (Macintosh; Intel Mac OS X 10_10_0) AppleWebKit/537.36 (KHTML, like Gecko) Chrome/37.0.2062.124 Safari/537.36"
10.0.2.2 - - [08/Oct/2014:10:08:05 +0000] "GET /pdv/ext-users/libs/angular.min.js.map HTTP/1.1" 304 0 "http://localhost:7000/pdv/ext-users/" "Mozilla/5.0 (Macintosh; Intel Mac OS X 10_10_0) AppleWebKit/537.36 (KHTML, like Gecko) Chrome/37.0.2062.124 Safari/537.36"
10.0.2.2 - - [08/Oct/2014:10:08:05 +0000] "GET /pdv/ext-users/libs/angular-route.min.js.map HTTP/1.1" 304 0 "http://localhost:7000/pdv/ext-users/" "Mozilla/5.0 (Macintosh; Intel Mac OS X 10_10_0) AppleWebKit/537.36 (KHTML, like Gecko) Chrome/37.0.2062.124 Safari/537.36"
172.17.42.1 - - [08/Oct/2014:10:08:05 +0000] "GET /pdv/remote/ws.rsp HTTP/1.1" 200 61 "-" "Go 1.1 package http"
10.0.2.2 - - [08/Oct/2014:10:08:05 +0000] "GET /pdv/ext-users/api/users HTTP/1.1" 200 442 "http://localhost:7000/pdv/ext-users/" "Mozilla/5.0 (Macintosh; Intel Mac OS X 10_10_0) AppleWebKit/537.36 (KHTML, like Gecko) Chrome/37.0.2062.124 Safari/537.36"
172.17.42.1 - - [08/Oct/2014:10:08:11 +0000] "GET /pdv/remote/ws.rsp HTTP/1.1" 200 61 "-" "Go 1.1 package http"
10.0.2.2 - - [08/Oct/2014:10:08:11 +0000] "DELETE /pdv/ext-users/api/users/2241 HTTP/1.1" 200 7 "http://localhost:7000/pdv/ext-users/" "Mozilla/5.0 (Macintosh; Intel Mac OS X 10_10_0) AppleWebKit/537.36 (KHTML, like Gecko) Chrome/37.0.2062.124 Safari/537.36"
172.17.42.1 - - [08/Oct/2014:10:08:14 +0000] "GET /pdv/remote/ws.rsp HTTP/1.1" 200 61 "-" "Go 1.1 package http"
10.0.2.2 - - [08/Oct/2014:10:08:14 +0000] "DELETE /pdv/ext-users/api/users/2241 HTTP/1.1" 200 7 "http://localhost:7000/pdv/ext-users/" "Mozilla/5.0 (Macintosh; Intel Mac OS X 10_10_0) AppleWebKit/537.36 (KHTML, like Gecko) Chrome/37.0.2062.124 Safari/537.36"
172.17.42.1 - - [08/Oct/2014:10:08:16 +0000] "GET /pdv/remote/ws.rsp HTTP/1.1" 200 61 "-" "Go 1.1 package http"
10.0.2.2 - - [08/Oct/2014:10:08:16 +0000] "DELETE /pdv/ext-users/api/users/2241 HTTP/1.1" 200 7 "http://localhost:7000/pdv/ext-users/" "Mozilla/5.0 (Macintosh; Intel Mac OS X 10_10_0) AppleWebKit/537.36 (KHTML, like Gecko) Chrome/37.0.2062.124 Safari/537.36"
10.0.2.2 - - [08/Oct/2014:10:08:45 +0000] "GET /pdv/ext-users/ HTTP/1.1" 200 2770 "-" "Mozilla/5.0 (Macintosh; Intel Mac OS X 10_10_0) AppleWebKit/537.36 (KHTML, like Gecko) Chrome/37.0.2062.124 Safari/537.36"
